Archive member included because of file (symbol)

d:/microsemi/softconsole_v4.0/softconsole_v4.0/arm-none-eabi-gcc/bin/../lib/gcc/arm-none-eabi/4.9.3/../../../../arm-none-eabi/lib/armv7-m\libg_nano.a(lib_a-errno.o)
                              ./CMSIS/startup_gcc/newlib_stubs.o (__errno)
d:/microsemi/softconsole_v4.0/softconsole_v4.0/arm-none-eabi-gcc/bin/../lib/gcc/arm-none-eabi/4.9.3/../../../../arm-none-eabi/lib/armv7-m\libg_nano.a(lib_a-exit.o)
                              d:/microsemi/softconsole_v4.0/softconsole_v4.0/arm-none-eabi-gcc/bin/../lib/gcc/arm-none-eabi/4.9.3/../../../../arm-none-eabi/lib/armv7-m/crt0.o (exit)
d:/microsemi/softconsole_v4.0/softconsole_v4.0/arm-none-eabi-gcc/bin/../lib/gcc/arm-none-eabi/4.9.3/../../../../arm-none-eabi/lib/armv7-m\libg_nano.a(lib_a-impure.o)
                              d:/microsemi/softconsole_v4.0/softconsole_v4.0/arm-none-eabi-gcc/bin/../lib/gcc/arm-none-eabi/4.9.3/../../../../arm-none-eabi/lib/armv7-m\libg_nano.a(lib_a-exit.o) (_global_impure_ptr)
d:/microsemi/softconsole_v4.0/softconsole_v4.0/arm-none-eabi-gcc/bin/../lib/gcc/arm-none-eabi/4.9.3/../../../../arm-none-eabi/lib/armv7-m\libg_nano.a(lib_a-init.o)
                              d:/microsemi/softconsole_v4.0/softconsole_v4.0/arm-none-eabi-gcc/bin/../lib/gcc/arm-none-eabi/4.9.3/../../../../arm-none-eabi/lib/armv7-m/crt0.o (__libc_init_array)
d:/microsemi/softconsole_v4.0/softconsole_v4.0/arm-none-eabi-gcc/bin/../lib/gcc/arm-none-eabi/4.9.3/../../../../arm-none-eabi/lib/armv7-m\libg_nano.a(lib_a-memcpy.o)
                              ./drivers/mss_sys_services/mss_sys_services.o (memcpy)
d:/microsemi/softconsole_v4.0/softconsole_v4.0/arm-none-eabi-gcc/bin/../lib/gcc/arm-none-eabi/4.9.3/../../../../arm-none-eabi/lib/armv7-m\libg_nano.a(lib_a-memset.o)
                              d:/microsemi/softconsole_v4.0/softconsole_v4.0/arm-none-eabi-gcc/bin/../lib/gcc/arm-none-eabi/4.9.3/../../../../arm-none-eabi/lib/armv7-m/crt0.o (memset)

Allocating common symbols
Common symbol       size              file

g_mss_uart1         0x40              ./drivers/mss_uart/mss_uart.o
g_mss_uart0         0x40              ./drivers/mss_uart/mss_uart.o

Discarded input sections

 .text          0x00000000        0x0 d:/microsemi/softconsole_v4.0/softconsole_v4.0/arm-none-eabi-gcc/bin/../lib/gcc/arm-none-eabi/4.9.3/armv7-m/crti.o
 .data          0x00000000        0x0 d:/microsemi/softconsole_v4.0/softconsole_v4.0/arm-none-eabi-gcc/bin/../lib/gcc/arm-none-eabi/4.9.3/armv7-m/crti.o
 .bss           0x00000000        0x0 d:/microsemi/softconsole_v4.0/softconsole_v4.0/arm-none-eabi-gcc/bin/../lib/gcc/arm-none-eabi/4.9.3/armv7-m/crti.o
 .data          0x00000000        0x4 d:/microsemi/softconsole_v4.0/softconsole_v4.0/arm-none-eabi-gcc/bin/../lib/gcc/arm-none-eabi/4.9.3/armv7-m/crtbegin.o
 .data          0x00000000        0x0 d:/microsemi/softconsole_v4.0/softconsole_v4.0/arm-none-eabi-gcc/bin/../lib/gcc/arm-none-eabi/4.9.3/../../../../arm-none-eabi/lib/armv7-m/crt0.o
 .bss           0x00000000        0x0 d:/microsemi/softconsole_v4.0/softconsole_v4.0/arm-none-eabi-gcc/bin/../lib/gcc/arm-none-eabi/4.9.3/../../../../arm-none-eabi/lib/armv7-m/crt0.o
 .ARM.extab     0x00000000        0x0 d:/microsemi/softconsole_v4.0/softconsole_v4.0/arm-none-eabi-gcc/bin/../lib/gcc/arm-none-eabi/4.9.3/../../../../arm-none-eabi/lib/armv7-m/crt0.o
 .text          0x00000000        0xe ./hal/CortexM3/GNU/hal.o
 .data          0x00000000        0x0 ./hal/CortexM3/GNU/hal.o
 .bss           0x00000000        0x0 ./hal/CortexM3/GNU/hal.o
 .text          0x00000000       0x90 ./hal/CortexM3/GNU/hw_reg_access.o
 .data          0x00000000        0x0 ./hal/CortexM3/GNU/hw_reg_access.o
 .bss           0x00000000        0x0 ./hal/CortexM3/GNU/hw_reg_access.o
 .group         0x00000000        0x8 ./hal/CortexM3/cortex_nvic.o
 .group         0x00000000        0x8 ./hal/CortexM3/cortex_nvic.o
 .group         0x00000000        0x8 ./hal/CortexM3/cortex_nvic.o
 .group         0x00000000        0x8 ./hal/CortexM3/cortex_nvic.o
 .group         0x00000000        0x8 ./hal/CortexM3/cortex_nvic.o
 .group         0x00000000        0x8 ./hal/CortexM3/cortex_nvic.o
 .group         0x00000000        0x8 ./hal/CortexM3/cortex_nvic.o
 .group         0x00000000        0x8 ./hal/CortexM3/cortex_nvic.o
 .group         0x00000000        0x8 ./hal/CortexM3/cortex_nvic.o
 .group         0x00000000        0x8 ./hal/CortexM3/cortex_nvic.o
 .text          0x00000000        0x0 ./hal/CortexM3/cortex_nvic.o
 .data          0x00000000        0x0 ./hal/CortexM3/cortex_nvic.o
 .bss           0x00000000        0x0 ./hal/CortexM3/cortex_nvic.o
 .text.NVIC_init
                0x00000000       0x10 ./hal/CortexM3/cortex_nvic.o
 .text.NVIC_set_handler
                0x00000000       0x18 ./hal/CortexM3/cortex_nvic.o
 .text.NVIC_set_priority
                0x00000000       0x18 ./hal/CortexM3/cortex_nvic.o
 .text.NVIC_enable_interrupt
                0x00000000       0x14 ./hal/CortexM3/cortex_nvic.o
 .text.NVIC_disable_interrupt
                0x00000000       0x14 ./hal/CortexM3/cortex_nvic.o
 .text.NVIC_clear_interrupt
                0x00000000       0x14 ./hal/CortexM3/cortex_nvic.o
 .group         0x00000000        0x8 ./drivers_config/sys_config/sys_config.o
 .group         0x00000000        0x8 ./drivers_config/sys_config/sys_config.o
 .group         0x00000000        0x8 ./drivers_config/sys_config/sys_config.o
 .group         0x00000000        0x8 ./drivers_config/sys_config/sys_config.o
 .group         0x00000000        0x8 ./drivers_config/sys_config/sys_config.o
 .group         0x00000000        0x8 ./drivers_config/sys_config/sys_config.o
 .group         0x00000000        0x8 ./drivers_config/sys_config/sys_config.o
 .group         0x00000000        0x8 ./drivers_config/sys_config/sys_config.o
 .group         0x00000000        0x8 ./drivers_config/sys_config/sys_config.o
 .group         0x00000000        0x8 ./drivers_config/sys_config/sys_config.o
 .group         0x00000000        0x8 ./drivers_config/sys_config/sys_config.o
 .group         0x00000000        0x8 ./drivers_config/sys_config/sys_config.o
 .group         0x00000000        0x8 ./drivers_config/sys_config/sys_config.o
 .text          0x00000000        0x0 ./drivers_config/sys_config/sys_config.o
 .data          0x00000000        0x0 ./drivers_config/sys_config/sys_config.o
 .bss           0x00000000        0x0 ./drivers_config/sys_config/sys_config.o
 .debug_macro   0x00000000      0x862 ./drivers_config/sys_config/sys_config.o
 .debug_macro   0x00000000       0x22 ./drivers_config/sys_config/sys_config.o
 .debug_macro   0x00000000       0x44 ./drivers_config/sys_config/sys_config.o
 .debug_macro   0x00000000       0x58 ./drivers_config/sys_config/sys_config.o
 .debug_macro   0x00000000       0x22 ./drivers_config/sys_config/sys_config.o
 .debug_macro   0x00000000      0x1df ./drivers_config/sys_config/sys_config.o
 .group         0x00000000        0x8 ./drivers/mss_uart/mss_uart.o
 .group         0x00000000        0x8 ./drivers/mss_uart/mss_uart.o
 .group         0x00000000        0x8 ./drivers/mss_uart/mss_uart.o
 .group         0x00000000        0x8 ./drivers/mss_uart/mss_uart.o
 .group         0x00000000        0x8 ./drivers/mss_uart/mss_uart.o
 .group         0x00000000        0x8 ./drivers/mss_uart/mss_uart.o
 .group         0x00000000        0x8 ./drivers/mss_uart/mss_uart.o
 .group         0x00000000        0x8 ./drivers/mss_uart/mss_uart.o
 .group         0x00000000        0x8 ./drivers/mss_uart/mss_uart.o
 .group         0x00000000        0x8 ./drivers/mss_uart/mss_uart.o
 .group         0x00000000        0x8 ./drivers/mss_uart/mss_uart.o
 .group         0x00000000        0x8 ./drivers/mss_uart/mss_uart.o
 .group         0x00000000        0x8 ./drivers/mss_uart/mss_uart.o
 .group         0x00000000        0x8 ./drivers/mss_uart/mss_uart.o
 .group         0x00000000        0x8 ./drivers/mss_uart/mss_uart.o
 .group         0x00000000        0x8 ./drivers/mss_uart/mss_uart.o
 .group         0x00000000        0x8 ./drivers/mss_uart/mss_uart.o
 .group         0x00000000        0x8 ./drivers/mss_uart/mss_uart.o
 .group         0x00000000        0x8 ./drivers/mss_uart/mss_uart.o
 .text          0x00000000        0x0 ./drivers/mss_uart/mss_uart.o
 .data          0x00000000        0x0 ./drivers/mss_uart/mss_uart.o
 .bss           0x00000000        0x0 ./drivers/mss_uart/mss_uart.o
 .text.NVIC_EnableIRQ
                0x00000000       0x30 ./drivers/mss_uart/mss_uart.o
 .text.NVIC_DisableIRQ
                0x00000000       0x34 ./drivers/mss_uart/mss_uart.o
 .text.read_bit_reg8
                0x00000000       0x38 ./drivers/mss_uart/mss_uart.o
 .text.MSS_UART_lin_init
                0x00000000       0x64 ./drivers/mss_uart/mss_uart.o
 .text.MSS_UART_irda_init
                0x00000000       0xd8 ./drivers/mss_uart/mss_uart.o
 .text.MSS_UART_smartcard_init
                0x00000000       0x7c ./drivers/mss_uart/mss_uart.o
 .text.MSS_UART_polled_tx
                0x00000000       0xc4 ./drivers/mss_uart/mss_uart.o
 .text.MSS_UART_irq_tx
                0x00000000       0x9c ./drivers/mss_uart/mss_uart.o
 .text.MSS_UART_tx_complete
                0x00000000       0x78 ./drivers/mss_uart/mss_uart.o
 .text.MSS_UART_get_rx
                0x00000000       0xc0 ./drivers/mss_uart/mss_uart.o
 .text.MSS_UART_enable_irq
                0x00000000       0xa8 ./drivers/mss_uart/mss_uart.o
 .text.MSS_UART_disable_irq
                0x00000000       0xa0 ./drivers/mss_uart/mss_uart.o
 .text.MSS_UART_set_rx_handler
                0x00000000       0xa4 ./drivers/mss_uart/mss_uart.o
 .text.MSS_UART_set_loopback
                0x00000000       0xd4 ./drivers/mss_uart/mss_uart.o
 .text.UART0_IRQHandler
                0x00000000       0x20 ./drivers/mss_uart/mss_uart.o
 .text.UART1_IRQHandler
                0x00000000       0x20 ./drivers/mss_uart/mss_uart.o
 .text.MSS_UART_set_rxstatus_handler
                0x00000000       0x74 ./drivers/mss_uart/mss_uart.o
 .text.MSS_UART_set_tx_handler
                0x00000000       0x80 ./drivers/mss_uart/mss_uart.o
 .text.MSS_UART_set_modemstatus_handler
                0x00000000       0x74 ./drivers/mss_uart/mss_uart.o
 .text.MSS_UART_fill_tx_fifo
                0x00000000       0xb8 ./drivers/mss_uart/mss_uart.o
 .text.MSS_UART_get_rx_status
                0x00000000       0x68 ./drivers/mss_uart/mss_uart.o
 .text.MSS_UART_get_modem_status
                0x00000000       0x4c ./drivers/mss_uart/mss_uart.o
 .text.MSS_UART_get_tx_status
                0x00000000       0x64 ./drivers/mss_uart/mss_uart.o
 .text.MSS_UART_set_break
                0x00000000       0x48 ./drivers/mss_uart/mss_uart.o
 .text.MSS_UART_clear_break
                0x00000000       0x48 ./drivers/mss_uart/mss_uart.o
 .text.MSS_UART_set_pidpei_handler
                0x00000000       0x74 ./drivers/mss_uart/mss_uart.o
 .text.MSS_UART_set_linbreak_handler
                0x00000000       0x74 ./drivers/mss_uart/mss_uart.o
 .text.MSS_UART_set_linsync_handler
                0x00000000       0x74 ./drivers/mss_uart/mss_uart.o
 .text.MSS_UART_set_nack_handler
                0x00000000       0x74 ./drivers/mss_uart/mss_uart.o
 .text.MSS_UART_set_rx_timeout_handler
                0x00000000       0x74 ./drivers/mss_uart/mss_uart.o
 .text.MSS_UART_enable_half_duplex
                0x00000000       0x48 ./drivers/mss_uart/mss_uart.o
 .text.MSS_UART_disable_half_duplex
                0x00000000       0x48 ./drivers/mss_uart/mss_uart.o
 .text.MSS_UART_set_rx_endian
                0x00000000       0x70 ./drivers/mss_uart/mss_uart.o
 .text.MSS_UART_set_tx_endian
                0x00000000       0x70 ./drivers/mss_uart/mss_uart.o
 .text.MSS_UART_set_filter_length
                0x00000000       0x58 ./drivers/mss_uart/mss_uart.o
 .text.MSS_UART_enable_afm
                0x00000000       0x48 ./drivers/mss_uart/mss_uart.o
 .text.MSS_UART_disable_afm
                0x00000000       0x48 ./drivers/mss_uart/mss_uart.o
 .text.MSS_UART_enable_afclear
                0x00000000       0x48 ./drivers/mss_uart/mss_uart.o
 .text.MSS_UART_disable_afclear
                0x00000000       0x48 ./drivers/mss_uart/mss_uart.o
 .text.MSS_UART_enable_rx_timeout
                0x00000000       0x54 ./drivers/mss_uart/mss_uart.o
 .text.MSS_UART_disable_rx_timeout
                0x00000000       0x48 ./drivers/mss_uart/mss_uart.o
 .text.MSS_UART_enable_tx_time_guard
                0x00000000       0x54 ./drivers/mss_uart/mss_uart.o
 .text.MSS_UART_disable_tx_time_guard
                0x00000000       0x48 ./drivers/mss_uart/mss_uart.o
 .text.MSS_UART_set_address
                0x00000000       0x4c ./drivers/mss_uart/mss_uart.o
 .text.MSS_UART_set_ready_mode
                0x00000000       0x70 ./drivers/mss_uart/mss_uart.o
 .text.MSS_UART_set_usart_mode
                0x00000000       0x80 ./drivers/mss_uart/mss_uart.o
 .text.MSS_UART_isr
                0x00000000      0x1f0 ./drivers/mss_uart/mss_uart.o
 .debug_macro   0x00000000      0x862 ./drivers/mss_uart/mss_uart.o
 .debug_macro   0x00000000       0x26 ./drivers/mss_uart/mss_uart.o
 .debug_macro   0x00000000       0x3a ./drivers/mss_uart/mss_uart.o
 .debug_macro   0x00000000       0x22 ./drivers/mss_uart/mss_uart.o
 .debug_macro   0x00000000       0x44 ./drivers/mss_uart/mss_uart.o
 .debug_macro   0x00000000       0x58 ./drivers/mss_uart/mss_uart.o
 .debug_macro   0x00000000       0x22 ./drivers/mss_uart/mss_uart.o
 .debug_macro   0x00000000      0x1df ./drivers/mss_uart/mss_uart.o
 .debug_macro   0x00000000       0x34 ./drivers/mss_uart/mss_uart.o
 .debug_macro   0x00000000      0xc83 ./drivers/mss_uart/mss_uart.o
 .debug_macro   0x00000000      0x265 ./drivers/mss_uart/mss_uart.o
 .debug_macro   0x00000000       0x58 ./drivers/mss_uart/mss_uart.o
 .debug_macro   0x00000000       0x35 ./drivers/mss_uart/mss_uart.o
 .debug_macro   0x00000000       0x9c ./drivers/mss_uart/mss_uart.o
 .debug_macro   0x00000000       0x1c ./drivers/mss_uart/mss_uart.o
 .group         0x00000000        0x8 ./drivers/mss_sys_services/mss_comblk.o
 .group         0x00000000        0x8 ./drivers/mss_sys_services/mss_comblk.o
 .group         0x00000000        0x8 ./drivers/mss_sys_services/mss_comblk.o
 .group         0x00000000        0x8 ./drivers/mss_sys_services/mss_comblk.o
 .group         0x00000000        0x8 ./drivers/mss_sys_services/mss_comblk.o
 .group         0x00000000        0x8 ./drivers/mss_sys_services/mss_comblk.o
 .group         0x00000000        0x8 ./drivers/mss_sys_services/mss_comblk.o
 .group         0x00000000        0x8 ./drivers/mss_sys_services/mss_comblk.o
 .group         0x00000000        0x8 ./drivers/mss_sys_services/mss_comblk.o
 .group         0x00000000        0x8 ./drivers/mss_sys_services/mss_comblk.o
 .group         0x00000000        0x8 ./drivers/mss_sys_services/mss_comblk.o
 .group         0x00000000        0x8 ./drivers/mss_sys_services/mss_comblk.o
 .group         0x00000000        0x8 ./drivers/mss_sys_services/mss_comblk.o
 .group         0x00000000        0x8 ./drivers/mss_sys_services/mss_comblk.o
 .group         0x00000000        0x8 ./drivers/mss_sys_services/mss_comblk.o
 .text          0x00000000        0x0 ./drivers/mss_sys_services/mss_comblk.o
 .data          0x00000000        0x0 ./drivers/mss_sys_services/mss_comblk.o
 .bss           0x00000000        0x0 ./drivers/mss_sys_services/mss_comblk.o
 .text.NVIC_EnableIRQ
                0x00000000       0x30 ./drivers/mss_sys_services/mss_comblk.o
 .text.NVIC_DisableIRQ
                0x00000000       0x34 ./drivers/mss_sys_services/mss_comblk.o
 .text.NVIC_ClearPendingIRQ
                0x00000000       0x34 ./drivers/mss_sys_services/mss_comblk.o
 .bss.g_comblk_cmd_opcode
                0x00000000        0x1 ./drivers/mss_sys_services/mss_comblk.o
 .bss.g_comblk_p_cmd
                0x00000000        0x4 ./drivers/mss_sys_services/mss_comblk.o
 .bss.g_comblk_cmd_size
                0x00000000        0x2 ./drivers/mss_sys_services/mss_comblk.o
 .bss.g_comblk_p_data
                0x00000000        0x4 ./drivers/mss_sys_services/mss_comblk.o
 .bss.g_comblk_data_size
                0x00000000        0x4 ./drivers/mss_sys_services/mss_comblk.o
 .bss.g_comblk_p_response
                0x00000000        0x4 ./drivers/mss_sys_services/mss_comblk.o
 .bss.g_comblk_response_size
                0x00000000        0x2 ./drivers/mss_sys_services/mss_comblk.o
 .bss.g_comblk_response_idx
                0x00000000        0x2 ./drivers/mss_sys_services/mss_comblk.o
 .bss.g_comblk_completion_handler
                0x00000000        0x4 ./drivers/mss_sys_services/mss_comblk.o
 .bss.g_comblk_page_handler
                0x00000000        0x4 ./drivers/mss_sys_services/mss_comblk.o
 .bss.g_request_in_progress
                0x00000000        0x1 ./drivers/mss_sys_services/mss_comblk.o
 .bss.g_comblk_state
                0x00000000        0x1 ./drivers/mss_sys_services/mss_comblk.o
 .bss.g_async_event_handler
                0x00000000        0x4 ./drivers/mss_sys_services/mss_comblk.o
 .text.MSS_COMBLK_init
                0x00000000       0xd4 ./drivers/mss_sys_services/mss_comblk.o
 .text.MSS_COMBLK_send_cmd_with_ptr
                0x00000000       0xf8 ./drivers/mss_sys_services/mss_comblk.o
 .text.MSS_COMBLK_send_cmd
                0x00000000      0x12c ./drivers/mss_sys_services/mss_comblk.o
 .text.MSS_COMBLK_send_paged_cmd
                0x00000000      0x12c ./drivers/mss_sys_services/mss_comblk.o
 .text.ComBlk_IRQHandler
                0x00000000       0x48 ./drivers/mss_sys_services/mss_comblk.o
 .text.handle_tx_okay_irq
                0x00000000      0x1b0 ./drivers/mss_sys_services/mss_comblk.o
 .text.handle_rx_okay_irq
                0x00000000      0x204 ./drivers/mss_sys_services/mss_comblk.o
 .text.complete_request
                0x00000000       0x40 ./drivers/mss_sys_services/mss_comblk.o
 .text.abort_current_cmd
                0x00000000       0x4c ./drivers/mss_sys_services/mss_comblk.o
 .text.send_cmd_opcode
                0x00000000       0x3c ./drivers/mss_sys_services/mss_comblk.o
 .text.fill_tx_fifo
                0x00000000       0x64 ./drivers/mss_sys_services/mss_comblk.o
 .text.process_sys_ctrl_command
                0x00000000       0x28 ./drivers/mss_sys_services/mss_comblk.o
 .debug_macro   0x00000000      0x862 ./drivers/mss_sys_services/mss_comblk.o
 .debug_macro   0x00000000       0x26 ./drivers/mss_sys_services/mss_comblk.o
 .debug_macro   0x00000000       0x3a ./drivers/mss_sys_services/mss_comblk.o
 .debug_macro   0x00000000       0x22 ./drivers/mss_sys_services/mss_comblk.o
 .debug_macro   0x00000000       0x44 ./drivers/mss_sys_services/mss_comblk.o
 .debug_macro   0x00000000       0x58 ./drivers/mss_sys_services/mss_comblk.o
 .debug_macro   0x00000000       0x22 ./drivers/mss_sys_services/mss_comblk.o
 .debug_macro   0x00000000      0x1df ./drivers/mss_sys_services/mss_comblk.o
 .debug_macro   0x00000000       0x34 ./drivers/mss_sys_services/mss_comblk.o
 .debug_macro   0x00000000      0xc83 ./drivers/mss_sys_services/mss_comblk.o
 .debug_macro   0x00000000      0x265 ./drivers/mss_sys_services/mss_comblk.o
 .debug_macro   0x00000000       0x58 ./drivers/mss_sys_services/mss_comblk.o
 .debug_macro   0x00000000       0x35 ./drivers/mss_sys_services/mss_comblk.o
 .debug_macro   0x00000000       0x9c ./drivers/mss_sys_services/mss_comblk.o
 .debug_macro   0x00000000       0x1c ./drivers/mss_sys_services/mss_comblk.o
 .group         0x00000000        0x8 ./drivers/mss_sys_services/mss_sys_services.o
 .group         0x00000000        0x8 ./drivers/mss_sys_services/mss_sys_services.o
 .group         0x00000000        0x8 ./drivers/mss_sys_services/mss_sys_services.o
 .group         0x00000000        0x8 ./drivers/mss_sys_services/mss_sys_services.o
 .group         0x00000000        0x8 ./drivers/mss_sys_services/mss_sys_services.o
 .group         0x00000000        0x8 ./drivers/mss_sys_services/mss_sys_services.o
 .group         0x00000000        0x8 ./drivers/mss_sys_services/mss_sys_services.o
 .group         0x00000000        0x8 ./drivers/mss_sys_services/mss_sys_services.o
 .group         0x00000000        0x8 ./drivers/mss_sys_services/mss_sys_services.o
 .group         0x00000000        0x8 ./drivers/mss_sys_services/mss_sys_services.o
 .group         0x00000000        0x8 ./drivers/mss_sys_services/mss_sys_services.o
 .group         0x00000000        0x8 ./drivers/mss_sys_services/mss_sys_services.o
 .group         0x00000000        0x8 ./drivers/mss_sys_services/mss_sys_services.o
 .group         0x00000000        0x8 ./drivers/mss_sys_services/mss_sys_services.o
 .group         0x00000000        0x8 ./drivers/mss_sys_services/mss_sys_services.o
 .group         0x00000000        0x8 ./drivers/mss_sys_services/mss_sys_services.o
 .group         0x00000000        0x8 ./drivers/mss_sys_services/mss_sys_services.o
 .group         0x00000000        0x8 ./drivers/mss_sys_services/mss_sys_services.o
 .group         0x00000000        0x8 ./drivers/mss_sys_services/mss_sys_services.o
 .group         0x00000000        0x8 ./drivers/mss_sys_services/mss_sys_services.o
 .group         0x00000000        0x8 ./drivers/mss_sys_services/mss_sys_services.o
 .group         0x00000000        0x8 ./drivers/mss_sys_services/mss_sys_services.o
 .group         0x00000000        0x8 ./drivers/mss_sys_services/mss_sys_services.o
 .group         0x00000000        0x8 ./drivers/mss_sys_services/mss_sys_services.o
 .text          0x00000000        0x0 ./drivers/mss_sys_services/mss_sys_services.o
 .data          0x00000000        0x0 ./drivers/mss_sys_services/mss_sys_services.o
 .bss           0x00000000        0x0 ./drivers/mss_sys_services/mss_sys_services.o
 .bss.g_request_in_progress
                0x00000000        0x1 ./drivers/mss_sys_services/mss_sys_services.o
 .bss.g_last_response_length
                0x00000000        0x2 ./drivers/mss_sys_services/mss_sys_services.o
 .bss.g_event_handler
                0x00000000        0x4 ./drivers/mss_sys_services/mss_sys_services.o
 .bss.g_response
                0x00000000        0x2 ./drivers/mss_sys_services/mss_sys_services.o
 .bss.g_initial_mssddr_facc1_cr
                0x00000000        0x4 ./drivers/mss_sys_services/mss_sys_services.o
 .text.MSS_SYS_init
                0x00000000       0x50 ./drivers/mss_sys_services/mss_sys_services.o
 .text.asynchronous_event_handler
                0x00000000       0xec ./drivers/mss_sys_services/mss_sys_services.o
 .text.MSS_SYS_get_serial_number
                0x00000000       0x28 ./drivers/mss_sys_services/mss_sys_services.o
 .text.MSS_SYS_get_user_code
                0x00000000       0x28 ./drivers/mss_sys_services/mss_sys_services.o
 .text.MSS_SYS_get_design_version
                0x00000000       0x28 ./drivers/mss_sys_services/mss_sys_services.o
 .text.MSS_SYS_get_device_certificate
                0x00000000       0x28 ./drivers/mss_sys_services/mss_sys_services.o
 .text.MSS_SYS_get_secondary_device_certificate
                0x00000000       0x70 ./drivers/mss_sys_services/mss_sys_services.o
 .data.div1_seq
                0x00000000        0x4 ./drivers/mss_sys_services/mss_sys_services.o
 .data.div2_seq
                0x00000000        0x3 ./drivers/mss_sys_services/mss_sys_services.o
 .data.div4_seq
                0x00000000        0x5 ./drivers/mss_sys_services/mss_sys_services.o
 .data.div8_seq
                0x00000000        0x3 ./drivers/mss_sys_services/mss_sys_services.o
 .data.div16_seq
                0x00000000        0x2 ./drivers/mss_sys_services/mss_sys_services.o
 .data.div32_seq
                0x00000000        0x2 ./drivers/mss_sys_services/mss_sys_services.o
 .bss.divisor   0x00000000       0x10 ./drivers/mss_sys_services/mss_sys_services.o
 .bss.ind       0x00000000        0x1 ./drivers/mss_sys_services/mss_sys_services.o
 .text.determine_seq
                0x00000000       0xb0 ./drivers/mss_sys_services/mss_sys_services.o
 .text.clk_switching_fix
                0x00000000      0x29c ./drivers/mss_sys_services/mss_sys_services.o
 .text.revert_clk_config
                0x00000000      0x1bc ./drivers/mss_sys_services/mss_sys_services.o
 .text.MSS_SYS_flash_freeze
                0x00000000       0xbc ./drivers/mss_sys_services/mss_sys_services.o
 .text.MSS_SYS_128bit_aes
                0x00000000       0x98 ./drivers/mss_sys_services/mss_sys_services.o
 .text.MSS_SYS_256bit_aes
                0x00000000       0x98 ./drivers/mss_sys_services/mss_sys_services.o
 .text.MSS_SYS_sha256
                0x00000000       0x6c ./drivers/mss_sys_services/mss_sys_services.o
 .text.MSS_SYS_hmac
                0x00000000       0x84 ./drivers/mss_sys_services/mss_sys_services.o
 .text.MSS_SYS_key_tree
                0x00000000       0x70 ./drivers/mss_sys_services/mss_sys_services.o
 .text.MSS_SYS_challenge_response
                0x00000000       0x68 ./drivers/mss_sys_services/mss_sys_services.o
 .text.MSS_SYS_nrbg_reset
                0x00000000       0x64 ./drivers/mss_sys_services/mss_sys_services.o
 .text.MSS_SYS_nrbg_self_test
                0x00000000       0x54 ./drivers/mss_sys_services/mss_sys_services.o
 .text.MSS_SYS_nrbg_instantiate
                0x00000000       0x60 ./drivers/mss_sys_services/mss_sys_services.o
 .text.MSS_SYS_nrbg_generate
                0x00000000       0x6c ./drivers/mss_sys_services/mss_sys_services.o
 .text.MSS_SYS_nrbg_reseed
                0x00000000       0x48 ./drivers/mss_sys_services/mss_sys_services.o
 .text.MSS_SYS_nrbg_uninstantiate
                0x00000000       0x60 ./drivers/mss_sys_services/mss_sys_services.o
 .text.MSS_SYS_zeroize_device
                0x00000000       0x80 ./drivers/mss_sys_services/mss_sys_services.o
 .bss.g_isp_response
                0x00000000        0x2 ./drivers/mss_sys_services/mss_sys_services.o
 .bss.g_isp_completion_handler
                0x00000000        0x4 ./drivers/mss_sys_services/mss_sys_services.o
 .bss.g_isp_page_read_handler
                0x00000000        0x4 ./drivers/mss_sys_services/mss_sys_services.o
 .data.g_initial_envm_cr
                0x00000000        0x4 ./drivers/mss_sys_services/mss_sys_services.o
 .bss.g_initial_mssddr_facc2_cr
                0x00000000        0x4 ./drivers/mss_sys_services/mss_sys_services.o
 .bss.g_mode    0x00000000        0x1 ./drivers/mss_sys_services/mss_sys_services.o
 .data.wait_for_clock_switch
                0x00000000        0x1 ./drivers/mss_sys_services/mss_sys_services.o
 .text.isp_page_read_handler
                0x00000000       0x88 ./drivers/mss_sys_services/mss_sys_services.o
 .text.isp_sys_completion_handler
                0x00000000       0x58 ./drivers/mss_sys_services/mss_sys_services.o
 .text.MSS_SYS_start_isp
                0x00000000       0xf8 ./drivers/mss_sys_services/mss_sys_services.o
 .text.MSS_SYS_initiate_iap
                0x00000000      0x120 ./drivers/mss_sys_services/mss_sys_services.o
 .text.MSS_SYS_check_digest
                0x00000000       0xd4 ./drivers/mss_sys_services/mss_sys_services.o
 .text.MSS_SYS_puf_create_activation_code
                0x00000000       0x80 ./drivers/mss_sys_services/mss_sys_services.o
 .text.MSS_SYS_puf_delete_activation_code
                0x00000000       0x80 ./drivers/mss_sys_services/mss_sys_services.o
 .text.MSS_SYS_puf_get_number_of_keys
                0x00000000       0xa4 ./drivers/mss_sys_services/mss_sys_services.o
 .text.MSS_SYS_puf_enroll_key
                0x00000000       0xc8 ./drivers/mss_sys_services/mss_sys_services.o
 .text.MSS_SYS_puf_delete_key
                0x00000000       0x8c ./drivers/mss_sys_services/mss_sys_services.o
 .text.MSS_SYS_puf_fetch_key
                0x00000000       0xa4 ./drivers/mss_sys_services/mss_sys_services.o
 .text.MSS_SYS_puf_export_keycodes
                0x00000000       0x88 ./drivers/mss_sys_services/mss_sys_services.o
 .text.MSS_SYS_puf_import_keycodes
                0x00000000       0x88 ./drivers/mss_sys_services/mss_sys_services.o
 .text.MSS_SYS_puf_fetch_ecc_public_key
                0x00000000       0x84 ./drivers/mss_sys_services/mss_sys_services.o
 .text.MSS_SYS_puf_get_random_seed
                0x00000000       0x84 ./drivers/mss_sys_services/mss_sys_services.o
 .text.MSS_SYS_ecc_point_multiplication
                0x00000000       0xa8 ./drivers/mss_sys_services/mss_sys_services.o
 .text.MSS_SYS_ecc_point_addition
                0x00000000       0xa8 ./drivers/mss_sys_services/mss_sys_services.o
 .rodata        0x00000000       0x60 ./drivers/mss_sys_services/mss_sys_services.o
 .text.MSS_SYS_ecc_get_base_point
                0x00000000       0x30 ./drivers/mss_sys_services/mss_sys_services.o
 .text.MSS_SYS_start_clock_monitor
                0x00000000       0xa4 ./drivers/mss_sys_services/mss_sys_services.o
 .text.MSS_SYS_stop_clock_monitor
                0x00000000       0xa4 ./drivers/mss_sys_services/mss_sys_services.o
 .text.MSS_SYS_enable_puf_power_down
                0x00000000       0xa4 ./drivers/mss_sys_services/mss_sys_services.o
 .text.MSS_SYS_disable_puf_power_down
                0x00000000       0xa4 ./drivers/mss_sys_services/mss_sys_services.o
 .text.MSS_SYS_clear_lock_parity
                0x00000000       0xa4 ./drivers/mss_sys_services/mss_sys_services.o
 .text.MSS_SYS_clear_mesh_short
                0x00000000       0xa4 ./drivers/mss_sys_services/mss_sys_services.o
 .text.execute_service
                0x00000000       0x64 ./drivers/mss_sys_services/mss_sys_services.o
 .text.request_completion_handler
                0x00000000       0x2c ./drivers/mss_sys_services/mss_sys_services.o
 .text.signal_request_start
                0x00000000       0x2c ./drivers/mss_sys_services/mss_sys_services.o
 .text.wait_for_request_completion
                0x00000000       0x28 ./drivers/mss_sys_services/mss_sys_services.o
 .text.write_ptr_value_into_array
                0x00000000       0x54 ./drivers/mss_sys_services/mss_sys_services.o
 .text.write_array_into_ptr_value
                0x00000000       0x5c ./drivers/mss_sys_services/mss_sys_services.o
 .debug_macro   0x00000000      0x862 ./drivers/mss_sys_services/mss_sys_services.o
 .debug_macro   0x00000000       0x26 ./drivers/mss_sys_services/mss_sys_services.o
 .debug_macro   0x00000000       0x3a ./drivers/mss_sys_services/mss_sys_services.o
 .debug_macro   0x00000000       0x22 ./drivers/mss_sys_services/mss_sys_services.o
 .debug_macro   0x00000000       0x44 ./drivers/mss_sys_services/mss_sys_services.o
 .debug_macro   0x00000000       0x58 ./drivers/mss_sys_services/mss_sys_services.o
 .debug_macro   0x00000000       0x22 ./drivers/mss_sys_services/mss_sys_services.o
 .debug_macro   0x00000000      0x1df ./drivers/mss_sys_services/mss_sys_services.o
 .debug_macro   0x00000000       0x34 ./drivers/mss_sys_services/mss_sys_services.o
 .debug_macro   0x00000000      0xc83 ./drivers/mss_sys_services/mss_sys_services.o
 .debug_macro   0x00000000      0x265 ./drivers/mss_sys_services/mss_sys_services.o
 .debug_macro   0x00000000       0x58 ./drivers/mss_sys_services/mss_sys_services.o
 .debug_macro   0x00000000       0x35 ./drivers/mss_sys_services/mss_sys_services.o
 .debug_macro   0x00000000       0x9c ./drivers/mss_sys_services/mss_sys_services.o
 .debug_macro   0x00000000       0x1c ./drivers/mss_sys_services/mss_sys_services.o
 .debug_macro   0x00000000      0x16d ./drivers/mss_sys_services/mss_sys_services.o
 .group         0x00000000        0x8 ./drivers/mss_nvm/mss_nvm.o
 .group         0x00000000        0x8 ./drivers/mss_nvm/mss_nvm.o
 .group         0x00000000        0x8 ./drivers/mss_nvm/mss_nvm.o
 .group         0x00000000        0x8 ./drivers/mss_nvm/mss_nvm.o
 .group         0x00000000        0x8 ./drivers/mss_nvm/mss_nvm.o
 .group         0x00000000        0x8 ./drivers/mss_nvm/mss_nvm.o
 .group         0x00000000        0x8 ./drivers/mss_nvm/mss_nvm.o
 .group         0x00000000        0x8 ./drivers/mss_nvm/mss_nvm.o
 .group         0x00000000        0x8 ./drivers/mss_nvm/mss_nvm.o
 .group         0x00000000        0x8 ./drivers/mss_nvm/mss_nvm.o
 .group         0x00000000        0x8 ./drivers/mss_nvm/mss_nvm.o
 .group         0x00000000        0x8 ./drivers/mss_nvm/mss_nvm.o
 .group         0x00000000        0x8 ./drivers/mss_nvm/mss_nvm.o
 .group         0x00000000        0x8 ./drivers/mss_nvm/mss_nvm.o
 .group         0x00000000        0x8 ./drivers/mss_nvm/mss_nvm.o
 .group         0x00000000        0x8 ./drivers/mss_nvm/mss_nvm.o
 .text          0x00000000        0x0 ./drivers/mss_nvm/mss_nvm.o
 .data          0x00000000        0x0 ./drivers/mss_nvm/mss_nvm.o
 .bss           0x00000000        0x0 ./drivers/mss_nvm/mss_nvm.o
 .rodata.g_nvm  0x00000000        0x8 ./drivers/mss_nvm/mss_nvm.o
 .rodata.g_nvm32
                0x00000000        0x8 ./drivers/mss_nvm/mss_nvm.o
 .text.NVM_write
                0x00000000      0x14c ./drivers/mss_nvm/mss_nvm.o
 .text.get_error_code
                0x00000000       0x5c ./drivers/mss_nvm/mss_nvm.o
 .text.NVM_unlock
                0x00000000      0x1d0 ./drivers/mss_nvm/mss_nvm.o
 .bss.g_envm_ctrl_locks
                0x00000000        0x1 ./drivers/mss_nvm/mss_nvm.o
 .text.request_nvm_access
                0x00000000       0x88 ./drivers/mss_nvm/mss_nvm.o
 .text.get_ctrl_access
                0x00000000       0x60 ./drivers/mss_nvm/mss_nvm.o
 .text.release_ctrl_access
                0x00000000       0x68 ./drivers/mss_nvm/mss_nvm.o
 .text.wait_nvm_ready
                0x00000000       0x48 ./drivers/mss_nvm/mss_nvm.o
 .text.write_nvm
                0x00000000      0x128 ./drivers/mss_nvm/mss_nvm.o
 .text.get_remaining_page_length
                0x00000000       0x40 ./drivers/mss_nvm/mss_nvm.o
 .text.fill_wd_buffer
                0x00000000      0x10c ./drivers/mss_nvm/mss_nvm.o
 .text.NVM_read_page_write_count
                0x00000000      0x104 ./drivers/mss_nvm/mss_nvm.o
 .text.check_protection_reserved_nvm
                0x00000000      0x500 ./drivers/mss_nvm/mss_nvm.o
 .text.protection_check
                0x00000000       0x30 ./drivers/mss_nvm/mss_nvm.o
 .debug_macro   0x00000000      0x862 ./drivers/mss_nvm/mss_nvm.o
 .debug_macro   0x00000000       0x26 ./drivers/mss_nvm/mss_nvm.o
 .debug_macro   0x00000000       0x3a ./drivers/mss_nvm/mss_nvm.o
 .debug_macro   0x00000000       0x22 ./drivers/mss_nvm/mss_nvm.o
 .debug_macro   0x00000000       0x44 ./drivers/mss_nvm/mss_nvm.o
 .debug_macro   0x00000000       0x58 ./drivers/mss_nvm/mss_nvm.o
 .debug_macro   0x00000000       0x22 ./drivers/mss_nvm/mss_nvm.o
 .debug_macro   0x00000000      0x1df ./drivers/mss_nvm/mss_nvm.o
 .debug_macro   0x00000000       0x34 ./drivers/mss_nvm/mss_nvm.o
 .debug_macro   0x00000000      0xc83 ./drivers/mss_nvm/mss_nvm.o
 .debug_macro   0x00000000      0x265 ./drivers/mss_nvm/mss_nvm.o
 .debug_macro   0x00000000       0x58 ./drivers/mss_nvm/mss_nvm.o
 .debug_macro   0x00000000       0x35 ./drivers/mss_nvm/mss_nvm.o
 .debug_macro   0x00000000       0x9c ./drivers/mss_nvm/mss_nvm.o
 .debug_macro   0x00000000       0x1c ./drivers/mss_nvm/mss_nvm.o
 .group         0x00000000        0x8 ./drivers/mss_hpdma/mss_hpdma.o
 .group         0x00000000        0x8 ./drivers/mss_hpdma/mss_hpdma.o
 .group         0x00000000        0x8 ./drivers/mss_hpdma/mss_hpdma.o
 .group         0x00000000        0x8 ./drivers/mss_hpdma/mss_hpdma.o
 .group         0x00000000        0x8 ./drivers/mss_hpdma/mss_hpdma.o
 .group         0x00000000        0x8 ./drivers/mss_hpdma/mss_hpdma.o
 .group         0x00000000        0x8 ./drivers/mss_hpdma/mss_hpdma.o
 .group         0x00000000        0x8 ./drivers/mss_hpdma/mss_hpdma.o
 .group         0x00000000        0x8 ./drivers/mss_hpdma/mss_hpdma.o
 .group         0x00000000        0x8 ./drivers/mss_hpdma/mss_hpdma.o
 .group         0x00000000        0x8 ./drivers/mss_hpdma/mss_hpdma.o
 .group         0x00000000        0x8 ./drivers/mss_hpdma/mss_hpdma.o
 .group         0x00000000        0x8 ./drivers/mss_hpdma/mss_hpdma.o
 .group         0x00000000        0x8 ./drivers/mss_hpdma/mss_hpdma.o
 .group         0x00000000        0x8 ./drivers/mss_hpdma/mss_hpdma.o
 .group         0x00000000        0x8 ./drivers/mss_hpdma/mss_hpdma.o
 .text          0x00000000        0x0 ./drivers/mss_hpdma/mss_hpdma.o
 .data          0x00000000        0x0 ./drivers/mss_hpdma/mss_hpdma.o
 .bss           0x00000000        0x0 ./drivers/mss_hpdma/mss_hpdma.o
 .text.NVIC_EnableIRQ
                0x00000000       0x30 ./drivers/mss_hpdma/mss_hpdma.o
 .text.NVIC_DisableIRQ
                0x00000000       0x34 ./drivers/mss_hpdma/mss_hpdma.o
 .text.NVIC_ClearPendingIRQ
                0x00000000       0x34 ./drivers/mss_hpdma/mss_hpdma.o
 .bss.g_transfer
                0x00000000       0x18 ./drivers/mss_hpdma/mss_hpdma.o
 .bss.g_hpdma_end_desc
                0x00000000        0x4 ./drivers/mss_hpdma/mss_hpdma.o
 .bss.g_hpdma_current_desc
                0x00000000        0x4 ./drivers/mss_hpdma/mss_hpdma.o
 .text.MSS_HPDMA_init
                0x00000000       0xb4 ./drivers/mss_hpdma/mss_hpdma.o
 .text.MSS_HPDMA_start
                0x00000000       0xd0 ./drivers/mss_hpdma/mss_hpdma.o
 .text.start_transfer
                0x00000000      0x14c ./drivers/mss_hpdma/mss_hpdma.o
 .text.MSS_HPDMA_pause
                0x00000000       0x2c ./drivers/mss_hpdma/mss_hpdma.o
 .text.MSS_HPDMA_resume
                0x00000000       0x2c ./drivers/mss_hpdma/mss_hpdma.o
 .text.MSS_HPDMA_abort
                0x00000000       0x48 ./drivers/mss_hpdma/mss_hpdma.o
 .text.MSS_HPDMA_get_transfer_status
                0x00000000       0x18 ./drivers/mss_hpdma/mss_hpdma.o
 .text.MSS_HPDMA_set_handler
                0x00000000       0x2c ./drivers/mss_hpdma/mss_hpdma.o
 .text.HPDMA_Complete_IRQHandler
                0x00000000       0xf4 ./drivers/mss_hpdma/mss_hpdma.o
 .text.HPDMA_Error_IRQHandler
                0x00000000      0x100 ./drivers/mss_hpdma/mss_hpdma.o
 .debug_macro   0x00000000      0x862 ./drivers/mss_hpdma/mss_hpdma.o
 .debug_macro   0x00000000       0x58 ./drivers/mss_hpdma/mss_hpdma.o
 .debug_macro   0x00000000       0x22 ./drivers/mss_hpdma/mss_hpdma.o
 .debug_macro   0x00000000       0x35 ./drivers/mss_hpdma/mss_hpdma.o
 .debug_macro   0x00000000       0x9c ./drivers/mss_hpdma/mss_hpdma.o
 .debug_macro   0x00000000       0x1c ./drivers/mss_hpdma/mss_hpdma.o
 .debug_macro   0x00000000       0x26 ./drivers/mss_hpdma/mss_hpdma.o
 .debug_macro   0x00000000       0x3a ./drivers/mss_hpdma/mss_hpdma.o
 .debug_macro   0x00000000       0x58 ./drivers/mss_hpdma/mss_hpdma.o
 .debug_macro   0x00000000       0x22 ./drivers/mss_hpdma/mss_hpdma.o
 .debug_macro   0x00000000      0x1df ./drivers/mss_hpdma/mss_hpdma.o
 .debug_macro   0x00000000       0x34 ./drivers/mss_hpdma/mss_hpdma.o
 .debug_macro   0x00000000      0xc83 ./drivers/mss_hpdma/mss_hpdma.o
 .debug_macro   0x00000000      0x265 ./drivers/mss_hpdma/mss_hpdma.o
 .group         0x00000000        0x8 ./CMSIS/startup_gcc/newlib_stubs.o
 .group         0x00000000        0x8 ./CMSIS/startup_gcc/newlib_stubs.o
 .group         0x00000000        0x8 ./CMSIS/startup_gcc/newlib_stubs.o
 .group         0x00000000        0x8 ./CMSIS/startup_gcc/newlib_stubs.o
 .group         0x00000000        0x8 ./CMSIS/startup_gcc/newlib_stubs.o
 .group         0x00000000        0x8 ./CMSIS/startup_gcc/newlib_stubs.o
 .group         0x00000000        0x8 ./CMSIS/startup_gcc/newlib_stubs.o
 .group         0x00000000        0x8 ./CMSIS/startup_gcc/newlib_stubs.o
 .group         0x00000000        0x8 ./CMSIS/startup_gcc/newlib_stubs.o
 .group         0x00000000        0x8 ./CMSIS/startup_gcc/newlib_stubs.o
 .group         0x00000000        0x8 ./CMSIS/startup_gcc/newlib_stubs.o
 .group         0x00000000        0x8 ./CMSIS/startup_gcc/newlib_stubs.o
 .group         0x00000000        0x8 ./CMSIS/startup_gcc/newlib_stubs.o
 .group         0x00000000        0x8 ./CMSIS/startup_gcc/newlib_stubs.o
 .group         0x00000000        0x8 ./CMSIS/startup_gcc/newlib_stubs.o
 .group         0x00000000        0x8 ./CMSIS/startup_gcc/newlib_stubs.o
 .group         0x00000000        0x8 ./CMSIS/startup_gcc/newlib_stubs.o
 .group         0x00000000        0x8 ./CMSIS/startup_gcc/newlib_stubs.o
 .group         0x00000000        0x8 ./CMSIS/startup_gcc/newlib_stubs.o
 .group         0x00000000        0x8 ./CMSIS/startup_gcc/newlib_stubs.o
 .group         0x00000000        0x8 ./CMSIS/startup_gcc/newlib_stubs.o
 .group         0x00000000        0x8 ./CMSIS/startup_gcc/newlib_stubs.o
 .group         0x00000000        0x8 ./CMSIS/startup_gcc/newlib_stubs.o
 .group         0x00000000        0x8 ./CMSIS/startup_gcc/newlib_stubs.o
 .group         0x00000000        0x8 ./CMSIS/startup_gcc/newlib_stubs.o
 .group         0x00000000        0x8 ./CMSIS/startup_gcc/newlib_stubs.o
 .group         0x00000000        0x8 ./CMSIS/startup_gcc/newlib_stubs.o
 .group         0x00000000        0x8 ./CMSIS/startup_gcc/newlib_stubs.o
 .group         0x00000000        0x8 ./CMSIS/startup_gcc/newlib_stubs.o
 .group         0x00000000        0x8 ./CMSIS/startup_gcc/newlib_stubs.o
 .group         0x00000000        0x8 ./CMSIS/startup_gcc/newlib_stubs.o
 .text          0x00000000        0x0 ./CMSIS/startup_gcc/newlib_stubs.o
 .data          0x00000000        0x0 ./CMSIS/startup_gcc/newlib_stubs.o
 .bss           0x00000000        0x0 ./CMSIS/startup_gcc/newlib_stubs.o
 .bss.__env     0x00000000        0x4 ./CMSIS/startup_gcc/newlib_stubs.o
 .data.environ  0x00000000        0x4 ./CMSIS/startup_gcc/newlib_stubs.o
 .text._close   0x00000000       0x18 ./CMSIS/startup_gcc/newlib_stubs.o
 .text._execve  0x00000000       0x24 ./CMSIS/startup_gcc/newlib_stubs.o
 .text._fork    0x00000000       0x18 ./CMSIS/startup_gcc/newlib_stubs.o
 .text._fstat   0x00000000       0x20 ./CMSIS/startup_gcc/newlib_stubs.o
 .text._getpid  0x00000000       0x10 ./CMSIS/startup_gcc/newlib_stubs.o
 .text._isatty  0x00000000       0x18 ./CMSIS/startup_gcc/newlib_stubs.o
 .text._kill    0x00000000       0x20 ./CMSIS/startup_gcc/newlib_stubs.o
 .text._link    0x00000000       0x20 ./CMSIS/startup_gcc/newlib_stubs.o
 .text._lseek   0x00000000       0x1c ./CMSIS/startup_gcc/newlib_stubs.o
 .text._open    0x00000000       0x1c ./CMSIS/startup_gcc/newlib_stubs.o
 .text._read    0x00000000       0x1c ./CMSIS/startup_gcc/newlib_stubs.o
 .text._write_r
                0x00000000       0x1c ./CMSIS/startup_gcc/newlib_stubs.o
 .rodata        0x00000000       0x30 ./CMSIS/startup_gcc/newlib_stubs.o
 .text._sbrk    0x00000000       0x9c ./CMSIS/startup_gcc/newlib_stubs.o
 .text._stat    0x00000000       0x20 ./CMSIS/startup_gcc/newlib_stubs.o
 .text._times   0x00000000       0x18 ./CMSIS/startup_gcc/newlib_stubs.o
 .text._unlink  0x00000000       0x20 ./CMSIS/startup_gcc/newlib_stubs.o
 .text._wait    0x00000000       0x20 ./CMSIS/startup_gcc/newlib_stubs.o
 .bss.heap_end.5162
                0x00000000        0x4 ./CMSIS/startup_gcc/newlib_stubs.o
 .debug_macro   0x00000000      0x862 ./CMSIS/startup_gcc/newlib_stubs.o
 .debug_macro   0x00000000       0x58 ./CMSIS/startup_gcc/newlib_stubs.o
 .debug_macro   0x00000000       0x22 ./CMSIS/startup_gcc/newlib_stubs.o
 .debug_macro   0x00000000       0x35 ./CMSIS/startup_gcc/newlib_stubs.o
 .debug_macro   0x00000000       0x9c ./CMSIS/startup_gcc/newlib_stubs.o
 .debug_macro   0x00000000       0x4a ./CMSIS/startup_gcc/newlib_stubs.o
 .debug_macro   0x00000000       0x52 ./CMSIS/startup_gcc/newlib_stubs.o
 .debug_macro   0x00000000       0x16 ./CMSIS/startup_gcc/newlib_stubs.o
 .debug_macro   0x00000000       0x43 ./CMSIS/startup_gcc/newlib_stubs.o
 .debug_macro   0x00000000      0x180 ./CMSIS/startup_gcc/newlib_stubs.o
 .debug_macro   0x00000000      0x27a ./CMSIS/startup_gcc/newlib_stubs.o
 .debug_macro   0x00000000       0x22 ./CMSIS/startup_gcc/newlib_stubs.o
 .debug_macro   0x00000000       0x35 ./CMSIS/startup_gcc/newlib_stubs.o
 .text          0x00000000        0x0 ./CMSIS/startup_gcc/startup_m2sxxx.o
 .data          0x00000000        0x0 ./CMSIS/startup_gcc/startup_m2sxxx.o
 .bss           0x00000000        0x0 ./CMSIS/startup_gcc/startup_m2sxxx.o
 .isr_vector    0x00000000      0x190 ./CMSIS/startup_gcc/startup_m2sxxx.o
 .boot_code     0x00000000      0x324 ./CMSIS/startup_gcc/startup_m2sxxx.o
 .group         0x00000000        0x8 ./CMSIS/system_m2sxxx.o
 .group         0x00000000        0x8 ./CMSIS/system_m2sxxx.o
 .group         0x00000000        0x8 ./CMSIS/system_m2sxxx.o
 .group         0x00000000        0x8 ./CMSIS/system_m2sxxx.o
 .group         0x00000000        0x8 ./CMSIS/system_m2sxxx.o
 .group         0x00000000        0x8 ./CMSIS/system_m2sxxx.o
 .group         0x00000000        0x8 ./CMSIS/system_m2sxxx.o
 .group         0x00000000        0x8 ./CMSIS/system_m2sxxx.o
 .group         0x00000000        0x8 ./CMSIS/system_m2sxxx.o
 .group         0x00000000        0x8 ./CMSIS/system_m2sxxx.o
 .group         0x00000000        0x8 ./CMSIS/system_m2sxxx.o
 .group         0x00000000        0x8 ./CMSIS/system_m2sxxx.o
 .group         0x00000000        0x8 ./CMSIS/system_m2sxxx.o
 .text          0x00000000        0x0 ./CMSIS/system_m2sxxx.o
 .data          0x00000000        0x0 ./CMSIS/system_m2sxxx.o
 .bss           0x00000000        0x0 ./CMSIS/system_m2sxxx.o
 .text.SystemInit
                0x00000000       0x20 ./CMSIS/system_m2sxxx.o
 .text.get_silicon_revision
                0x00000000       0x48 ./CMSIS/system_m2sxxx.o
 .text.silicon_workarounds
                0x00000000       0x20 ./CMSIS/system_m2sxxx.o
 .text.m2s050_rev_a_workarounds
                0x00000000       0x30 ./CMSIS/system_m2sxxx.o
 .debug_macro   0x00000000      0x862 ./CMSIS/system_m2sxxx.o
 .debug_macro   0x00000000       0x26 ./CMSIS/system_m2sxxx.o
 .debug_macro   0x00000000       0x3a ./CMSIS/system_m2sxxx.o
 .debug_macro   0x00000000       0x22 ./CMSIS/system_m2sxxx.o
 .debug_macro   0x00000000       0x44 ./CMSIS/system_m2sxxx.o
 .debug_macro   0x00000000       0x58 ./CMSIS/system_m2sxxx.o
 .debug_macro   0x00000000       0x22 ./CMSIS/system_m2sxxx.o
 .debug_macro   0x00000000      0x1df ./CMSIS/system_m2sxxx.o
 .debug_macro   0x00000000       0x34 ./CMSIS/system_m2sxxx.o
 .debug_macro   0x00000000      0xc83 ./CMSIS/system_m2sxxx.o
 .debug_macro   0x00000000      0x265 ./CMSIS/system_m2sxxx.o
 .debug_macro   0x00000000       0x3a ./CMSIS/system_m2sxxx.o
 .debug_macro   0x00000000       0x34 ./CMSIS/system_m2sxxx.o
 .group         0x00000000        0x8 ./main.o
 .group         0x00000000        0x8 ./main.o
 .group         0x00000000        0x8 ./main.o
 .group         0x00000000        0x8 ./main.o
 .group         0x00000000        0x8 ./main.o
 .group         0x00000000        0x8 ./main.o
 .group         0x00000000        0x8 ./main.o
 .group         0x00000000        0x8 ./main.o
 .group         0x00000000        0x8 ./main.o
 .group         0x00000000        0x8 ./main.o
 .group         0x00000000        0x8 ./main.o
 .group         0x00000000        0x8 ./main.o
 .group         0x00000000        0x8 ./main.o
 .text          0x00000000        0x0 ./main.o
 .data          0x00000000        0x0 ./main.o
 .bss           0x00000000        0x0 ./main.o
 .rodata.gp_my_uart
                0x00000000        0x4 ./main.o
 .debug_macro   0x00000000      0x862 ./main.o
 .debug_macro   0x00000000       0x26 ./main.o
 .debug_macro   0x00000000       0x3a ./main.o
 .debug_macro   0x00000000       0x22 ./main.o
 .debug_macro   0x00000000       0x44 ./main.o
 .debug_macro   0x00000000       0x58 ./main.o
 .debug_macro   0x00000000       0x22 ./main.o
 .debug_macro   0x00000000      0x1df ./main.o
 .debug_macro   0x00000000       0x34 ./main.o
 .debug_macro   0x00000000      0xc83 ./main.o
 .debug_macro   0x00000000      0x265 ./main.o
 .debug_macro   0x00000000      0x16d ./main.o
 .debug_macro   0x00000000      0x177 ./main.o
 .text          0x00000000        0x0 d:/microsemi/softconsole_v4.0/softconsole_v4.0/arm-none-eabi-gcc/bin/../lib/gcc/arm-none-eabi/4.9.3/../../../../arm-none-eabi/lib/armv7-m\libg_nano.a(lib_a-errno.o)
 .data          0x00000000        0x0 d:/microsemi/softconsole_v4.0/softconsole_v4.0/arm-none-eabi-gcc/bin/../lib/gcc/arm-none-eabi/4.9.3/../../../../arm-none-eabi/lib/armv7-m\libg_nano.a(lib_a-errno.o)
 .bss           0x00000000        0x0 d:/microsemi/softconsole_v4.0/softconsole_v4.0/arm-none-eabi-gcc/bin/../lib/gcc/arm-none-eabi/4.9.3/../../../../arm-none-eabi/lib/armv7-m\libg_nano.a(lib_a-errno.o)
 .text.__errno  0x00000000        0xc d:/microsemi/softconsole_v4.0/softconsole_v4.0/arm-none-eabi-gcc/bin/../lib/gcc/arm-none-eabi/4.9.3/../../../../arm-none-eabi/lib/armv7-m\libg_nano.a(lib_a-errno.o)
 .text          0x00000000        0x0 d:/microsemi/softconsole_v4.0/softconsole_v4.0/arm-none-eabi-gcc/bin/../lib/gcc/arm-none-eabi/4.9.3/../../../../arm-none-eabi/lib/armv7-m\libg_nano.a(lib_a-exit.o)
 .data          0x00000000        0x0 d:/microsemi/softconsole_v4.0/softconsole_v4.0/arm-none-eabi-gcc/bin/../lib/gcc/arm-none-eabi/4.9.3/../../../../arm-none-eabi/lib/armv7-m\libg_nano.a(lib_a-exit.o)
 .bss           0x00000000        0x0 d:/microsemi/softconsole_v4.0/softconsole_v4.0/arm-none-eabi-gcc/bin/../lib/gcc/arm-none-eabi/4.9.3/../../../../arm-none-eabi/lib/armv7-m\libg_nano.a(lib_a-exit.o)
 .text          0x00000000        0x0 d:/microsemi/softconsole_v4.0/softconsole_v4.0/arm-none-eabi-gcc/bin/../lib/gcc/arm-none-eabi/4.9.3/../../../../arm-none-eabi/lib/armv7-m\libg_nano.a(lib_a-impure.o)
 .data          0x00000000        0x0 d:/microsemi/softconsole_v4.0/softconsole_v4.0/arm-none-eabi-gcc/bin/../lib/gcc/arm-none-eabi/4.9.3/../../../../arm-none-eabi/lib/armv7-m\libg_nano.a(lib_a-impure.o)
 .bss           0x00000000        0x0 d:/microsemi/softconsole_v4.0/softconsole_v4.0/arm-none-eabi-gcc/bin/../lib/gcc/arm-none-eabi/4.9.3/../../../../arm-none-eabi/lib/armv7-m\libg_nano.a(lib_a-impure.o)
 .data._impure_ptr
                0x00000000        0x4 d:/microsemi/softconsole_v4.0/softconsole_v4.0/arm-none-eabi-gcc/bin/../lib/gcc/arm-none-eabi/4.9.3/../../../../arm-none-eabi/lib/armv7-m\libg_nano.a(lib_a-impure.o)
 .text          0x00000000        0x0 d:/microsemi/softconsole_v4.0/softconsole_v4.0/arm-none-eabi-gcc/bin/../lib/gcc/arm-none-eabi/4.9.3/../../../../arm-none-eabi/lib/armv7-m\libg_nano.a(lib_a-init.o)
 .data          0x00000000        0x0 d:/microsemi/softconsole_v4.0/softconsole_v4.0/arm-none-eabi-gcc/bin/../lib/gcc/arm-none-eabi/4.9.3/../../../../arm-none-eabi/lib/armv7-m\libg_nano.a(lib_a-init.o)
 .bss           0x00000000        0x0 d:/microsemi/softconsole_v4.0/softconsole_v4.0/arm-none-eabi-gcc/bin/../lib/gcc/arm-none-eabi/4.9.3/../../../../arm-none-eabi/lib/armv7-m\libg_nano.a(lib_a-init.o)
 .text          0x00000000        0x0 d:/microsemi/softconsole_v4.0/softconsole_v4.0/arm-none-eabi-gcc/bin/../lib/gcc/arm-none-eabi/4.9.3/../../../../arm-none-eabi/lib/armv7-m\libg_nano.a(lib_a-memcpy.o)
 .data          0x00000000        0x0 d:/microsemi/softconsole_v4.0/softconsole_v4.0/arm-none-eabi-gcc/bin/../lib/gcc/arm-none-eabi/4.9.3/../../../../arm-none-eabi/lib/armv7-m\libg_nano.a(lib_a-memcpy.o)
 .bss           0x00000000        0x0 d:/microsemi/softconsole_v4.0/softconsole_v4.0/arm-none-eabi-gcc/bin/../lib/gcc/arm-none-eabi/4.9.3/../../../../arm-none-eabi/lib/armv7-m\libg_nano.a(lib_a-memcpy.o)
 .text.memcpy   0x00000000       0x16 d:/microsemi/softconsole_v4.0/softconsole_v4.0/arm-none-eabi-gcc/bin/../lib/gcc/arm-none-eabi/4.9.3/../../../../arm-none-eabi/lib/armv7-m\libg_nano.a(lib_a-memcpy.o)
 .text          0x00000000        0x0 d:/microsemi/softconsole_v4.0/softconsole_v4.0/arm-none-eabi-gcc/bin/../lib/gcc/arm-none-eabi/4.9.3/../../../../arm-none-eabi/lib/armv7-m\libg_nano.a(lib_a-memset.o)
 .data          0x00000000        0x0 d:/microsemi/softconsole_v4.0/softconsole_v4.0/arm-none-eabi-gcc/bin/../lib/gcc/arm-none-eabi/4.9.3/../../../../arm-none-eabi/lib/armv7-m\libg_nano.a(lib_a-memset.o)
 .bss           0x00000000        0x0 d:/microsemi/softconsole_v4.0/softconsole_v4.0/arm-none-eabi-gcc/bin/../lib/gcc/arm-none-eabi/4.9.3/../../../../arm-none-eabi/lib/armv7-m\libg_nano.a(lib_a-memset.o)
 .text          0x00000000        0x0 d:/microsemi/softconsole_v4.0/softconsole_v4.0/arm-none-eabi-gcc/bin/../lib/gcc/arm-none-eabi/4.9.3/armv7-m/crtend.o
 .data          0x00000000        0x0 d:/microsemi/softconsole_v4.0/softconsole_v4.0/arm-none-eabi-gcc/bin/../lib/gcc/arm-none-eabi/4.9.3/armv7-m/crtend.o
 .bss           0x00000000        0x0 d:/microsemi/softconsole_v4.0/softconsole_v4.0/arm-none-eabi-gcc/bin/../lib/gcc/arm-none-eabi/4.9.3/armv7-m/crtend.o
 .text          0x00000000        0x0 d:/microsemi/softconsole_v4.0/softconsole_v4.0/arm-none-eabi-gcc/bin/../lib/gcc/arm-none-eabi/4.9.3/armv7-m/crtn.o
 .data          0x00000000        0x0 d:/microsemi/softconsole_v4.0/softconsole_v4.0/arm-none-eabi-gcc/bin/../lib/gcc/arm-none-eabi/4.9.3/armv7-m/crtn.o
 .bss           0x00000000        0x0 d:/microsemi/softconsole_v4.0/softconsole_v4.0/arm-none-eabi-gcc/bin/../lib/gcc/arm-none-eabi/4.9.3/armv7-m/crtn.o

Memory Configuration

Name             Origin             Length             Attributes
*default*        0x00000000         0xffffffff

Linker script and memory map

LOAD d:/microsemi/softconsole_v4.0/softconsole_v4.0/arm-none-eabi-gcc/bin/../lib/gcc/arm-none-eabi/4.9.3/armv7-m/crti.o
LOAD d:/microsemi/softconsole_v4.0/softconsole_v4.0/arm-none-eabi-gcc/bin/../lib/gcc/arm-none-eabi/4.9.3/armv7-m/crtbegin.o
LOAD d:/microsemi/softconsole_v4.0/softconsole_v4.0/arm-none-eabi-gcc/bin/../lib/gcc/arm-none-eabi/4.9.3/../../../../arm-none-eabi/lib/armv7-m/crt0.o
LOAD ./hal/CortexM3/GNU/hal.o
LOAD ./hal/CortexM3/GNU/hw_reg_access.o
LOAD ./hal/CortexM3/cortex_nvic.o
LOAD ./drivers_config/sys_config/sys_config.o
LOAD ./drivers/mss_uart/mss_uart.o
LOAD ./drivers/mss_sys_services/mss_comblk.o
LOAD ./drivers/mss_sys_services/mss_sys_services.o
LOAD ./drivers/mss_nvm/mss_nvm.o
LOAD ./drivers/mss_hpdma/mss_hpdma.o
LOAD ./CMSIS/startup_gcc/newlib_stubs.o
LOAD ./CMSIS/startup_gcc/startup_m2sxxx.o
LOAD ./CMSIS/system_m2sxxx.o
LOAD ./main.o
START GROUP
LOAD d:/microsemi/softconsole_v4.0/softconsole_v4.0/arm-none-eabi-gcc/bin/../lib/gcc/arm-none-eabi/4.9.3/armv7-m\libgcc.a
LOAD d:/microsemi/softconsole_v4.0/softconsole_v4.0/arm-none-eabi-gcc/bin/../lib/gcc/arm-none-eabi/4.9.3/../../../../arm-none-eabi/lib/armv7-m\libg_nano.a
LOAD d:/microsemi/softconsole_v4.0/softconsole_v4.0/arm-none-eabi-gcc/bin/../lib/gcc/arm-none-eabi/4.9.3/../../../../arm-none-eabi/lib/armv7-m\libc_nano.a
END GROUP
START GROUP
LOAD d:/microsemi/softconsole_v4.0/softconsole_v4.0/arm-none-eabi-gcc/bin/../lib/gcc/arm-none-eabi/4.9.3/armv7-m\libgcc.a
LOAD d:/microsemi/softconsole_v4.0/softconsole_v4.0/arm-none-eabi-gcc/bin/../lib/gcc/arm-none-eabi/4.9.3/../../../../arm-none-eabi/lib/armv7-m\libc_nano.a
END GROUP
LOAD d:/microsemi/softconsole_v4.0/softconsole_v4.0/arm-none-eabi-gcc/bin/../lib/gcc/arm-none-eabi/4.9.3/armv7-m/crtend.o
LOAD d:/microsemi/softconsole_v4.0/softconsole_v4.0/arm-none-eabi-gcc/bin/../lib/gcc/arm-none-eabi/4.9.3/armv7-m/crtn.o
                0x00008000                PROVIDE (__executable_start, 0x8000)
                0x00008000                . = 0x8000

.interp
 *(.interp)

.note.gnu.build-id
 *(.note.gnu.build-id)

.hash
 *(.hash)

.gnu.hash
 *(.gnu.hash)

.dynsym
 *(.dynsym)

.dynstr
 *(.dynstr)

.gnu.version
 *(.gnu.version)

.gnu.version_d
 *(.gnu.version_d)

.gnu.version_r
 *(.gnu.version_r)

.rel.dyn        0x00008000        0x0
 *(.rel.init)
 *(.rel.text .rel.text.* .rel.gnu.linkonce.t.*)
 *(.rel.fini)
 *(.rel.rodata .rel.rodata.* .rel.gnu.linkonce.r.*)
 *(.rel.data.rel.ro .rel.data.rel.ro.* .rel.gnu.linkonce.d.rel.ro.*)
 *(.rel.data .rel.data.* .rel.gnu.linkonce.d.*)
 *(.rel.tdata .rel.tdata.* .rel.gnu.linkonce.td.*)
 *(.rel.tbss .rel.tbss.* .rel.gnu.linkonce.tb.*)
 *(.rel.ctors)
 *(.rel.dtors)
 *(.rel.got)
 *(.rel.bss .rel.bss.* .rel.gnu.linkonce.b.*)
                0x00008000                PROVIDE (__rel_iplt_start, .)
 *(.rel.iplt)
 .rel.iplt      0x00000000        0x0 d:/microsemi/softconsole_v4.0/softconsole_v4.0/arm-none-eabi-gcc/bin/../lib/gcc/arm-none-eabi/4.9.3/armv7-m/crtbegin.o
                0x00008000                PROVIDE (__rel_iplt_end, .)

.rela.dyn       0x00008000        0x0
 *(.rela.init)
 *(.rela.text .rela.text.* .rela.gnu.linkonce.t.*)
 *(.rela.fini)
 *(.rela.rodata .rela.rodata.* .rela.gnu.linkonce.r.*)
 *(.rela.data .rela.data.* .rela.gnu.linkonce.d.*)
 *(.rela.tdata .rela.tdata.* .rela.gnu.linkonce.td.*)
 *(.rela.tbss .rela.tbss.* .rela.gnu.linkonce.tb.*)
 *(.rela.ctors)
 *(.rela.dtors)
 *(.rela.got)
 *(.rela.bss .rela.bss.* .rela.gnu.linkonce.b.*)
                0x00008000                PROVIDE (__rela_iplt_start, .)
 *(.rela.iplt)
                0x00008000                PROVIDE (__rela_iplt_end, .)

.rel.plt
 *(.rel.plt)

.rela.plt
 *(.rela.plt)

.init           0x00008000        0xc
 *(SORT(.init))
 .init          0x00008000        0x4 d:/microsemi/softconsole_v4.0/softconsole_v4.0/arm-none-eabi-gcc/bin/../lib/gcc/arm-none-eabi/4.9.3/armv7-m/crti.o
                0x00008000                _init
 .init          0x00008004        0x8 d:/microsemi/softconsole_v4.0/softconsole_v4.0/arm-none-eabi-gcc/bin/../lib/gcc/arm-none-eabi/4.9.3/armv7-m/crtn.o

.plt
 *(.plt)

.iplt           0x0000800c        0x0
 *(.iplt)
 .iplt          0x00000000        0x0 d:/microsemi/softconsole_v4.0/softconsole_v4.0/arm-none-eabi-gcc/bin/../lib/gcc/arm-none-eabi/4.9.3/armv7-m/crtbegin.o

.text           0x0000800c      0x974
 *(.text.unlikely .text.*_unlikely .text.unlikely.*)
 *(.text.exit .text.exit.*)
 .text.exit     0x0000800c       0x28 d:/microsemi/softconsole_v4.0/softconsole_v4.0/arm-none-eabi-gcc/bin/../lib/gcc/arm-none-eabi/4.9.3/../../../../arm-none-eabi/lib/armv7-m\libg_nano.a(lib_a-exit.o)
                0x0000800c                exit
 *(.text.startup .text.startup.*)
 *(.text.hot .text.hot.*)
 *(.text .stub .text.* .gnu.linkonce.t.*)
 .text          0x00008034       0x5c d:/microsemi/softconsole_v4.0/softconsole_v4.0/arm-none-eabi-gcc/bin/../lib/gcc/arm-none-eabi/4.9.3/armv7-m/crtbegin.o
 .text          0x00008090       0x74 d:/microsemi/softconsole_v4.0/softconsole_v4.0/arm-none-eabi-gcc/bin/../lib/gcc/arm-none-eabi/4.9.3/../../../../arm-none-eabi/lib/armv7-m/crt0.o
                0x00008090                _start
                0x00008090                _mainCRTStartup
 .text.NVIC_ClearPendingIRQ
                0x00008104       0x34 ./drivers/mss_uart/mss_uart.o
 .text.set_bit_reg8
                0x00008138       0x38 ./drivers/mss_uart/mss_uart.o
 .text.clear_bit_reg8
                0x00008170       0x38 ./drivers/mss_uart/mss_uart.o
 .text.MSS_UART_init
                0x000081a8       0x70 ./drivers/mss_uart/mss_uart.o
                0x000081a8                MSS_UART_init
 .text.MSS_UART_polled_tx_string
                0x00008218       0xb4 ./drivers/mss_uart/mss_uart.o
                0x00008218                MSS_UART_polled_tx_string
 .text.config_baud_divisors
                0x000082cc      0x148 ./drivers/mss_uart/mss_uart.o
 .text.global_init
                0x00008414      0x1d8 ./drivers/mss_uart/mss_uart.o
 .text.default_tx_handler
                0x000085ec       0xe8 ./drivers/mss_uart/mss_uart.o
 .text._exit    0x000086d4        0xc ./CMSIS/startup_gcc/newlib_stubs.o
                0x000086d4                _exit
 .text.SystemCoreClockUpdate
                0x000086e0       0xf4 ./CMSIS/system_m2sxxx.o
                0x000086e0                SystemCoreClockUpdate
 .text.get_rcosc_25_50mhz_frequency
                0x000087d4       0x3c ./CMSIS/system_m2sxxx.o
 .text.set_clock_frequency_globals
                0x00008810       0x5c ./CMSIS/system_m2sxxx.o
 .text.copy_image_to_esram
                0x0000886c       0x48 ./main.o
                0x0000886c                copy_image_to_esram
 .text.remap_user_code_eSRAM_0
                0x000088b4       0x34 ./main.o
                0x000088b4                remap_user_code_eSRAM_0
 .text.main     0x000088e8       0x3c ./main.o
                0x000088e8                main
 .text.__libc_init_array
                0x00008924       0x4c d:/microsemi/softconsole_v4.0/softconsole_v4.0/arm-none-eabi-gcc/bin/../lib/gcc/arm-none-eabi/4.9.3/../../../../arm-none-eabi/lib/armv7-m\libg_nano.a(lib_a-init.o)
                0x00008924                __libc_init_array
 .text.memset   0x00008970       0x10 d:/microsemi/softconsole_v4.0/softconsole_v4.0/arm-none-eabi-gcc/bin/../lib/gcc/arm-none-eabi/4.9.3/../../../../arm-none-eabi/lib/armv7-m\libg_nano.a(lib_a-memset.o)
                0x00008970                memset
 *(.gnu.warning)
 *(.glue_7t)
 .glue_7t       0x00000000        0x0 linker stubs
 *(.glue_7)
 .glue_7        0x00000000        0x0 linker stubs
 *(.vfp11_veneer)
 .vfp11_veneer  0x00000000        0x0 linker stubs
 *(.v4_bx)
 .v4_bx         0x00000000        0x0 linker stubs

.fini           0x00008980        0xc
 *(SORT(.fini))
 .fini          0x00008980        0x4 d:/microsemi/softconsole_v4.0/softconsole_v4.0/arm-none-eabi-gcc/bin/../lib/gcc/arm-none-eabi/4.9.3/armv7-m/crti.o
                0x00008980                _fini
 .fini          0x00008984        0x8 d:/microsemi/softconsole_v4.0/softconsole_v4.0/arm-none-eabi-gcc/bin/../lib/gcc/arm-none-eabi/4.9.3/armv7-m/crtn.o
                0x0000898c                PROVIDE (__etext, .)
                0x0000898c                PROVIDE (_etext, .)
                0x0000898c                PROVIDE (etext, .)

.rodata         0x0000898c       0x68
 *(.rodata .rodata.* .gnu.linkonce.r.*)
 .rodata        0x0000898c        0x8 ./CMSIS/system_m2sxxx.o
 .rodata        0x00008994       0x58 ./main.o
 .rodata.str1.1
                0x000089ec        0x2 d:/microsemi/softconsole_v4.0/softconsole_v4.0/arm-none-eabi-gcc/bin/../lib/gcc/arm-none-eabi/4.9.3/../../../../arm-none-eabi/lib/armv7-m\libg_nano.a(lib_a-impure.o)
 *fill*         0x000089ee        0x2 
 .rodata._global_impure_ptr
                0x000089f0        0x4 d:/microsemi/softconsole_v4.0/softconsole_v4.0/arm-none-eabi-gcc/bin/../lib/gcc/arm-none-eabi/4.9.3/../../../../arm-none-eabi/lib/armv7-m\libg_nano.a(lib_a-impure.o)
                0x000089f0                _global_impure_ptr

.rodata1
 *(.rodata1)

.ARM.extab
 *(.ARM.extab* .gnu.linkonce.armextab.*)
                0x000089f4                PROVIDE (__exidx_start, .)

.ARM.exidx      0x000089f4        0x8
 *(.ARM.exidx* .gnu.linkonce.armexidx.*)
 .ARM.exidx     0x000089f4        0x8 d:/microsemi/softconsole_v4.0/softconsole_v4.0/arm-none-eabi-gcc/bin/../lib/gcc/arm-none-eabi/4.9.3/../../../../arm-none-eabi/lib/armv7-m/crt0.o
                0x000089fc                PROVIDE (__exidx_end, .)

.eh_frame_hdr
 *(.eh_frame_hdr)

.eh_frame       0x000089fc        0x4
 *(.eh_frame)
 .eh_frame      0x000089fc        0x0 d:/microsemi/softconsole_v4.0/softconsole_v4.0/arm-none-eabi-gcc/bin/../lib/gcc/arm-none-eabi/4.9.3/armv7-m/crtbegin.o
 .eh_frame      0x000089fc        0x4 d:/microsemi/softconsole_v4.0/softconsole_v4.0/arm-none-eabi-gcc/bin/../lib/gcc/arm-none-eabi/4.9.3/armv7-m/crtend.o

.gcc_except_table
 *(.gcc_except_table .gcc_except_table.*)

.exception_ranges
 *(.exception_ranges .exception_ranges*)
                0x00010a00                . = (ALIGN (0x8000) + (. & 0x7fff))

.eh_frame
 *(.eh_frame)

.gcc_except_table
 *(.gcc_except_table .gcc_except_table.*)

.exception_ranges
 *(.exception_ranges .exception_ranges*)

.tdata
 *(.tdata .tdata.* .gnu.linkonce.td.*)

.tbss
 *(.tbss .tbss.* .gnu.linkonce.tb.*)
 *(.tcommon)

.preinit_array  0x00010a00        0x0
                0x00010a00                PROVIDE (__preinit_array_start, .)
 *(.preinit_array)
                0x00010a00                PROVIDE (__preinit_array_end, .)

.init_array     0x00010a00        0x4
                0x00010a00                PROVIDE (__init_array_start, .)
 *(SORT(.init_array.*))
 *(.init_array)
 .init_array    0x00010a00        0x4 d:/microsemi/softconsole_v4.0/softconsole_v4.0/arm-none-eabi-gcc/bin/../lib/gcc/arm-none-eabi/4.9.3/armv7-m/crtbegin.o
                0x00010a04                PROVIDE (__init_array_end, .)

.fini_array     0x00010a04        0x4
                0x00010a04                PROVIDE (__fini_array_start, .)
 *(SORT(.fini_array.*))
 *(.fini_array)
 .fini_array    0x00010a04        0x4 d:/microsemi/softconsole_v4.0/softconsole_v4.0/arm-none-eabi-gcc/bin/../lib/gcc/arm-none-eabi/4.9.3/armv7-m/crtbegin.o
                0x00010a08                PROVIDE (__fini_array_end, .)

.ctors
 *crtbegin.o(.ctors)
 *crtbegin?.o(.ctors)
 *(EXCLUDE_FILE(*crtend?.o *crtend.o) .ctors)
 *(SORT(.ctors.*))
 *(.ctors)

.dtors
 *crtbegin.o(.dtors)
 *crtbegin?.o(.dtors)
 *(EXCLUDE_FILE(*crtend?.o *crtend.o) .dtors)
 *(SORT(.dtors.*))
 *(.dtors)

.jcr            0x00010a08        0x4
 *(.jcr)
 .jcr           0x00010a08        0x0 d:/microsemi/softconsole_v4.0/softconsole_v4.0/arm-none-eabi-gcc/bin/../lib/gcc/arm-none-eabi/4.9.3/armv7-m/crtbegin.o
 .jcr           0x00010a08        0x4 d:/microsemi/softconsole_v4.0/softconsole_v4.0/arm-none-eabi-gcc/bin/../lib/gcc/arm-none-eabi/4.9.3/armv7-m/crtend.o

.data.rel.ro
 *(.data.rel.ro.local* .gnu.linkonce.d.rel.ro.local.*)
 *(.data.rel.ro .data.rel.ro.* .gnu.linkonce.d.rel.ro.*)

.dynamic
 *(.dynamic)

.got            0x00010a0c        0x0
 *(.got.plt)
 *(.igot.plt)
 .igot.plt      0x00000000        0x0 d:/microsemi/softconsole_v4.0/softconsole_v4.0/arm-none-eabi-gcc/bin/../lib/gcc/arm-none-eabi/4.9.3/armv7-m/crtbegin.o
 *(.got)
 *(.igot)

.data           0x00010a0c       0x7c
                0x00010a0c                __data_start = .
 *(.data .data.* .gnu.linkonce.d.*)
 .data.SystemCoreClock
                0x00010a0c        0x4 ./CMSIS/system_m2sxxx.o
                0x00010a0c                SystemCoreClock
 .data.g_FrequencyPCLK0
                0x00010a10        0x4 ./CMSIS/system_m2sxxx.o
                0x00010a10                g_FrequencyPCLK0
 .data.g_FrequencyPCLK1
                0x00010a14        0x4 ./CMSIS/system_m2sxxx.o
                0x00010a14                g_FrequencyPCLK1
 .data.g_FrequencyPCLK2
                0x00010a18        0x4 ./CMSIS/system_m2sxxx.o
                0x00010a18                g_FrequencyPCLK2
 .data.g_FrequencyFIC0
                0x00010a1c        0x4 ./CMSIS/system_m2sxxx.o
                0x00010a1c                g_FrequencyFIC0
 .data.g_FrequencyFIC1
                0x00010a20        0x4 ./CMSIS/system_m2sxxx.o
                0x00010a20                g_FrequencyFIC1
 .data.g_FrequencyFIC64
                0x00010a24        0x4 ./CMSIS/system_m2sxxx.o
                0x00010a24                g_FrequencyFIC64
 .data.impure_data
                0x00010a28       0x60 d:/microsemi/softconsole_v4.0/softconsole_v4.0/arm-none-eabi-gcc/bin/../lib/gcc/arm-none-eabi/4.9.3/../../../../arm-none-eabi/lib/armv7-m\libg_nano.a(lib_a-impure.o)

.data1
 *(.data1)
                0x00010a88                _edata = .
                0x00010a88                PROVIDE (edata, .)
                0x00010a88                . = .
                0x00010a88                __bss_start = .
                0x00010a88                __bss_start__ = .

.bss            0x00010a88       0x9c
 *(.dynbss)
 *(.bss .bss.* .gnu.linkonce.b.*)
 .bss           0x00010a88       0x1c d:/microsemi/softconsole_v4.0/softconsole_v4.0/arm-none-eabi-gcc/bin/../lib/gcc/arm-none-eabi/4.9.3/armv7-m/crtbegin.o
 *(COMMON)
 COMMON         0x00010aa4       0x80 ./drivers/mss_uart/mss_uart.o
                0x00010aa4                g_mss_uart1
                0x00010ae4                g_mss_uart0
                0x00010b24                . = ALIGN ((. != 0x0)?0x4:0x1)
                0x00010b24                _bss_end__ = .
                0x00010b24                __bss_end__ = .
                0x00010b24                . = ALIGN (0x4)
                0x00010b24                . = SEGMENT_START ("ldata-segment", .)
                0x00010b24                . = ALIGN (0x4)
                0x00010b24                __end__ = .
                0x00010b24                _end = .
                0x00010b24                PROVIDE (end, .)

.stab
 *(.stab)

.stabstr
 *(.stabstr)

.stab.excl
 *(.stab.excl)

.stab.exclstr
 *(.stab.exclstr)

.stab.index
 *(.stab.index)

.stab.indexstr
 *(.stab.indexstr)

.comment        0x00000000       0x70
 *(.comment)
 .comment       0x00000000       0x70 ./hal/CortexM3/cortex_nvic.o
                                 0x71 (size before relaxing)
 .comment       0x00000000       0x71 ./drivers_config/sys_config/sys_config.o
 .comment       0x00000000       0x71 ./drivers/mss_uart/mss_uart.o
 .comment       0x00000000       0x71 ./drivers/mss_sys_services/mss_comblk.o
 .comment       0x00000000       0x71 ./drivers/mss_sys_services/mss_sys_services.o
 .comment       0x00000000       0x71 ./drivers/mss_nvm/mss_nvm.o
 .comment       0x00000000       0x71 ./drivers/mss_hpdma/mss_hpdma.o
 .comment       0x00000000       0x71 ./CMSIS/startup_gcc/newlib_stubs.o
 .comment       0x00000000       0x71 ./CMSIS/system_m2sxxx.o
 .comment       0x00000000       0x71 ./main.o

.debug
 *(.debug)

.line
 *(.line)

.debug_srcinfo
 *(.debug_srcinfo)

.debug_sfnames
 *(.debug_sfnames)

.debug_aranges  0x00000000      0x710
 *(.debug_aranges)
 .debug_aranges
                0x00000000       0x20 ./hal/CortexM3/GNU/hal.o
 .debug_aranges
                0x00000020       0x20 ./hal/CortexM3/GNU/hw_reg_access.o
 .debug_aranges
                0x00000040       0x48 ./hal/CortexM3/cortex_nvic.o
 .debug_aranges
                0x00000088       0x18 ./drivers_config/sys_config/sys_config.o
 .debug_aranges
                0x000000a0      0x1d0 ./drivers/mss_uart/mss_uart.o
 .debug_aranges
                0x00000270       0x90 ./drivers/mss_sys_services/mss_comblk.o
 .debug_aranges
                0x00000300      0x1c8 ./drivers/mss_sys_services/mss_sys_services.o
 .debug_aranges
                0x000004c8       0x80 ./drivers/mss_nvm/mss_nvm.o
 .debug_aranges
                0x00000548       0x80 ./drivers/mss_hpdma/mss_hpdma.o
 .debug_aranges
                0x000005c8       0xa8 ./CMSIS/startup_gcc/newlib_stubs.o
 .debug_aranges
                0x00000670       0x20 ./CMSIS/startup_gcc/startup_m2sxxx.o
 .debug_aranges
                0x00000690       0x50 ./CMSIS/system_m2sxxx.o
 .debug_aranges
                0x000006e0       0x30 ./main.o

.debug_pubnames
 *(.debug_pubnames)

.debug_info     0x00000000     0x8baa
 *(.debug_info .gnu.linkonce.wi.*)
 .debug_info    0x00000000       0xa1 ./hal/CortexM3/GNU/hal.o
 .debug_info    0x000000a1       0xab ./hal/CortexM3/GNU/hw_reg_access.o
 .debug_info    0x0000014c      0x18b ./hal/CortexM3/cortex_nvic.o
 .debug_info    0x000002d7       0x96 ./drivers_config/sys_config/sys_config.o
 .debug_info    0x0000036d     0x1cc5 ./drivers/mss_uart/mss_uart.o
 .debug_info    0x00002032      0xb0d ./drivers/mss_sys_services/mss_comblk.o
 .debug_info    0x00002b3f     0x1e16 ./drivers/mss_sys_services/mss_sys_services.o
 .debug_info    0x00004955     0x114e ./drivers/mss_nvm/mss_nvm.o
 .debug_info    0x00005aa3     0x1169 ./drivers/mss_hpdma/mss_hpdma.o
 .debug_info    0x00006c0c      0x692 ./CMSIS/startup_gcc/newlib_stubs.o
 .debug_info    0x0000729e       0xad ./CMSIS/startup_gcc/startup_m2sxxx.o
 .debug_info    0x0000734b      0xaa3 ./CMSIS/system_m2sxxx.o
 .debug_info    0x00007dee      0xdbc ./main.o

.debug_abbrev   0x00000000     0x1181
 *(.debug_abbrev)
 .debug_abbrev  0x00000000       0x14 ./hal/CortexM3/GNU/hal.o
 .debug_abbrev  0x00000014       0x14 ./hal/CortexM3/GNU/hw_reg_access.o
 .debug_abbrev  0x00000028       0xa3 ./hal/CortexM3/cortex_nvic.o
 .debug_abbrev  0x000000cb       0x4e ./drivers_config/sys_config/sys_config.o
 .debug_abbrev  0x00000119      0x2e6 ./drivers/mss_uart/mss_uart.o
 .debug_abbrev  0x000003ff      0x1d2 ./drivers/mss_sys_services/mss_comblk.o
 .debug_abbrev  0x000005d1      0x251 ./drivers/mss_sys_services/mss_sys_services.o
 .debug_abbrev  0x00000822      0x1cb ./drivers/mss_nvm/mss_nvm.o
 .debug_abbrev  0x000009ed      0x246 ./drivers/mss_hpdma/mss_hpdma.o
 .debug_abbrev  0x00000c33      0x1c4 ./CMSIS/startup_gcc/newlib_stubs.o
 .debug_abbrev  0x00000df7       0x14 ./CMSIS/startup_gcc/startup_m2sxxx.o
 .debug_abbrev  0x00000e0b      0x189 ./CMSIS/system_m2sxxx.o
 .debug_abbrev  0x00000f94      0x1ed ./main.o

.debug_line     0x00000000     0x41e8
 *(.debug_line .debug_line.* .debug_line_end)
 .debug_line    0x00000000       0x4d ./hal/CortexM3/GNU/hal.o
 .debug_line    0x0000004d       0x8b ./hal/CortexM3/GNU/hw_reg_access.o
 .debug_line    0x000000d8      0x2f4 ./hal/CortexM3/cortex_nvic.o
 .debug_line    0x000003cc      0x2ff ./drivers_config/sys_config/sys_config.o
 .debug_line    0x000006cb      0xe86 ./drivers/mss_uart/mss_uart.o
 .debug_line    0x00001551      0x592 ./drivers/mss_sys_services/mss_comblk.o
 .debug_line    0x00001ae3      0xe04 ./drivers/mss_sys_services/mss_sys_services.o
 .debug_line    0x000028e7      0x6eb ./drivers/mss_nvm/mss_nvm.o
 .debug_line    0x00002fd2      0x4bc ./drivers/mss_hpdma/mss_hpdma.o
 .debug_line    0x0000348e      0x45e ./CMSIS/startup_gcc/newlib_stubs.o
 .debug_line    0x000038ec      0x190 ./CMSIS/startup_gcc/startup_m2sxxx.o
 .debug_line    0x00003a7c      0x3a9 ./CMSIS/system_m2sxxx.o
 .debug_line    0x00003e25      0x3c3 ./main.o

.debug_frame    0x00000000     0x1c34
 *(.debug_frame)
 .debug_frame   0x00000000       0xf8 ./hal/CortexM3/cortex_nvic.o
 .debug_frame   0x000000f8      0x820 ./drivers/mss_uart/mss_uart.o
 .debug_frame   0x00000918      0x240 ./drivers/mss_sys_services/mss_comblk.o
 .debug_frame   0x00000b58      0x7e0 ./drivers/mss_sys_services/mss_sys_services.o
 .debug_frame   0x00001338      0x208 ./drivers/mss_nvm/mss_nvm.o
 .debug_frame   0x00001540      0x210 ./drivers/mss_hpdma/mss_hpdma.o
 .debug_frame   0x00001750      0x2a8 ./CMSIS/startup_gcc/newlib_stubs.o
 .debug_frame   0x000019f8      0x10c ./CMSIS/system_m2sxxx.o
 .debug_frame   0x00001b04       0x74 ./main.o
 .debug_frame   0x00001b78       0x20 d:/microsemi/softconsole_v4.0/softconsole_v4.0/arm-none-eabi-gcc/bin/../lib/gcc/arm-none-eabi/4.9.3/../../../../arm-none-eabi/lib/armv7-m\libg_nano.a(lib_a-errno.o)
 .debug_frame   0x00001b98       0x28 d:/microsemi/softconsole_v4.0/softconsole_v4.0/arm-none-eabi-gcc/bin/../lib/gcc/arm-none-eabi/4.9.3/../../../../arm-none-eabi/lib/armv7-m\libg_nano.a(lib_a-exit.o)
 .debug_frame   0x00001bc0       0x2c d:/microsemi/softconsole_v4.0/softconsole_v4.0/arm-none-eabi-gcc/bin/../lib/gcc/arm-none-eabi/4.9.3/../../../../arm-none-eabi/lib/armv7-m\libg_nano.a(lib_a-init.o)
 .debug_frame   0x00001bec       0x28 d:/microsemi/softconsole_v4.0/softconsole_v4.0/arm-none-eabi-gcc/bin/../lib/gcc/arm-none-eabi/4.9.3/../../../../arm-none-eabi/lib/armv7-m\libg_nano.a(lib_a-memcpy.o)
 .debug_frame   0x00001c14       0x20 d:/microsemi/softconsole_v4.0/softconsole_v4.0/arm-none-eabi-gcc/bin/../lib/gcc/arm-none-eabi/4.9.3/../../../../arm-none-eabi/lib/armv7-m\libg_nano.a(lib_a-memset.o)

.debug_str      0x00000000    0x1308f
 *(.debug_str)
 .debug_str     0x00000000     0x34ad ./hal/CortexM3/cortex_nvic.o
                               0x3635 (size before relaxing)
 .debug_str     0x000034ad     0x5703 ./drivers_config/sys_config/sys_config.o
                               0x8724 (size before relaxing)
 .debug_str     0x00008bb0     0x257d ./drivers/mss_uart/mss_uart.o
                               0xb0b3 (size before relaxing)
 .debug_str     0x0000b12d      0x4be ./drivers/mss_sys_services/mss_comblk.o
                               0x94f2 (size before relaxing)
 .debug_str     0x0000b5eb     0x4192 ./drivers/mss_sys_services/mss_sys_services.o
                               0xd714 (size before relaxing)
 .debug_str     0x0000f77d      0xcd7 ./drivers/mss_nvm/mss_nvm.o
                               0x9e55 (size before relaxing)
 .debug_str     0x00010454      0x762 ./drivers/mss_hpdma/mss_hpdma.o
                               0x9e0c (size before relaxing)
 .debug_str     0x00010bb6     0x1eec ./CMSIS/startup_gcc/newlib_stubs.o
                               0x6a44 (size before relaxing)
 .debug_str     0x00012aa2      0x530 ./CMSIS/system_m2sxxx.o
                               0x93d3 (size before relaxing)
 .debug_str     0x00012fd2       0xbd ./main.o
                               0x9cf9 (size before relaxing)

.debug_loc
 *(.debug_loc)

.debug_macinfo
 *(.debug_macinfo)

.debug_weaknames
 *(.debug_weaknames)

.debug_funcnames
 *(.debug_funcnames)

.debug_typenames
 *(.debug_typenames)

.debug_varnames
 *(.debug_varnames)

.debug_pubtypes
 *(.debug_pubtypes)

.debug_ranges   0x00000000      0x608
 *(.debug_ranges)
 .debug_ranges  0x00000000       0x38 ./hal/CortexM3/cortex_nvic.o
 .debug_ranges  0x00000038      0x1c0 ./drivers/mss_uart/mss_uart.o
 .debug_ranges  0x000001f8       0x80 ./drivers/mss_sys_services/mss_comblk.o
 .debug_ranges  0x00000278      0x1b8 ./drivers/mss_sys_services/mss_sys_services.o
 .debug_ranges  0x00000430       0x70 ./drivers/mss_nvm/mss_nvm.o
 .debug_ranges  0x000004a0       0x70 ./drivers/mss_hpdma/mss_hpdma.o
 .debug_ranges  0x00000510       0x98 ./CMSIS/startup_gcc/newlib_stubs.o
 .debug_ranges  0x000005a8       0x40 ./CMSIS/system_m2sxxx.o
 .debug_ranges  0x000005e8       0x20 ./main.o

.debug_macro    0x00000000     0x4309
 *(.debug_macro)
 .debug_macro   0x00000000       0xa8 ./hal/CortexM3/cortex_nvic.o
 .debug_macro   0x000000a8      0x862 ./hal/CortexM3/cortex_nvic.o
 .debug_macro   0x0000090a       0x22 ./hal/CortexM3/cortex_nvic.o
 .debug_macro   0x0000092c       0x44 ./hal/CortexM3/cortex_nvic.o
 .debug_macro   0x00000970       0x58 ./hal/CortexM3/cortex_nvic.o
 .debug_macro   0x000009c8       0x22 ./hal/CortexM3/cortex_nvic.o
 .debug_macro   0x000009ea      0x1df ./hal/CortexM3/cortex_nvic.o
 .debug_macro   0x00000bc9       0x58 ./hal/CortexM3/cortex_nvic.o
 .debug_macro   0x00000c21       0x35 ./hal/CortexM3/cortex_nvic.o
 .debug_macro   0x00000c56       0x9c ./hal/CortexM3/cortex_nvic.o
 .debug_macro   0x00000cf2       0x1c ./hal/CortexM3/cortex_nvic.o
 .debug_macro   0x00000d0e       0xa9 ./drivers_config/sys_config/sys_config.o
 .debug_macro   0x00000db7       0x26 ./drivers_config/sys_config/sys_config.o
 .debug_macro   0x00000ddd       0x3a ./drivers_config/sys_config/sys_config.o
 .debug_macro   0x00000e17       0x34 ./drivers_config/sys_config/sys_config.o
 .debug_macro   0x00000e4b      0xc83 ./drivers_config/sys_config/sys_config.o
 .debug_macro   0x00001ace      0x265 ./drivers_config/sys_config/sys_config.o
 .debug_macro   0x00001d33       0x3a ./drivers_config/sys_config/sys_config.o
 .debug_macro   0x00001d6d       0x34 ./drivers_config/sys_config/sys_config.o
 .debug_macro   0x00001da1      0x168 ./drivers/mss_uart/mss_uart.o
 .debug_macro   0x00001f09      0x16d ./drivers/mss_uart/mss_uart.o
 .debug_macro   0x00002076      0x177 ./drivers/mss_uart/mss_uart.o
 .debug_macro   0x000021ed       0xe2 ./drivers/mss_uart/mss_uart.o
 .debug_macro   0x000022cf       0x22 ./drivers/mss_uart/mss_uart.o
 .debug_macro   0x000022f1      0x14b ./drivers/mss_sys_services/mss_comblk.o
 .debug_macro   0x0000243c      0x3bd ./drivers/mss_sys_services/mss_sys_services.o
 .debug_macro   0x000027f9      0x2f8 ./drivers/mss_sys_services/mss_sys_services.o
 .debug_macro   0x00002af1       0x52 ./drivers/mss_sys_services/mss_sys_services.o
 .debug_macro   0x00002b43       0x16 ./drivers/mss_sys_services/mss_sys_services.o
 .debug_macro   0x00002b59       0x43 ./drivers/mss_sys_services/mss_sys_services.o
 .debug_macro   0x00002b9c      0x180 ./drivers/mss_sys_services/mss_sys_services.o
 .debug_macro   0x00002d1c      0x27a ./drivers/mss_sys_services/mss_sys_services.o
 .debug_macro   0x00002f96       0x10 ./drivers/mss_sys_services/mss_sys_services.o
 .debug_macro   0x00002fa6       0x35 ./drivers/mss_sys_services/mss_sys_services.o
 .debug_macro   0x00002fdb      0x292 ./drivers/mss_nvm/mss_nvm.o
 .debug_macro   0x0000326d       0x16 ./drivers/mss_nvm/mss_nvm.o
 .debug_macro   0x00003283      0x134 ./drivers/mss_hpdma/mss_hpdma.o
 .debug_macro   0x000033b7       0x4a ./drivers/mss_hpdma/mss_hpdma.o
 .debug_macro   0x00003401       0x10 ./drivers/mss_hpdma/mss_hpdma.o
 .debug_macro   0x00003411      0x186 ./CMSIS/startup_gcc/newlib_stubs.o
 .debug_macro   0x00003597       0x16 ./CMSIS/startup_gcc/newlib_stubs.o
 .debug_macro   0x000035ad      0x10e ./CMSIS/startup_gcc/newlib_stubs.o
 .debug_macro   0x000036bb       0x86 ./CMSIS/startup_gcc/newlib_stubs.o
 .debug_macro   0x00003741       0x16 ./CMSIS/startup_gcc/newlib_stubs.o
 .debug_macro   0x00003757       0x29 ./CMSIS/startup_gcc/newlib_stubs.o
 .debug_macro   0x00003780       0x16 ./CMSIS/startup_gcc/newlib_stubs.o
 .debug_macro   0x00003796       0x10 ./CMSIS/startup_gcc/newlib_stubs.o
 .debug_macro   0x000037a6       0x22 ./CMSIS/startup_gcc/newlib_stubs.o
 .debug_macro   0x000037c8       0xbe ./CMSIS/startup_gcc/newlib_stubs.o
 .debug_macro   0x00003886      0x48e ./CMSIS/startup_gcc/newlib_stubs.o
 .debug_macro   0x00003d14       0x16 ./CMSIS/startup_gcc/newlib_stubs.o
 .debug_macro   0x00003d2a       0x10 ./CMSIS/startup_gcc/newlib_stubs.o
 .debug_macro   0x00003d3a       0x10 ./CMSIS/startup_gcc/newlib_stubs.o
 .debug_macro   0x00003d4a       0x10 ./CMSIS/startup_gcc/newlib_stubs.o
 .debug_macro   0x00003d5a       0x35 ./CMSIS/startup_gcc/newlib_stubs.o
 .debug_macro   0x00003d8f      0x122 ./CMSIS/startup_gcc/newlib_stubs.o
 .debug_macro   0x00003eb1       0x10 ./CMSIS/startup_gcc/newlib_stubs.o
 .debug_macro   0x00003ec1      0x241 ./CMSIS/startup_gcc/newlib_stubs.o
 .debug_macro   0x00004102      0x155 ./CMSIS/system_m2sxxx.o
 .debug_macro   0x00004257       0xb2 ./main.o

.stack          0x00080000        0x0
                0x00080000                _stack = .
 *(.stack)

.ARM.attributes
                0x00000000       0x29
 *(.ARM.attributes)
 .ARM.attributes
                0x00000000       0x1d d:/microsemi/softconsole_v4.0/softconsole_v4.0/arm-none-eabi-gcc/bin/../lib/gcc/arm-none-eabi/4.9.3/armv7-m/crti.o
 .ARM.attributes
                0x0000001d       0x2d d:/microsemi/softconsole_v4.0/softconsole_v4.0/arm-none-eabi-gcc/bin/../lib/gcc/arm-none-eabi/4.9.3/armv7-m/crtbegin.o
 .ARM.attributes
                0x0000004a       0x1b d:/microsemi/softconsole_v4.0/softconsole_v4.0/arm-none-eabi-gcc/bin/../lib/gcc/arm-none-eabi/4.9.3/../../../../arm-none-eabi/lib/armv7-m/crt0.o
 .ARM.attributes
                0x00000065       0x21 ./hal/CortexM3/GNU/hal.o
 .ARM.attributes
                0x00000086       0x21 ./hal/CortexM3/GNU/hw_reg_access.o
 .ARM.attributes
                0x000000a7       0x33 ./hal/CortexM3/cortex_nvic.o
 .ARM.attributes
                0x000000da       0x33 ./drivers_config/sys_config/sys_config.o
 .ARM.attributes
                0x0000010d       0x33 ./drivers/mss_uart/mss_uart.o
 .ARM.attributes
                0x00000140       0x33 ./drivers/mss_sys_services/mss_comblk.o
 .ARM.attributes
                0x00000173       0x33 ./drivers/mss_sys_services/mss_sys_services.o
 .ARM.attributes
                0x000001a6       0x33 ./drivers/mss_nvm/mss_nvm.o
 .ARM.attributes
                0x000001d9       0x33 ./drivers/mss_hpdma/mss_hpdma.o
 .ARM.attributes
                0x0000020c       0x33 ./CMSIS/startup_gcc/newlib_stubs.o
 .ARM.attributes
                0x0000023f       0x21 ./CMSIS/startup_gcc/startup_m2sxxx.o
 .ARM.attributes
                0x00000260       0x33 ./CMSIS/system_m2sxxx.o
 .ARM.attributes
                0x00000293       0x33 ./main.o
 .ARM.attributes
                0x000002c6       0x2d d:/microsemi/softconsole_v4.0/softconsole_v4.0/arm-none-eabi-gcc/bin/../lib/gcc/arm-none-eabi/4.9.3/../../../../arm-none-eabi/lib/armv7-m\libg_nano.a(lib_a-errno.o)
 .ARM.attributes
                0x000002f3       0x2d d:/microsemi/softconsole_v4.0/softconsole_v4.0/arm-none-eabi-gcc/bin/../lib/gcc/arm-none-eabi/4.9.3/../../../../arm-none-eabi/lib/armv7-m\libg_nano.a(lib_a-exit.o)
 .ARM.attributes
                0x00000320       0x2d d:/microsemi/softconsole_v4.0/softconsole_v4.0/arm-none-eabi-gcc/bin/../lib/gcc/arm-none-eabi/4.9.3/../../../../arm-none-eabi/lib/armv7-m\libg_nano.a(lib_a-impure.o)
 .ARM.attributes
                0x0000034d       0x2d d:/microsemi/softconsole_v4.0/softconsole_v4.0/arm-none-eabi-gcc/bin/../lib/gcc/arm-none-eabi/4.9.3/../../../../arm-none-eabi/lib/armv7-m\libg_nano.a(lib_a-init.o)
 .ARM.attributes
                0x0000037a       0x2d d:/microsemi/softconsole_v4.0/softconsole_v4.0/arm-none-eabi-gcc/bin/../lib/gcc/arm-none-eabi/4.9.3/../../../../arm-none-eabi/lib/armv7-m\libg_nano.a(lib_a-memcpy.o)
 .ARM.attributes
                0x000003a7       0x2d d:/microsemi/softconsole_v4.0/softconsole_v4.0/arm-none-eabi-gcc/bin/../lib/gcc/arm-none-eabi/4.9.3/../../../../arm-none-eabi/lib/armv7-m\libg_nano.a(lib_a-memset.o)
 .ARM.attributes
                0x000003d4       0x2d d:/microsemi/softconsole_v4.0/softconsole_v4.0/arm-none-eabi-gcc/bin/../lib/gcc/arm-none-eabi/4.9.3/armv7-m/crtend.o
 .ARM.attributes
                0x00000401       0x1d d:/microsemi/softconsole_v4.0/softconsole_v4.0/arm-none-eabi-gcc/bin/../lib/gcc/arm-none-eabi/4.9.3/armv7-m/crtn.o
 *(.gnu.attributes)

.note.gnu.arm.ident
 *(.note.gnu.arm.ident)

/DISCARD/
 *(.note.GNU-stack)
 *(.gnu_debuglink)
 *(.gnu.lto_*)
OUTPUT(demo_MSS_CM3_boot_loader.elf elf32-littlearm)
