Archive member included to satisfy reference by file (symbol)

c:/microchip/softconsole-v2021.1/arm-none-eabi-gcc/bin/../lib/gcc/arm-none-eabi/9.2.1/../../../../arm-none-eabi/lib/thumb/v7-m/nofp\libg_nano.a(lib_a-atoi.o)
                              ./main.o (atoi)
c:/microchip/softconsole-v2021.1/arm-none-eabi-gcc/bin/../lib/gcc/arm-none-eabi/9.2.1/../../../../arm-none-eabi/lib/thumb/v7-m/nofp\libg_nano.a(lib_a-errno.o)
                              ./CMSIS/startup_gcc/newlib_stubs.o (__errno)
c:/microchip/softconsole-v2021.1/arm-none-eabi-gcc/bin/../lib/gcc/arm-none-eabi/9.2.1/../../../../arm-none-eabi/lib/thumb/v7-m/nofp\libg_nano.a(lib_a-exit.o)
                              c:/microchip/softconsole-v2021.1/arm-none-eabi-gcc/bin/../lib/gcc/arm-none-eabi/9.2.1/../../../../arm-none-eabi/lib/thumb/v7-m/nofp/crt0.o (exit)
c:/microchip/softconsole-v2021.1/arm-none-eabi-gcc/bin/../lib/gcc/arm-none-eabi/9.2.1/../../../../arm-none-eabi/lib/thumb/v7-m/nofp\libg_nano.a(lib_a-impure.o)
                              c:/microchip/softconsole-v2021.1/arm-none-eabi-gcc/bin/../lib/gcc/arm-none-eabi/9.2.1/../../../../arm-none-eabi/lib/thumb/v7-m/nofp\libg_nano.a(lib_a-exit.o) (_global_impure_ptr)
c:/microchip/softconsole-v2021.1/arm-none-eabi-gcc/bin/../lib/gcc/arm-none-eabi/9.2.1/../../../../arm-none-eabi/lib/thumb/v7-m/nofp\libg_nano.a(lib_a-init.o)
                              c:/microchip/softconsole-v2021.1/arm-none-eabi-gcc/bin/../lib/gcc/arm-none-eabi/9.2.1/../../../../arm-none-eabi/lib/thumb/v7-m/nofp/crt0.o (__libc_init_array)
c:/microchip/softconsole-v2021.1/arm-none-eabi-gcc/bin/../lib/gcc/arm-none-eabi/9.2.1/../../../../arm-none-eabi/lib/thumb/v7-m/nofp\libg_nano.a(lib_a-memcpy-stub.o)
                              ./drivers/mss_sys_services/mss_sys_services.o (memcpy)
c:/microchip/softconsole-v2021.1/arm-none-eabi-gcc/bin/../lib/gcc/arm-none-eabi/9.2.1/../../../../arm-none-eabi/lib/thumb/v7-m/nofp\libg_nano.a(lib_a-memset.o)
                              c:/microchip/softconsole-v2021.1/arm-none-eabi-gcc/bin/../lib/gcc/arm-none-eabi/9.2.1/../../../../arm-none-eabi/lib/thumb/v7-m/nofp/crt0.o (memset)
c:/microchip/softconsole-v2021.1/arm-none-eabi-gcc/bin/../lib/gcc/arm-none-eabi/9.2.1/../../../../arm-none-eabi/lib/thumb/v7-m/nofp\libg_nano.a(lib_a-strtol.o)
                              c:/microchip/softconsole-v2021.1/arm-none-eabi-gcc/bin/../lib/gcc/arm-none-eabi/9.2.1/../../../../arm-none-eabi/lib/thumb/v7-m/nofp\libg_nano.a(lib_a-atoi.o) (_strtol_r)
c:/microchip/softconsole-v2021.1/arm-none-eabi-gcc/bin/../lib/gcc/arm-none-eabi/9.2.1/../../../../arm-none-eabi/lib/thumb/v7-m/nofp\libg_nano.a(lib_a-ctype_.o)
                              c:/microchip/softconsole-v2021.1/arm-none-eabi-gcc/bin/../lib/gcc/arm-none-eabi/9.2.1/../../../../arm-none-eabi/lib/thumb/v7-m/nofp\libg_nano.a(lib_a-strtol.o) (_ctype_)

Allocating common symbols
Common symbol       size              file

g_mss_uart1         0x40              ./drivers/mss_uart/mss_uart.o
g_mss_i2c0          0x74              ./drivers/mss_i2c/mss_i2c.o
g_mss_uart0         0x40              ./drivers/mss_uart/mss_uart.o
dummy_g_page_buffer
                    0x14              ./main.o
g_mss_i2c1          0x74              ./drivers/mss_i2c/mss_i2c.o

Discarded input sections

 .text          0x0000000000000000        0x0 c:/microchip/softconsole-v2021.1/arm-none-eabi-gcc/bin/../lib/gcc/arm-none-eabi/9.2.1/thumb/v7-m/nofp/crti.o
 .data          0x0000000000000000        0x0 c:/microchip/softconsole-v2021.1/arm-none-eabi-gcc/bin/../lib/gcc/arm-none-eabi/9.2.1/thumb/v7-m/nofp/crti.o
 .bss           0x0000000000000000        0x0 c:/microchip/softconsole-v2021.1/arm-none-eabi-gcc/bin/../lib/gcc/arm-none-eabi/9.2.1/thumb/v7-m/nofp/crti.o
 .text          0x0000000000000000        0x0 c:/microchip/softconsole-v2021.1/arm-none-eabi-gcc/bin/../lib/gcc/arm-none-eabi/9.2.1/thumb/v7-m/nofp/crtbegin.o
 .data          0x0000000000000000        0x0 c:/microchip/softconsole-v2021.1/arm-none-eabi-gcc/bin/../lib/gcc/arm-none-eabi/9.2.1/thumb/v7-m/nofp/crtbegin.o
 .bss           0x0000000000000000        0x0 c:/microchip/softconsole-v2021.1/arm-none-eabi-gcc/bin/../lib/gcc/arm-none-eabi/9.2.1/thumb/v7-m/nofp/crtbegin.o
 .data.__dso_handle
                0x0000000000000000        0x4 c:/microchip/softconsole-v2021.1/arm-none-eabi-gcc/bin/../lib/gcc/arm-none-eabi/9.2.1/thumb/v7-m/nofp/crtbegin.o
 .text          0x0000000000000000       0x74 c:/microchip/softconsole-v2021.1/arm-none-eabi-gcc/bin/../lib/gcc/arm-none-eabi/9.2.1/../../../../arm-none-eabi/lib/thumb/v7-m/nofp/crt0.o
 .data          0x0000000000000000        0x0 c:/microchip/softconsole-v2021.1/arm-none-eabi-gcc/bin/../lib/gcc/arm-none-eabi/9.2.1/../../../../arm-none-eabi/lib/thumb/v7-m/nofp/crt0.o
 .bss           0x0000000000000000        0x0 c:/microchip/softconsole-v2021.1/arm-none-eabi-gcc/bin/../lib/gcc/arm-none-eabi/9.2.1/../../../../arm-none-eabi/lib/thumb/v7-m/nofp/crt0.o
 .ARM.extab     0x0000000000000000        0x0 c:/microchip/softconsole-v2021.1/arm-none-eabi-gcc/bin/../lib/gcc/arm-none-eabi/9.2.1/../../../../arm-none-eabi/lib/thumb/v7-m/nofp/crt0.o
 .ARM.exidx     0x0000000000000000        0x8 c:/microchip/softconsole-v2021.1/arm-none-eabi-gcc/bin/../lib/gcc/arm-none-eabi/9.2.1/../../../../arm-none-eabi/lib/thumb/v7-m/nofp/crt0.o
 .text          0x0000000000000000        0xe ./hal/CortexM3/GNU/hal.o
 .data          0x0000000000000000        0x0 ./hal/CortexM3/GNU/hal.o
 .bss           0x0000000000000000        0x0 ./hal/CortexM3/GNU/hal.o
 .debug_line    0x0000000000000000       0x4d ./hal/CortexM3/GNU/hal.o
 .debug_info    0x0000000000000000       0x26 ./hal/CortexM3/GNU/hal.o
 .debug_abbrev  0x0000000000000000       0x14 ./hal/CortexM3/GNU/hal.o
 .debug_aranges
                0x0000000000000000       0x20 ./hal/CortexM3/GNU/hal.o
 .debug_str     0x0000000000000000       0x70 ./hal/CortexM3/GNU/hal.o
 .text          0x0000000000000000       0x90 ./hal/CortexM3/GNU/hw_reg_access.o
 .data          0x0000000000000000        0x0 ./hal/CortexM3/GNU/hw_reg_access.o
 .bss           0x0000000000000000        0x0 ./hal/CortexM3/GNU/hw_reg_access.o
 .debug_line    0x0000000000000000       0x8b ./hal/CortexM3/GNU/hw_reg_access.o
 .debug_info    0x0000000000000000       0x26 ./hal/CortexM3/GNU/hw_reg_access.o
 .debug_abbrev  0x0000000000000000       0x14 ./hal/CortexM3/GNU/hw_reg_access.o
 .debug_aranges
                0x0000000000000000       0x20 ./hal/CortexM3/GNU/hw_reg_access.o
 .debug_str     0x0000000000000000       0x7a ./hal/CortexM3/GNU/hw_reg_access.o
 .text          0x0000000000000000        0x0 ./hal/CortexM3/cortex_nvic.o
 .data          0x0000000000000000        0x0 ./hal/CortexM3/cortex_nvic.o
 .bss           0x0000000000000000        0x0 ./hal/CortexM3/cortex_nvic.o
 .text.NVIC_init
                0x0000000000000000        0x4 ./hal/CortexM3/cortex_nvic.o
 .text.NVIC_set_handler
                0x0000000000000000        0x4 ./hal/CortexM3/cortex_nvic.o
 .text.NVIC_set_priority
                0x0000000000000000        0x4 ./hal/CortexM3/cortex_nvic.o
 .text.NVIC_enable_interrupt
                0x0000000000000000        0x4 ./hal/CortexM3/cortex_nvic.o
 .text.NVIC_disable_interrupt
                0x0000000000000000        0x4 ./hal/CortexM3/cortex_nvic.o
 .text.NVIC_clear_interrupt
                0x0000000000000000        0x4 ./hal/CortexM3/cortex_nvic.o
 .debug_info    0x0000000000000000      0x18a ./hal/CortexM3/cortex_nvic.o
 .debug_abbrev  0x0000000000000000       0xe0 ./hal/CortexM3/cortex_nvic.o
 .debug_aranges
                0x0000000000000000       0x38 ./hal/CortexM3/cortex_nvic.o
 .debug_ranges  0x0000000000000000       0x28 ./hal/CortexM3/cortex_nvic.o
 .debug_line    0x0000000000000000      0x18e ./hal/CortexM3/cortex_nvic.o
 .debug_str     0x0000000000000000      0x291 ./hal/CortexM3/cortex_nvic.o
 .comment       0x0000000000000000       0x67 ./hal/CortexM3/cortex_nvic.o
 .debug_frame   0x0000000000000000       0x70 ./hal/CortexM3/cortex_nvic.o
 .text          0x0000000000000000        0x0 ./drivers_config/sys_config/sys_config.o
 .data          0x0000000000000000        0x0 ./drivers_config/sys_config/sys_config.o
 .bss           0x0000000000000000        0x0 ./drivers_config/sys_config/sys_config.o
 .debug_info    0x0000000000000000       0x8e ./drivers_config/sys_config/sys_config.o
 .debug_abbrev  0x0000000000000000       0x4f ./drivers_config/sys_config/sys_config.o
 .debug_aranges
                0x0000000000000000       0x18 ./drivers_config/sys_config/sys_config.o
 .debug_line    0x0000000000000000      0x113 ./drivers_config/sys_config/sys_config.o
 .debug_str     0x0000000000000000      0x1e8 ./drivers_config/sys_config/sys_config.o
 .comment       0x0000000000000000       0x67 ./drivers_config/sys_config/sys_config.o
 .text          0x0000000000000000        0x0 ./drivers/mss_uart/mss_uart.o
 .data          0x0000000000000000        0x0 ./drivers/mss_uart/mss_uart.o
 .bss           0x0000000000000000        0x0 ./drivers/mss_uart/mss_uart.o
 .text.NVIC_EnableIRQ
                0x0000000000000000       0x18 ./drivers/mss_uart/mss_uart.o
 .text.NVIC_ClearPendingIRQ
                0x0000000000000000       0x1c ./drivers/mss_uart/mss_uart.o
 .text.MSS_UART_lin_init
                0x0000000000000000       0x44 ./drivers/mss_uart/mss_uart.o
 .text.MSS_UART_irda_init
                0x0000000000000000       0x84 ./drivers/mss_uart/mss_uart.o
 .text.MSS_UART_smartcard_init
                0x0000000000000000       0x5c ./drivers/mss_uart/mss_uart.o
 .text.MSS_UART_polled_tx_string
                0x0000000000000000       0x4c ./drivers/mss_uart/mss_uart.o
 .text.MSS_UART_irq_tx
                0x0000000000000000       0x60 ./drivers/mss_uart/mss_uart.o
 .text.MSS_UART_tx_complete
                0x0000000000000000       0x34 ./drivers/mss_uart/mss_uart.o
 .text.MSS_UART_get_rx
                0x0000000000000000       0x68 ./drivers/mss_uart/mss_uart.o
 .text.MSS_UART_enable_irq
                0x0000000000000000       0x60 ./drivers/mss_uart/mss_uart.o
 .text.MSS_UART_disable_irq
                0x0000000000000000       0x64 ./drivers/mss_uart/mss_uart.o
 .text.MSS_UART_set_rx_handler
                0x0000000000000000       0x64 ./drivers/mss_uart/mss_uart.o
 .text.MSS_UART_set_loopback
                0x0000000000000000       0x70 ./drivers/mss_uart/mss_uart.o
 .text.MSS_UART_set_rxstatus_handler
                0x0000000000000000       0x48 ./drivers/mss_uart/mss_uart.o
 .text.MSS_UART_set_tx_handler
                0x0000000000000000       0x50 ./drivers/mss_uart/mss_uart.o
 .text.MSS_UART_set_modemstatus_handler
                0x0000000000000000       0x48 ./drivers/mss_uart/mss_uart.o
 .text.MSS_UART_fill_tx_fifo
                0x0000000000000000       0x58 ./drivers/mss_uart/mss_uart.o
 .text.MSS_UART_get_rx_status
                0x0000000000000000       0x30 ./drivers/mss_uart/mss_uart.o
 .text.MSS_UART_get_modem_status
                0x0000000000000000       0x24 ./drivers/mss_uart/mss_uart.o
 .text.MSS_UART_get_tx_status
                0x0000000000000000       0x2c ./drivers/mss_uart/mss_uart.o
 .text.MSS_UART_set_break
                0x0000000000000000       0x24 ./drivers/mss_uart/mss_uart.o
 .text.MSS_UART_clear_break
                0x0000000000000000       0x24 ./drivers/mss_uart/mss_uart.o
 .text.MSS_UART_set_pidpei_handler
                0x0000000000000000       0x48 ./drivers/mss_uart/mss_uart.o
 .text.MSS_UART_set_linbreak_handler
                0x0000000000000000       0x48 ./drivers/mss_uart/mss_uart.o
 .text.MSS_UART_set_linsync_handler
                0x0000000000000000       0x48 ./drivers/mss_uart/mss_uart.o
 .text.MSS_UART_set_nack_handler
                0x0000000000000000       0x48 ./drivers/mss_uart/mss_uart.o
 .text.MSS_UART_set_rx_timeout_handler
                0x0000000000000000       0x48 ./drivers/mss_uart/mss_uart.o
 .text.MSS_UART_enable_half_duplex
                0x0000000000000000       0x24 ./drivers/mss_uart/mss_uart.o
 .text.MSS_UART_disable_half_duplex
                0x0000000000000000       0x24 ./drivers/mss_uart/mss_uart.o
 .text.MSS_UART_set_rx_endian
                0x0000000000000000       0x38 ./drivers/mss_uart/mss_uart.o
 .text.MSS_UART_set_tx_endian
                0x0000000000000000       0x3c ./drivers/mss_uart/mss_uart.o
 .text.MSS_UART_set_filter_length
                0x0000000000000000       0x30 ./drivers/mss_uart/mss_uart.o
 .text.MSS_UART_enable_afm
                0x0000000000000000       0x24 ./drivers/mss_uart/mss_uart.o
 .text.MSS_UART_disable_afm
                0x0000000000000000       0x24 ./drivers/mss_uart/mss_uart.o
 .text.MSS_UART_enable_afclear
                0x0000000000000000       0x24 ./drivers/mss_uart/mss_uart.o
 .text.MSS_UART_disable_afclear
                0x0000000000000000       0x24 ./drivers/mss_uart/mss_uart.o
 .text.MSS_UART_enable_rx_timeout
                0x0000000000000000       0x28 ./drivers/mss_uart/mss_uart.o
 .text.MSS_UART_disable_rx_timeout
                0x0000000000000000       0x24 ./drivers/mss_uart/mss_uart.o
 .text.MSS_UART_enable_tx_time_guard
                0x0000000000000000       0x28 ./drivers/mss_uart/mss_uart.o
 .text.MSS_UART_disable_tx_time_guard
                0x0000000000000000       0x24 ./drivers/mss_uart/mss_uart.o
 .text.MSS_UART_set_address
                0x0000000000000000       0x20 ./drivers/mss_uart/mss_uart.o
 .text.MSS_UART_set_ready_mode
                0x0000000000000000       0x3c ./drivers/mss_uart/mss_uart.o
 .text.MSS_UART_set_usart_mode
                0x0000000000000000       0x44 ./drivers/mss_uart/mss_uart.o
 .text          0x0000000000000000        0x0 ./drivers/mss_sys_services/mss_comblk.o
 .data          0x0000000000000000        0x0 ./drivers/mss_sys_services/mss_comblk.o
 .bss           0x0000000000000000        0x0 ./drivers/mss_sys_services/mss_comblk.o
 .text.MSS_COMBLK_send_cmd_with_ptr
                0x0000000000000000       0xcc ./drivers/mss_sys_services/mss_comblk.o
 .text          0x0000000000000000        0x0 ./drivers/mss_sys_services/mss_sys_services.o
 .data          0x0000000000000000        0x0 ./drivers/mss_sys_services/mss_sys_services.o
 .bss           0x0000000000000000        0x0 ./drivers/mss_sys_services/mss_sys_services.o
 .text.write_ptr_value_into_array
                0x0000000000000000       0x12 ./drivers/mss_sys_services/mss_sys_services.o
 .text.execute_service
                0x0000000000000000       0x3c ./drivers/mss_sys_services/mss_sys_services.o
 .text.MSS_SYS_get_serial_number
                0x0000000000000000       0x14 ./drivers/mss_sys_services/mss_sys_services.o
 .text.MSS_SYS_get_user_code
                0x0000000000000000       0x14 ./drivers/mss_sys_services/mss_sys_services.o
 .text.MSS_SYS_get_design_version
                0x0000000000000000       0x14 ./drivers/mss_sys_services/mss_sys_services.o
 .text.MSS_SYS_get_device_certificate
                0x0000000000000000       0x14 ./drivers/mss_sys_services/mss_sys_services.o
 .text.MSS_SYS_get_secondary_device_certificate
                0x0000000000000000       0x5c ./drivers/mss_sys_services/mss_sys_services.o
 .text.MSS_SYS_flash_freeze
                0x0000000000000000       0x90 ./drivers/mss_sys_services/mss_sys_services.o
 .text.MSS_SYS_128bit_aes
                0x0000000000000000       0x66 ./drivers/mss_sys_services/mss_sys_services.o
 .text.MSS_SYS_256bit_aes
                0x0000000000000000       0x66 ./drivers/mss_sys_services/mss_sys_services.o
 .text.MSS_SYS_sha256
                0x0000000000000000       0x2c ./drivers/mss_sys_services/mss_sys_services.o
 .text.MSS_SYS_hmac
                0x0000000000000000       0x46 ./drivers/mss_sys_services/mss_sys_services.o
 .text.MSS_SYS_key_tree
                0x0000000000000000       0x66 ./drivers/mss_sys_services/mss_sys_services.o
 .text.MSS_SYS_challenge_response
                0x0000000000000000       0x44 ./drivers/mss_sys_services/mss_sys_services.o
 .text.MSS_SYS_nrbg_reset
                0x0000000000000000       0x44 ./drivers/mss_sys_services/mss_sys_services.o
 .text.MSS_SYS_nrbg_self_test
                0x0000000000000000       0x48 ./drivers/mss_sys_services/mss_sys_services.o
 .text.MSS_SYS_nrbg_instantiate
                0x0000000000000000       0x32 ./drivers/mss_sys_services/mss_sys_services.o
 .text.MSS_SYS_nrbg_generate
                0x0000000000000000       0x44 ./drivers/mss_sys_services/mss_sys_services.o
 .text.MSS_SYS_nrbg_reseed
                0x0000000000000000       0x28 ./drivers/mss_sys_services/mss_sys_services.o
 .text.MSS_SYS_nrbg_uninstantiate
                0x0000000000000000       0x4c ./drivers/mss_sys_services/mss_sys_services.o
 .text.MSS_SYS_zeroize_device
                0x0000000000000000       0x70 ./drivers/mss_sys_services/mss_sys_services.o
 .text.MSS_SYS_initiate_iap
                0x0000000000000000       0xd0 ./drivers/mss_sys_services/mss_sys_services.o
 .text.MSS_SYS_puf_get_number_of_keys
                0x0000000000000000       0x78 ./drivers/mss_sys_services/mss_sys_services.o
 .text.MSS_SYS_puf_create_activation_code
                0x0000000000000000       0x74 ./drivers/mss_sys_services/mss_sys_services.o
 .text.MSS_SYS_puf_delete_activation_code
                0x0000000000000000       0x74 ./drivers/mss_sys_services/mss_sys_services.o
 .text.MSS_SYS_puf_enroll_key
                0x0000000000000000       0x9c ./drivers/mss_sys_services/mss_sys_services.o
 .text.MSS_SYS_puf_delete_key
                0x0000000000000000       0x78 ./drivers/mss_sys_services/mss_sys_services.o
 .text.MSS_SYS_puf_fetch_key
                0x0000000000000000       0x84 ./drivers/mss_sys_services/mss_sys_services.o
 .text.MSS_SYS_puf_export_keycodes
                0x0000000000000000       0x68 ./drivers/mss_sys_services/mss_sys_services.o
 .text.MSS_SYS_puf_import_keycodes
                0x0000000000000000       0x68 ./drivers/mss_sys_services/mss_sys_services.o
 .text.MSS_SYS_puf_fetch_ecc_public_key
                0x0000000000000000       0x64 ./drivers/mss_sys_services/mss_sys_services.o
 .text.MSS_SYS_puf_get_random_seed
                0x0000000000000000       0x64 ./drivers/mss_sys_services/mss_sys_services.o
 .text.MSS_SYS_ecc_point_multiplication
                0x0000000000000000       0x7c ./drivers/mss_sys_services/mss_sys_services.o
 .text.MSS_SYS_ecc_point_addition
                0x0000000000000000       0x7c ./drivers/mss_sys_services/mss_sys_services.o
 .rodata.MSS_SYS_ecc_get_base_point.str1.1
                0x0000000000000000       0x61 ./drivers/mss_sys_services/mss_sys_services.o
 .text.MSS_SYS_ecc_get_base_point
                0x0000000000000000       0x24 ./drivers/mss_sys_services/mss_sys_services.o
 .text.MSS_SYS_start_clock_monitor
                0x0000000000000000       0x8c ./drivers/mss_sys_services/mss_sys_services.o
 .text.MSS_SYS_stop_clock_monitor
                0x0000000000000000       0x8c ./drivers/mss_sys_services/mss_sys_services.o
 .text.MSS_SYS_enable_puf_power_down
                0x0000000000000000       0x8c ./drivers/mss_sys_services/mss_sys_services.o
 .text.MSS_SYS_disable_puf_power_down
                0x0000000000000000       0x8c ./drivers/mss_sys_services/mss_sys_services.o
 .text.MSS_SYS_clear_lock_parity
                0x0000000000000000       0x8c ./drivers/mss_sys_services/mss_sys_services.o
 .text.MSS_SYS_clear_mesh_short
                0x0000000000000000       0x8c ./drivers/mss_sys_services/mss_sys_services.o
 .bss.ind       0x0000000000000000        0x1 ./drivers/mss_sys_services/mss_sys_services.o
 .text          0x0000000000000000        0x0 ./drivers/mss_nvm/mss_nvm.o
 .data          0x0000000000000000        0x0 ./drivers/mss_nvm/mss_nvm.o
 .bss           0x0000000000000000        0x0 ./drivers/mss_nvm/mss_nvm.o
 .text.release_ctrl_access
                0x0000000000000000       0x38 ./drivers/mss_nvm/mss_nvm.o
 .text.wait_nvm_ready
                0x0000000000000000       0x2c ./drivers/mss_nvm/mss_nvm.o
 .text.check_protection_reserved_nvm
                0x0000000000000000      0x2f4 ./drivers/mss_nvm/mss_nvm.o
 .text.get_error_code
                0x0000000000000000       0x26 ./drivers/mss_nvm/mss_nvm.o
 .text.request_nvm_access
                0x0000000000000000       0x4c ./drivers/mss_nvm/mss_nvm.o
 .text.get_ctrl_access
                0x0000000000000000       0x3e ./drivers/mss_nvm/mss_nvm.o
 .text.NVM_write
                0x0000000000000000      0x260 ./drivers/mss_nvm/mss_nvm.o
 .text.NVM_unlock
                0x0000000000000000      0x104 ./drivers/mss_nvm/mss_nvm.o
 .text.NVM_read_page_write_count
                0x0000000000000000       0x90 ./drivers/mss_nvm/mss_nvm.o
 .bss.g_do_not_lock_page
                0x0000000000000000        0x1 ./drivers/mss_nvm/mss_nvm.o
 .bss.g_envm_ctrl_locks
                0x0000000000000000        0x1 ./drivers/mss_nvm/mss_nvm.o
 .rodata.g_nvm  0x0000000000000000        0x8 ./drivers/mss_nvm/mss_nvm.o
 .rodata.g_nvm32
                0x0000000000000000        0x8 ./drivers/mss_nvm/mss_nvm.o
 .debug_info    0x0000000000000000     0x1976 ./drivers/mss_nvm/mss_nvm.o
 .debug_abbrev  0x0000000000000000      0x3a3 ./drivers/mss_nvm/mss_nvm.o
 .debug_loc     0x0000000000000000     0x18b5 ./drivers/mss_nvm/mss_nvm.o
 .debug_aranges
                0x0000000000000000       0x60 ./drivers/mss_nvm/mss_nvm.o
 .debug_ranges  0x0000000000000000      0x110 ./drivers/mss_nvm/mss_nvm.o
 .debug_line    0x0000000000000000      0xdc8 ./drivers/mss_nvm/mss_nvm.o
 .debug_str     0x0000000000000000      0xe4c ./drivers/mss_nvm/mss_nvm.o
 .comment       0x0000000000000000       0x67 ./drivers/mss_nvm/mss_nvm.o
 .debug_frame   0x0000000000000000      0x11c ./drivers/mss_nvm/mss_nvm.o
 .text          0x0000000000000000        0x0 ./drivers/mss_i2c/mss_i2c.o
 .data          0x0000000000000000        0x0 ./drivers/mss_i2c/mss_i2c.o
 .bss           0x0000000000000000        0x0 ./drivers/mss_i2c/mss_i2c.o
 .text.NVIC_EnableIRQ
                0x0000000000000000       0x18 ./drivers/mss_i2c/mss_i2c.o
 .text.MSS_I2C_init
                0x0000000000000000       0xc4 ./drivers/mss_i2c/mss_i2c.o
 .text.MSS_I2C_write
                0x0000000000000000       0xa0 ./drivers/mss_i2c/mss_i2c.o
 .text.MSS_I2C_read
                0x0000000000000000       0xa4 ./drivers/mss_i2c/mss_i2c.o
 .text.MSS_I2C_write_read
                0x0000000000000000       0xd8 ./drivers/mss_i2c/mss_i2c.o
 .text.MSS_I2C_get_status
                0x0000000000000000       0x1c ./drivers/mss_i2c/mss_i2c.o
 .text.MSS_I2C_wait_complete
                0x0000000000000000       0x28 ./drivers/mss_i2c/mss_i2c.o
 .text.MSS_I2C_system_tick
                0x0000000000000000       0x1e ./drivers/mss_i2c/mss_i2c.o
 .text.MSS_I2C_set_slave_tx_buffer
                0x0000000000000000       0x30 ./drivers/mss_i2c/mss_i2c.o
 .text.MSS_I2C_set_slave_rx_buffer
                0x0000000000000000       0x30 ./drivers/mss_i2c/mss_i2c.o
 .text.MSS_I2C_set_slave_mem_offset_length
                0x0000000000000000       0x28 ./drivers/mss_i2c/mss_i2c.o
 .text.MSS_I2C_register_write_handler
                0x0000000000000000       0x1c ./drivers/mss_i2c/mss_i2c.o
 .text.MSS_I2C_enable_slave
                0x0000000000000000       0x34 ./drivers/mss_i2c/mss_i2c.o
 .text.MSS_I2C_disable_slave
                0x0000000000000000       0x30 ./drivers/mss_i2c/mss_i2c.o
 .text.MSS_I2C_smbus_init
                0x0000000000000000        0xa ./drivers/mss_i2c/mss_i2c.o
 .text.MSS_I2C_enable_smbus_irq
                0x0000000000000000       0x7c ./drivers/mss_i2c/mss_i2c.o
 .text.MSS_I2C_disable_smbus_irq
                0x0000000000000000       0x70 ./drivers/mss_i2c/mss_i2c.o
 .text.MSS_I2C_suspend_smbus_slave
                0x0000000000000000        0xa ./drivers/mss_i2c/mss_i2c.o
 .text.MSS_I2C_resume_smbus_slave
                0x0000000000000000        0xa ./drivers/mss_i2c/mss_i2c.o
 .text.MSS_I2C_reset_smbus
                0x0000000000000000        0xa ./drivers/mss_i2c/mss_i2c.o
 .text.MSS_I2C_set_smbus_alert
                0x0000000000000000        0xa ./drivers/mss_i2c/mss_i2c.o
 .text.MSS_I2C_clear_smbus_alert
                0x0000000000000000        0xa ./drivers/mss_i2c/mss_i2c.o
 .text.MSS_I2C_set_gca
                0x0000000000000000        0xa ./drivers/mss_i2c/mss_i2c.o
 .text.MSS_I2C_clear_gca
                0x0000000000000000        0xa ./drivers/mss_i2c/mss_i2c.o
 .text.MSS_I2C_set_user_data
                0x0000000000000000        0x4 ./drivers/mss_i2c/mss_i2c.o
 .text.MSS_I2C_get_user_data
                0x0000000000000000        0x4 ./drivers/mss_i2c/mss_i2c.o
 .text          0x0000000000000000        0x0 ./drivers/mss_hpdma/mss_hpdma.o
 .data          0x0000000000000000        0x0 ./drivers/mss_hpdma/mss_hpdma.o
 .bss           0x0000000000000000        0x0 ./drivers/mss_hpdma/mss_hpdma.o
 .text.MSS_HPDMA_init
                0x0000000000000000       0x78 ./drivers/mss_hpdma/mss_hpdma.o
 .text.MSS_HPDMA_start
                0x0000000000000000       0x74 ./drivers/mss_hpdma/mss_hpdma.o
 .text.MSS_HPDMA_pause
                0x0000000000000000       0x20 ./drivers/mss_hpdma/mss_hpdma.o
 .text.MSS_HPDMA_resume
                0x0000000000000000       0x20 ./drivers/mss_hpdma/mss_hpdma.o
 .text.MSS_HPDMA_abort
                0x0000000000000000       0x24 ./drivers/mss_hpdma/mss_hpdma.o
 .text.MSS_HPDMA_get_transfer_status
                0x0000000000000000        0xc ./drivers/mss_hpdma/mss_hpdma.o
 .text.MSS_HPDMA_set_handler
                0x0000000000000000        0xc ./drivers/mss_hpdma/mss_hpdma.o
 .text          0x0000000000000000        0x0 ./drivers/mss_gpio/mss_gpio.o
 .data          0x0000000000000000        0x0 ./drivers/mss_gpio/mss_gpio.o
 .bss           0x0000000000000000        0x0 ./drivers/mss_gpio/mss_gpio.o
 .text.MSS_GPIO_init
                0x0000000000000000       0x5c ./drivers/mss_gpio/mss_gpio.o
 .text.MSS_GPIO_config
                0x0000000000000000       0x18 ./drivers/mss_gpio/mss_gpio.o
 .text.MSS_GPIO_set_output
                0x0000000000000000       0x2c ./drivers/mss_gpio/mss_gpio.o
 .text.MSS_GPIO_drive_inout
                0x0000000000000000       0x5c ./drivers/mss_gpio/mss_gpio.o
 .text.MSS_GPIO_enable_irq
                0x0000000000000000       0x3c ./drivers/mss_gpio/mss_gpio.o
 .text.MSS_GPIO_disable_irq
                0x0000000000000000       0x1c ./drivers/mss_gpio/mss_gpio.o
 .text.MSS_GPIO_clear_irq
                0x0000000000000000       0x20 ./drivers/mss_gpio/mss_gpio.o
 .rodata.g_config_reg_lut
                0x0000000000000000       0x80 ./drivers/mss_gpio/mss_gpio.o
 .rodata.g_gpio_irqn_lut
                0x0000000000000000       0x20 ./drivers/mss_gpio/mss_gpio.o
 .debug_info    0x0000000000000000     0x115c ./drivers/mss_gpio/mss_gpio.o
 .debug_abbrev  0x0000000000000000      0x25a ./drivers/mss_gpio/mss_gpio.o
 .debug_loc     0x0000000000000000      0x2d9 ./drivers/mss_gpio/mss_gpio.o
 .debug_aranges
                0x0000000000000000       0x50 ./drivers/mss_gpio/mss_gpio.o
 .debug_ranges  0x0000000000000000       0x80 ./drivers/mss_gpio/mss_gpio.o
 .debug_line    0x0000000000000000      0x50a ./drivers/mss_gpio/mss_gpio.o
 .debug_str     0x0000000000000000     0x1307 ./drivers/mss_gpio/mss_gpio.o
 .comment       0x0000000000000000       0x67 ./drivers/mss_gpio/mss_gpio.o
 .debug_frame   0x0000000000000000       0x90 ./drivers/mss_gpio/mss_gpio.o
 .text          0x0000000000000000        0x0 ./CMSIS/startup_gcc/newlib_stubs.o
 .data          0x0000000000000000        0x0 ./CMSIS/startup_gcc/newlib_stubs.o
 .bss           0x0000000000000000        0x0 ./CMSIS/startup_gcc/newlib_stubs.o
 .text._close   0x0000000000000000        0x6 ./CMSIS/startup_gcc/newlib_stubs.o
 .text._execve  0x0000000000000000       0x10 ./CMSIS/startup_gcc/newlib_stubs.o
 .text._exit    0x0000000000000000        0x2 ./CMSIS/startup_gcc/newlib_stubs.o
 .text._fork    0x0000000000000000       0x10 ./CMSIS/startup_gcc/newlib_stubs.o
 .text._fstat   0x0000000000000000        0xa ./CMSIS/startup_gcc/newlib_stubs.o
 .text._getpid  0x0000000000000000        0x4 ./CMSIS/startup_gcc/newlib_stubs.o
 .text._isatty  0x0000000000000000        0x4 ./CMSIS/startup_gcc/newlib_stubs.o
 .text._kill    0x0000000000000000       0x10 ./CMSIS/startup_gcc/newlib_stubs.o
 .text._link    0x0000000000000000       0x10 ./CMSIS/startup_gcc/newlib_stubs.o
 .text._lseek   0x0000000000000000        0x4 ./CMSIS/startup_gcc/newlib_stubs.o
 .text._open    0x0000000000000000        0x6 ./CMSIS/startup_gcc/newlib_stubs.o
 .text._read    0x0000000000000000        0x4 ./CMSIS/startup_gcc/newlib_stubs.o
 .text._write_r
                0x0000000000000000        0x4 ./CMSIS/startup_gcc/newlib_stubs.o
 .text._sbrk    0x0000000000000000       0x38 ./CMSIS/startup_gcc/newlib_stubs.o
 .text._stat    0x0000000000000000        0xa ./CMSIS/startup_gcc/newlib_stubs.o
 .text._times   0x0000000000000000        0x6 ./CMSIS/startup_gcc/newlib_stubs.o
 .text._unlink  0x0000000000000000       0x10 ./CMSIS/startup_gcc/newlib_stubs.o
 .text._wait    0x0000000000000000       0x10 ./CMSIS/startup_gcc/newlib_stubs.o
 .bss.__env     0x0000000000000000        0x4 ./CMSIS/startup_gcc/newlib_stubs.o
 .bss.heap_end.5417
                0x0000000000000000        0x4 ./CMSIS/startup_gcc/newlib_stubs.o
 .data.environ  0x0000000000000000        0x4 ./CMSIS/startup_gcc/newlib_stubs.o
 .debug_info    0x0000000000000000     0x1147 ./CMSIS/startup_gcc/newlib_stubs.o
 .debug_abbrev  0x0000000000000000      0x391 ./CMSIS/startup_gcc/newlib_stubs.o
 .debug_loc     0x0000000000000000      0x30b ./CMSIS/startup_gcc/newlib_stubs.o
 .debug_aranges
                0x0000000000000000       0xa8 ./CMSIS/startup_gcc/newlib_stubs.o
 .debug_ranges  0x0000000000000000       0x98 ./CMSIS/startup_gcc/newlib_stubs.o
 .debug_line    0x0000000000000000      0x4cf ./CMSIS/startup_gcc/newlib_stubs.o
 .debug_str     0x0000000000000000      0x888 ./CMSIS/startup_gcc/newlib_stubs.o
 .comment       0x0000000000000000       0x67 ./CMSIS/startup_gcc/newlib_stubs.o
 .debug_frame   0x0000000000000000      0x160 ./CMSIS/startup_gcc/newlib_stubs.o
 .text          0x0000000000000000        0x0 ./CMSIS/startup_gcc/startup_m2sxxx.o
 .data          0x0000000000000000        0x0 ./CMSIS/startup_gcc/startup_m2sxxx.o
 .bss           0x0000000000000000        0x0 ./CMSIS/startup_gcc/startup_m2sxxx.o
 .text          0x0000000000000000        0x0 ./CMSIS/system_m2sxxx.o
 .data          0x0000000000000000        0x0 ./CMSIS/system_m2sxxx.o
 .bss           0x0000000000000000        0x0 ./CMSIS/system_m2sxxx.o
 .text          0x0000000000000000        0x0 ./main.o
 .data          0x0000000000000000        0x0 ./main.o
 .bss           0x0000000000000000        0x0 ./main.o
 .text.delay    0x0000000000000000       0x1e ./main.o
 .text.dummy_page_read_handler
                0x0000000000000000       0x20 ./main.o
 .text.dummy_isp_completion_handler
                0x0000000000000000        0xc ./main.o
 .data.g_isp_operation_busy
                0x0000000000000000        0x1 ./main.o
 .rodata.gp_my_uart
                0x0000000000000000        0x4 ./main.o
 COMMON         0x0000000000000000       0x14 ./main.o
 .text          0x0000000000000000        0x0 c:/microchip/softconsole-v2021.1/arm-none-eabi-gcc/bin/../lib/gcc/arm-none-eabi/9.2.1/../../../../arm-none-eabi/lib/thumb/v7-m/nofp\libg_nano.a(lib_a-atoi.o)
 .data          0x0000000000000000        0x0 c:/microchip/softconsole-v2021.1/arm-none-eabi-gcc/bin/../lib/gcc/arm-none-eabi/9.2.1/../../../../arm-none-eabi/lib/thumb/v7-m/nofp\libg_nano.a(lib_a-atoi.o)
 .bss           0x0000000000000000        0x0 c:/microchip/softconsole-v2021.1/arm-none-eabi-gcc/bin/../lib/gcc/arm-none-eabi/9.2.1/../../../../arm-none-eabi/lib/thumb/v7-m/nofp\libg_nano.a(lib_a-atoi.o)
 .text._atoi_r  0x0000000000000000        0x8 c:/microchip/softconsole-v2021.1/arm-none-eabi-gcc/bin/../lib/gcc/arm-none-eabi/9.2.1/../../../../arm-none-eabi/lib/thumb/v7-m/nofp\libg_nano.a(lib_a-atoi.o)
 .text          0x0000000000000000        0x0 c:/microchip/softconsole-v2021.1/arm-none-eabi-gcc/bin/../lib/gcc/arm-none-eabi/9.2.1/../../../../arm-none-eabi/lib/thumb/v7-m/nofp\libg_nano.a(lib_a-errno.o)
 .data          0x0000000000000000        0x0 c:/microchip/softconsole-v2021.1/arm-none-eabi-gcc/bin/../lib/gcc/arm-none-eabi/9.2.1/../../../../arm-none-eabi/lib/thumb/v7-m/nofp\libg_nano.a(lib_a-errno.o)
 .bss           0x0000000000000000        0x0 c:/microchip/softconsole-v2021.1/arm-none-eabi-gcc/bin/../lib/gcc/arm-none-eabi/9.2.1/../../../../arm-none-eabi/lib/thumb/v7-m/nofp\libg_nano.a(lib_a-errno.o)
 .text.__errno  0x0000000000000000        0xc c:/microchip/softconsole-v2021.1/arm-none-eabi-gcc/bin/../lib/gcc/arm-none-eabi/9.2.1/../../../../arm-none-eabi/lib/thumb/v7-m/nofp\libg_nano.a(lib_a-errno.o)
 .debug_frame   0x0000000000000000       0x20 c:/microchip/softconsole-v2021.1/arm-none-eabi-gcc/bin/../lib/gcc/arm-none-eabi/9.2.1/../../../../arm-none-eabi/lib/thumb/v7-m/nofp\libg_nano.a(lib_a-errno.o)
 .text          0x0000000000000000        0x0 c:/microchip/softconsole-v2021.1/arm-none-eabi-gcc/bin/../lib/gcc/arm-none-eabi/9.2.1/../../../../arm-none-eabi/lib/thumb/v7-m/nofp\libg_nano.a(lib_a-exit.o)
 .data          0x0000000000000000        0x0 c:/microchip/softconsole-v2021.1/arm-none-eabi-gcc/bin/../lib/gcc/arm-none-eabi/9.2.1/../../../../arm-none-eabi/lib/thumb/v7-m/nofp\libg_nano.a(lib_a-exit.o)
 .bss           0x0000000000000000        0x0 c:/microchip/softconsole-v2021.1/arm-none-eabi-gcc/bin/../lib/gcc/arm-none-eabi/9.2.1/../../../../arm-none-eabi/lib/thumb/v7-m/nofp\libg_nano.a(lib_a-exit.o)
 .text.exit     0x0000000000000000       0x28 c:/microchip/softconsole-v2021.1/arm-none-eabi-gcc/bin/../lib/gcc/arm-none-eabi/9.2.1/../../../../arm-none-eabi/lib/thumb/v7-m/nofp\libg_nano.a(lib_a-exit.o)
 .debug_frame   0x0000000000000000       0x28 c:/microchip/softconsole-v2021.1/arm-none-eabi-gcc/bin/../lib/gcc/arm-none-eabi/9.2.1/../../../../arm-none-eabi/lib/thumb/v7-m/nofp\libg_nano.a(lib_a-exit.o)
 .text          0x0000000000000000        0x0 c:/microchip/softconsole-v2021.1/arm-none-eabi-gcc/bin/../lib/gcc/arm-none-eabi/9.2.1/../../../../arm-none-eabi/lib/thumb/v7-m/nofp\libg_nano.a(lib_a-impure.o)
 .data          0x0000000000000000        0x0 c:/microchip/softconsole-v2021.1/arm-none-eabi-gcc/bin/../lib/gcc/arm-none-eabi/9.2.1/../../../../arm-none-eabi/lib/thumb/v7-m/nofp\libg_nano.a(lib_a-impure.o)
 .bss           0x0000000000000000        0x0 c:/microchip/softconsole-v2021.1/arm-none-eabi-gcc/bin/../lib/gcc/arm-none-eabi/9.2.1/../../../../arm-none-eabi/lib/thumb/v7-m/nofp\libg_nano.a(lib_a-impure.o)
 .rodata._global_impure_ptr
                0x0000000000000000        0x4 c:/microchip/softconsole-v2021.1/arm-none-eabi-gcc/bin/../lib/gcc/arm-none-eabi/9.2.1/../../../../arm-none-eabi/lib/thumb/v7-m/nofp\libg_nano.a(lib_a-impure.o)
 .text          0x0000000000000000        0x0 c:/microchip/softconsole-v2021.1/arm-none-eabi-gcc/bin/../lib/gcc/arm-none-eabi/9.2.1/../../../../arm-none-eabi/lib/thumb/v7-m/nofp\libg_nano.a(lib_a-init.o)
 .data          0x0000000000000000        0x0 c:/microchip/softconsole-v2021.1/arm-none-eabi-gcc/bin/../lib/gcc/arm-none-eabi/9.2.1/../../../../arm-none-eabi/lib/thumb/v7-m/nofp\libg_nano.a(lib_a-init.o)
 .bss           0x0000000000000000        0x0 c:/microchip/softconsole-v2021.1/arm-none-eabi-gcc/bin/../lib/gcc/arm-none-eabi/9.2.1/../../../../arm-none-eabi/lib/thumb/v7-m/nofp\libg_nano.a(lib_a-init.o)
 .text          0x0000000000000000        0x0 c:/microchip/softconsole-v2021.1/arm-none-eabi-gcc/bin/../lib/gcc/arm-none-eabi/9.2.1/../../../../arm-none-eabi/lib/thumb/v7-m/nofp\libg_nano.a(lib_a-memcpy-stub.o)
 .data          0x0000000000000000        0x0 c:/microchip/softconsole-v2021.1/arm-none-eabi-gcc/bin/../lib/gcc/arm-none-eabi/9.2.1/../../../../arm-none-eabi/lib/thumb/v7-m/nofp\libg_nano.a(lib_a-memcpy-stub.o)
 .bss           0x0000000000000000        0x0 c:/microchip/softconsole-v2021.1/arm-none-eabi-gcc/bin/../lib/gcc/arm-none-eabi/9.2.1/../../../../arm-none-eabi/lib/thumb/v7-m/nofp\libg_nano.a(lib_a-memcpy-stub.o)
 .text.memcpy   0x0000000000000000       0x1c c:/microchip/softconsole-v2021.1/arm-none-eabi-gcc/bin/../lib/gcc/arm-none-eabi/9.2.1/../../../../arm-none-eabi/lib/thumb/v7-m/nofp\libg_nano.a(lib_a-memcpy-stub.o)
 .debug_frame   0x0000000000000000       0x28 c:/microchip/softconsole-v2021.1/arm-none-eabi-gcc/bin/../lib/gcc/arm-none-eabi/9.2.1/../../../../arm-none-eabi/lib/thumb/v7-m/nofp\libg_nano.a(lib_a-memcpy-stub.o)
 .text          0x0000000000000000        0x0 c:/microchip/softconsole-v2021.1/arm-none-eabi-gcc/bin/../lib/gcc/arm-none-eabi/9.2.1/../../../../arm-none-eabi/lib/thumb/v7-m/nofp\libg_nano.a(lib_a-memset.o)
 .data          0x0000000000000000        0x0 c:/microchip/softconsole-v2021.1/arm-none-eabi-gcc/bin/../lib/gcc/arm-none-eabi/9.2.1/../../../../arm-none-eabi/lib/thumb/v7-m/nofp\libg_nano.a(lib_a-memset.o)
 .bss           0x0000000000000000        0x0 c:/microchip/softconsole-v2021.1/arm-none-eabi-gcc/bin/../lib/gcc/arm-none-eabi/9.2.1/../../../../arm-none-eabi/lib/thumb/v7-m/nofp\libg_nano.a(lib_a-memset.o)
 .text.memset   0x0000000000000000       0x10 c:/microchip/softconsole-v2021.1/arm-none-eabi-gcc/bin/../lib/gcc/arm-none-eabi/9.2.1/../../../../arm-none-eabi/lib/thumb/v7-m/nofp\libg_nano.a(lib_a-memset.o)
 .debug_frame   0x0000000000000000       0x20 c:/microchip/softconsole-v2021.1/arm-none-eabi-gcc/bin/../lib/gcc/arm-none-eabi/9.2.1/../../../../arm-none-eabi/lib/thumb/v7-m/nofp\libg_nano.a(lib_a-memset.o)
 .text          0x0000000000000000        0x0 c:/microchip/softconsole-v2021.1/arm-none-eabi-gcc/bin/../lib/gcc/arm-none-eabi/9.2.1/../../../../arm-none-eabi/lib/thumb/v7-m/nofp\libg_nano.a(lib_a-strtol.o)
 .data          0x0000000000000000        0x0 c:/microchip/softconsole-v2021.1/arm-none-eabi-gcc/bin/../lib/gcc/arm-none-eabi/9.2.1/../../../../arm-none-eabi/lib/thumb/v7-m/nofp\libg_nano.a(lib_a-strtol.o)
 .bss           0x0000000000000000        0x0 c:/microchip/softconsole-v2021.1/arm-none-eabi-gcc/bin/../lib/gcc/arm-none-eabi/9.2.1/../../../../arm-none-eabi/lib/thumb/v7-m/nofp\libg_nano.a(lib_a-strtol.o)
 .text._strtol_r
                0x0000000000000000        0x4 c:/microchip/softconsole-v2021.1/arm-none-eabi-gcc/bin/../lib/gcc/arm-none-eabi/9.2.1/../../../../arm-none-eabi/lib/thumb/v7-m/nofp\libg_nano.a(lib_a-strtol.o)
 .text.strtol_l
                0x0000000000000000       0x14 c:/microchip/softconsole-v2021.1/arm-none-eabi-gcc/bin/../lib/gcc/arm-none-eabi/9.2.1/../../../../arm-none-eabi/lib/thumb/v7-m/nofp\libg_nano.a(lib_a-strtol.o)
 .text          0x0000000000000000        0x0 c:/microchip/softconsole-v2021.1/arm-none-eabi-gcc/bin/../lib/gcc/arm-none-eabi/9.2.1/../../../../arm-none-eabi/lib/thumb/v7-m/nofp\libg_nano.a(lib_a-ctype_.o)
 .data          0x0000000000000000        0x0 c:/microchip/softconsole-v2021.1/arm-none-eabi-gcc/bin/../lib/gcc/arm-none-eabi/9.2.1/../../../../arm-none-eabi/lib/thumb/v7-m/nofp\libg_nano.a(lib_a-ctype_.o)
 .bss           0x0000000000000000        0x0 c:/microchip/softconsole-v2021.1/arm-none-eabi-gcc/bin/../lib/gcc/arm-none-eabi/9.2.1/../../../../arm-none-eabi/lib/thumb/v7-m/nofp\libg_nano.a(lib_a-ctype_.o)
 .text          0x0000000000000000        0x0 c:/microchip/softconsole-v2021.1/arm-none-eabi-gcc/bin/../lib/gcc/arm-none-eabi/9.2.1/thumb/v7-m/nofp/crtend.o
 .data          0x0000000000000000        0x0 c:/microchip/softconsole-v2021.1/arm-none-eabi-gcc/bin/../lib/gcc/arm-none-eabi/9.2.1/thumb/v7-m/nofp/crtend.o
 .bss           0x0000000000000000        0x0 c:/microchip/softconsole-v2021.1/arm-none-eabi-gcc/bin/../lib/gcc/arm-none-eabi/9.2.1/thumb/v7-m/nofp/crtend.o
 .eh_frame      0x0000000000000000        0x4 c:/microchip/softconsole-v2021.1/arm-none-eabi-gcc/bin/../lib/gcc/arm-none-eabi/9.2.1/thumb/v7-m/nofp/crtend.o
 .text          0x0000000000000000        0x0 c:/microchip/softconsole-v2021.1/arm-none-eabi-gcc/bin/../lib/gcc/arm-none-eabi/9.2.1/thumb/v7-m/nofp/crtn.o
 .data          0x0000000000000000        0x0 c:/microchip/softconsole-v2021.1/arm-none-eabi-gcc/bin/../lib/gcc/arm-none-eabi/9.2.1/thumb/v7-m/nofp/crtn.o
 .bss           0x0000000000000000        0x0 c:/microchip/softconsole-v2021.1/arm-none-eabi-gcc/bin/../lib/gcc/arm-none-eabi/9.2.1/thumb/v7-m/nofp/crtn.o

Memory Configuration

Name             Origin             Length             Attributes
ram              0x0000000000000000 0x000000000000f000 xrw
*default*        0x0000000000000000 0xffffffffffffffff

Linker script and memory map

LOAD c:/microchip/softconsole-v2021.1/arm-none-eabi-gcc/bin/../lib/gcc/arm-none-eabi/9.2.1/thumb/v7-m/nofp/crti.o
LOAD c:/microchip/softconsole-v2021.1/arm-none-eabi-gcc/bin/../lib/gcc/arm-none-eabi/9.2.1/thumb/v7-m/nofp/crtbegin.o
LOAD c:/microchip/softconsole-v2021.1/arm-none-eabi-gcc/bin/../lib/gcc/arm-none-eabi/9.2.1/../../../../arm-none-eabi/lib/thumb/v7-m/nofp/crt0.o
LOAD ./hal/CortexM3/GNU/hal.o
LOAD ./hal/CortexM3/GNU/hw_reg_access.o
LOAD ./hal/CortexM3/cortex_nvic.o
LOAD ./drivers_config/sys_config/sys_config.o
LOAD ./drivers/mss_uart/mss_uart.o
LOAD ./drivers/mss_sys_services/mss_comblk.o
LOAD ./drivers/mss_sys_services/mss_sys_services.o
LOAD ./drivers/mss_nvm/mss_nvm.o
LOAD ./drivers/mss_i2c/mss_i2c.o
LOAD ./drivers/mss_hpdma/mss_hpdma.o
LOAD ./drivers/mss_gpio/mss_gpio.o
LOAD ./CMSIS/startup_gcc/newlib_stubs.o
LOAD ./CMSIS/startup_gcc/startup_m2sxxx.o
LOAD ./CMSIS/system_m2sxxx.o
LOAD ./main.o
START GROUP
LOAD c:/microchip/softconsole-v2021.1/arm-none-eabi-gcc/bin/../lib/gcc/arm-none-eabi/9.2.1/thumb/v7-m/nofp\libgcc.a
LOAD c:/microchip/softconsole-v2021.1/arm-none-eabi-gcc/bin/../lib/gcc/arm-none-eabi/9.2.1/../../../../arm-none-eabi/lib/thumb/v7-m/nofp\libg_nano.a
LOAD c:/microchip/softconsole-v2021.1/arm-none-eabi-gcc/bin/../lib/gcc/arm-none-eabi/9.2.1/../../../../arm-none-eabi/lib/thumb/v7-m/nofp\libc_nano.a
END GROUP
START GROUP
LOAD c:/microchip/softconsole-v2021.1/arm-none-eabi-gcc/bin/../lib/gcc/arm-none-eabi/9.2.1/thumb/v7-m/nofp\libgcc.a
LOAD c:/microchip/softconsole-v2021.1/arm-none-eabi-gcc/bin/../lib/gcc/arm-none-eabi/9.2.1/../../../../arm-none-eabi/lib/thumb/v7-m/nofp\libc_nano.a
END GROUP
LOAD c:/microchip/softconsole-v2021.1/arm-none-eabi-gcc/bin/../lib/gcc/arm-none-eabi/9.2.1/thumb/v7-m/nofp/crtend.o
LOAD c:/microchip/softconsole-v2021.1/arm-none-eabi-gcc/bin/../lib/gcc/arm-none-eabi/9.2.1/thumb/v7-m/nofp/crtn.o
START GROUP
LOAD c:/microchip/softconsole-v2021.1/arm-none-eabi-gcc/bin/../lib/gcc/arm-none-eabi/9.2.1/../../../../arm-none-eabi/lib/thumb/v7-m/nofp\libc.a
LOAD c:/microchip/softconsole-v2021.1/arm-none-eabi-gcc/bin/../lib/gcc/arm-none-eabi/9.2.1/thumb/v7-m/nofp\libgcc.a
LOAD c:/microchip/softconsole-v2021.1/arm-none-eabi-gcc/bin/../lib/gcc/arm-none-eabi/9.2.1/../../../../arm-none-eabi/lib/thumb/v7-m/nofp\libm.a
END GROUP
                0x0000000000000000                __DYNAMIC = 0x0
                0x0000000000000000                RAM_START_ADDRESS = 0x0
                0x000000000000f000                RAM_SIZE = 0xf000
                0x0000000000002000                MAIN_STACK_SIZE = 0x2000
                0x0000000000000000                MIN_SIZE_HEAP = 0x0
                0x000000000000f000                PROVIDE (__main_stack_start = (RAM_START_ADDRESS + RAM_SIZE))
                [!provide]                        PROVIDE (__process_stack_start = (__main_stack_start - MAIN_STACK_SIZE))
                0x000000000000f000                PROVIDE (_estack = __main_stack_start)
                0x0000000000000000                PROVIDE (__mirrored_nvm = 0x0)
                0x0000000000000000                PROVIDE (__smartfusion2_memory_remap = 0x0)

.vector_table   0x0000000000000000      0x190
                0x0000000000000000                __vector_table_load = LOADADDR (.vector_table)
                0x0000000000000000                __vector_table_start = .
                0x0000000000000000                __vector_table_vma_base_address = .
 *(.isr_vector)
 .isr_vector    0x0000000000000000      0x190 ./CMSIS/startup_gcc/startup_m2sxxx.o
                0x0000000000000000                g_pfnVectors
                0x0000000000000190                . = ALIGN (0x10)
                0x0000000000000190                _evector_table = .

.boot_code      0x0000000000000190      0x320
 *(.boot_code)
 .boot_code     0x0000000000000190      0x31c ./CMSIS/startup_gcc/startup_m2sxxx.o
                0x0000000000000190                Reset_Handler
                0x000000000000037e                NMI_Handler
                0x0000000000000380                HardFault_Handler
                0x0000000000000382                MemManage_Handler
                0x0000000000000384                BusFault_Handler
                0x0000000000000386                UsageFault_Handler
                0x0000000000000388                SVC_Handler
                0x000000000000038a                DebugMon_Handler
                0x000000000000038c                PendSV_Handler
                0x000000000000038e                SysTick_Handler
                0x0000000000000390                WdogWakeup_IRQHandler
                0x0000000000000392                RTC_Wakeup_IRQHandler
                0x0000000000000394                SPI0_IRQHandler
                0x0000000000000396                SPI1_IRQHandler
                0x000000000000039a                I2C0_SMBAlert_IRQHandler
                0x000000000000039c                I2C0_SMBus_IRQHandler
                0x00000000000003a0                I2C1_SMBAlert_IRQHandler
                0x00000000000003a2                I2C1_SMBus_IRQHandler
                0x00000000000003a8                EthernetMAC_IRQHandler
                0x00000000000003aa                DMA_IRQHandler
                0x00000000000003ac                Timer1_IRQHandler
                0x00000000000003ae                Timer2_IRQHandler
                0x00000000000003b0                CAN_IRQHandler
                0x00000000000003b2                ENVM0_IRQHandler
                0x00000000000003b4                ENVM1_IRQHandler
                0x00000000000003b8                USB_IRQHandler
                0x00000000000003ba                USB_DMA_IRQHandler
                0x00000000000003bc                PLL_Lock_IRQHandler
                0x00000000000003be                PLL_LockLost_IRQHandler
                0x00000000000003c0                CommSwitchError_IRQHandler
                0x00000000000003c2                CacheError_IRQHandler
                0x00000000000003c4                DDR_IRQHandler
                0x00000000000003ca                ECC_Error_IRQHandler
                0x00000000000003cc                MDDR_IOCalib_IRQHandler
                0x00000000000003ce                FAB_PLL_Lock_IRQHandler
                0x00000000000003d0                FAB_PLL_LockLost_IRQHandler
                0x00000000000003d2                FIC64_IRQHandler
                0x00000000000003d4                FabricIrq0_IRQHandler
                0x00000000000003d6                FabricIrq1_IRQHandler
                0x00000000000003d8                FabricIrq2_IRQHandler
                0x00000000000003da                FabricIrq3_IRQHandler
                0x00000000000003dc                FabricIrq4_IRQHandler
                0x00000000000003de                FabricIrq5_IRQHandler
                0x00000000000003e0                FabricIrq6_IRQHandler
                0x00000000000003e2                FabricIrq7_IRQHandler
                0x00000000000003e4                FabricIrq8_IRQHandler
                0x00000000000003e6                FabricIrq9_IRQHandler
                0x00000000000003e8                FabricIrq10_IRQHandler
                0x00000000000003ea                FabricIrq11_IRQHandler
                0x00000000000003ec                FabricIrq12_IRQHandler
                0x00000000000003ee                FabricIrq13_IRQHandler
                0x00000000000003f0                FabricIrq14_IRQHandler
                0x00000000000003f2                FabricIrq15_IRQHandler
                0x00000000000003f4                GPIO0_IRQHandler
                0x00000000000003f6                GPIO1_IRQHandler
                0x00000000000003f8                GPIO2_IRQHandler
                0x00000000000003fa                GPIO3_IRQHandler
                0x00000000000003fc                GPIO4_IRQHandler
                0x00000000000003fe                GPIO5_IRQHandler
                0x0000000000000400                GPIO6_IRQHandler
                0x0000000000000402                GPIO7_IRQHandler
                0x0000000000000404                GPIO8_IRQHandler
                0x0000000000000406                GPIO9_IRQHandler
                0x0000000000000408                GPIO10_IRQHandler
                0x000000000000040a                GPIO11_IRQHandler
                0x000000000000040c                GPIO12_IRQHandler
                0x000000000000040e                GPIO13_IRQHandler
                0x0000000000000410                GPIO14_IRQHandler
                0x0000000000000412                GPIO15_IRQHandler
                0x0000000000000414                GPIO16_IRQHandler
                0x0000000000000416                GPIO17_IRQHandler
                0x0000000000000418                GPIO18_IRQHandler
                0x000000000000041a                GPIO19_IRQHandler
                0x000000000000041c                GPIO20_IRQHandler
                0x000000000000041e                GPIO21_IRQHandler
                0x0000000000000420                GPIO22_IRQHandler
                0x0000000000000422                GPIO23_IRQHandler
                0x0000000000000424                GPIO24_IRQHandler
                0x0000000000000426                GPIO25_IRQHandler
                0x0000000000000428                GPIO26_IRQHandler
                0x000000000000042a                GPIO27_IRQHandler
                0x000000000000042c                GPIO28_IRQHandler
                0x000000000000042e                GPIO29_IRQHandler
                0x0000000000000430                GPIO30_IRQHandler
                0x0000000000000432                GPIO31_IRQHandler
                0x0000000000000434                mscc_post_hw_cfg_init
                0x00000000000004b0                . = ALIGN (0x10)
 *fill*         0x00000000000004ac        0x4 

.text           0x00000000000004b0     0x1c40
 CREATE_OBJECT_SYMBOLS
                0x00000000000004b0                __text_load = LOADADDR (.text)
                0x00000000000004b0                __text_start = .
 *(.text .text.* .gnu.linkonce.t.*)
 .text.__do_global_dtors_aux
                0x00000000000004b0       0x24 c:/microchip/softconsole-v2021.1/arm-none-eabi-gcc/bin/../lib/gcc/arm-none-eabi/9.2.1/thumb/v7-m/nofp/crtbegin.o
 .text.frame_dummy
                0x00000000000004d4       0x1c c:/microchip/softconsole-v2021.1/arm-none-eabi-gcc/bin/../lib/gcc/arm-none-eabi/9.2.1/thumb/v7-m/nofp/crtbegin.o
 .text.set_bit_reg8
                0x00000000000004f0       0x1c ./drivers/mss_uart/mss_uart.o
 .text.clear_bit_reg8
                0x000000000000050c       0x1c ./drivers/mss_uart/mss_uart.o
 .text.read_bit_reg8
                0x0000000000000528       0x1c ./drivers/mss_uart/mss_uart.o
 .text.global_init
                0x0000000000000544      0x1d4 ./drivers/mss_uart/mss_uart.o
 .text.MSS_UART_isr.part.0
                0x0000000000000718       0xd4 ./drivers/mss_uart/mss_uart.o
 .text.default_tx_handler
                0x00000000000007ec       0x7c ./drivers/mss_uart/mss_uart.o
 .text.MSS_UART_init
                0x0000000000000868       0x48 ./drivers/mss_uart/mss_uart.o
                0x0000000000000868                MSS_UART_init
 .text.MSS_UART_polled_tx
                0x00000000000008b0       0x60 ./drivers/mss_uart/mss_uart.o
                0x00000000000008b0                MSS_UART_polled_tx
 .text.UART0_IRQHandler
                0x0000000000000910       0x1c ./drivers/mss_uart/mss_uart.o
                0x0000000000000910                UART0_IRQHandler
 .text.UART1_IRQHandler
                0x000000000000092c       0x1c ./drivers/mss_uart/mss_uart.o
                0x000000000000092c                UART1_IRQHandler
 .text.complete_request
                0x0000000000000948       0x28 ./drivers/mss_sys_services/mss_comblk.o
 .text.send_cmd_opcode
                0x0000000000000970       0x18 ./drivers/mss_sys_services/mss_comblk.o
 .text.fill_tx_fifo
                0x0000000000000988       0x38 ./drivers/mss_sys_services/mss_comblk.o
 .text.process_sys_ctrl_command
                0x00000000000009c0       0x10 ./drivers/mss_sys_services/mss_comblk.o
 .text.abort_current_cmd
                0x00000000000009d0       0x30 ./drivers/mss_sys_services/mss_comblk.o
 .text.MSS_COMBLK_init
                0x0000000000000a00       0xa4 ./drivers/mss_sys_services/mss_comblk.o
                0x0000000000000a00                MSS_COMBLK_init
 .text.MSS_COMBLK_send_cmd
                0x0000000000000aa4      0x104 ./drivers/mss_sys_services/mss_comblk.o
                0x0000000000000aa4                MSS_COMBLK_send_cmd
 .text.MSS_COMBLK_send_paged_cmd
                0x0000000000000ba8       0xec ./drivers/mss_sys_services/mss_comblk.o
                0x0000000000000ba8                MSS_COMBLK_send_paged_cmd
 .text.ComBlk_IRQHandler
                0x0000000000000c94      0x21c ./drivers/mss_sys_services/mss_comblk.o
                0x0000000000000c94                ComBlk_IRQHandler
 .text.determine_seq
                0x0000000000000eb0       0x60 ./drivers/mss_sys_services/mss_sys_services.o
 .text.clk_switching_fix
                0x0000000000000f10      0x168 ./drivers/mss_sys_services/mss_sys_services.o
 .text.isp_page_read_handler
                0x0000000000001078       0x54 ./drivers/mss_sys_services/mss_sys_services.o
 .text.isp_sys_completion_handler
                0x00000000000010cc       0x38 ./drivers/mss_sys_services/mss_sys_services.o
 .text.request_completion_handler
                0x0000000000001104       0x14 ./drivers/mss_sys_services/mss_sys_services.o
 .text.signal_request_start
                0x0000000000001118       0x20 ./drivers/mss_sys_services/mss_sys_services.o
 .text.wait_for_request_completion
                0x0000000000001138       0x18 ./drivers/mss_sys_services/mss_sys_services.o
 .text.asynchronous_event_handler
                0x0000000000001150      0x188 ./drivers/mss_sys_services/mss_sys_services.o
 .text.MSS_SYS_init
                0x00000000000012d8       0x3c ./drivers/mss_sys_services/mss_sys_services.o
                0x00000000000012d8                MSS_SYS_init
 .text.MSS_SYS_check_digest
                0x0000000000001314       0xa0 ./drivers/mss_sys_services/mss_sys_services.o
                0x0000000000001314                MSS_SYS_check_digest
 .text.MSS_SYS_start_isp
                0x00000000000013b4       0xbc ./drivers/mss_sys_services/mss_sys_services.o
                0x00000000000013b4                MSS_SYS_start_isp
 .text.enable_slave_if_required
                0x0000000000001470        0xe ./drivers/mss_i2c/mss_i2c.o
 *fill*         0x000000000000147e        0x2 
 .text.mss_i2c_isr
                0x0000000000001480      0x37c ./drivers/mss_i2c/mss_i2c.o
 .text.I2C0_IRQHandler
                0x00000000000017fc       0x1c ./drivers/mss_i2c/mss_i2c.o
                0x00000000000017fc                I2C0_IRQHandler
 .text.I2C1_IRQHandler
                0x0000000000001818       0x1c ./drivers/mss_i2c/mss_i2c.o
                0x0000000000001818                I2C1_IRQHandler
 .text.start_transfer
                0x0000000000001834       0x98 ./drivers/mss_hpdma/mss_hpdma.o
 .text.HPDMA_Complete_IRQHandler
                0x00000000000018cc       0xa4 ./drivers/mss_hpdma/mss_hpdma.o
                0x00000000000018cc                HPDMA_Complete_IRQHandler
 .text.HPDMA_Error_IRQHandler
                0x0000000000001970       0xac ./drivers/mss_hpdma/mss_hpdma.o
                0x0000000000001970                HPDMA_Error_IRQHandler
 .text.set_clock_frequency_globals
                0x0000000000001a1c       0x40 ./CMSIS/system_m2sxxx.o
 .text.SystemInit
                0x0000000000001a5c       0x3c ./CMSIS/system_m2sxxx.o
                0x0000000000001a5c                SystemInit
 .text.SystemCoreClockUpdate
                0x0000000000001a98       0xac ./CMSIS/system_m2sxxx.o
                0x0000000000001a98                SystemCoreClockUpdate
 .text.isp_completion_handler
                0x0000000000001b44       0x30 ./main.o
                0x0000000000001b44                isp_completion_handler
 .text.UART_Polled_Rx
                0x0000000000001b74       0x1c ./main.o
                0x0000000000001b74                UART_Polled_Rx
 .text.page_read_handler
                0x0000000000001b90      0x13c ./main.o
                0x0000000000001b90                page_read_handler
 .text.startup.main
                0x0000000000001ccc      0x180 ./main.o
                0x0000000000001ccc                main
 .text.atoi     0x0000000000001e4c        0x8 c:/microchip/softconsole-v2021.1/arm-none-eabi-gcc/bin/../lib/gcc/arm-none-eabi/9.2.1/../../../../arm-none-eabi/lib/thumb/v7-m/nofp\libg_nano.a(lib_a-atoi.o)
                0x0000000000001e4c                atoi
 .text.__libc_init_array
                0x0000000000001e54       0x48 c:/microchip/softconsole-v2021.1/arm-none-eabi-gcc/bin/../lib/gcc/arm-none-eabi/9.2.1/../../../../arm-none-eabi/lib/thumb/v7-m/nofp\libg_nano.a(lib_a-init.o)
                0x0000000000001e54                __libc_init_array
 .text._strtol_l.isra.0
                0x0000000000001e9c       0xf4 c:/microchip/softconsole-v2021.1/arm-none-eabi-gcc/bin/../lib/gcc/arm-none-eabi/9.2.1/../../../../arm-none-eabi/lib/thumb/v7-m/nofp\libg_nano.a(lib_a-strtol.o)
 .text.strtol   0x0000000000001f90       0x14 c:/microchip/softconsole-v2021.1/arm-none-eabi-gcc/bin/../lib/gcc/arm-none-eabi/9.2.1/../../../../arm-none-eabi/lib/thumb/v7-m/nofp\libg_nano.a(lib_a-strtol.o)
                0x0000000000001f90                strtol
 *(.plt)
 *(.gnu.warning)
 *(.glue_7t)
 .glue_7t       0x0000000000001fa4        0x0 linker stubs
 *(.glue_7)
 .glue_7        0x0000000000001fa4        0x0 linker stubs
 *(.vfp11_veneer)
 .vfp11_veneer  0x0000000000001fa4        0x0 linker stubs
                0x0000000000001fa4                . = ALIGN (0x4)
 *crtbegin.o(.ctors)
 *(EXCLUDE_FILE(*crtend.o) .ctors)
 *(SORT_BY_NAME(.ctors.*))
 *crtend.o(.ctors)
 *crtbegin.o(.dtors)
 *(EXCLUDE_FILE(*crtend.o) .dtors)
 *(SORT_BY_NAME(.dtors.*))
 *crtend.o(.dtors)
 *(.rodata .rodata.* .gnu.linkonce.r.*)
 .rodata        0x0000000000001fa4        0x8 ./CMSIS/system_m2sxxx.o
 .rodata.isp_completion_handler.str1.1
                0x0000000000001fac        0x4 ./main.o
 .rodata.page_read_handler.str1.1
                0x0000000000001fb0        0x6 ./main.o
 .rodata.main.str1.1
                0x0000000000001fb6        0xc ./main.o
 .rodata._ctype_
                0x0000000000001fc2      0x101 c:/microchip/softconsole-v2021.1/arm-none-eabi-gcc/bin/../lib/gcc/arm-none-eabi/9.2.1/../../../../arm-none-eabi/lib/thumb/v7-m/nofp\libg_nano.a(lib_a-ctype_.o)
                0x0000000000001fc2                _ctype_
 *(.ARM.extab* .gnu.linkonce.armextab.*)
 *(.gcc_except_table)
 *(.eh_frame_hdr)
 *(.eh_frame)
 *fill*         0x00000000000020c3        0x1 
 .eh_frame      0x00000000000020c4        0x0 c:/microchip/softconsole-v2021.1/arm-none-eabi-gcc/bin/../lib/gcc/arm-none-eabi/9.2.1/thumb/v7-m/nofp/crtbegin.o
 *(.vector_table)
 *(.init)
 .init          0x00000000000020c4        0x4 c:/microchip/softconsole-v2021.1/arm-none-eabi-gcc/bin/../lib/gcc/arm-none-eabi/9.2.1/thumb/v7-m/nofp/crti.o
                0x00000000000020c4                _init
 .init          0x00000000000020c8        0x8 c:/microchip/softconsole-v2021.1/arm-none-eabi-gcc/bin/../lib/gcc/arm-none-eabi/9.2.1/thumb/v7-m/nofp/crtn.o
 *(.fini)
 .fini          0x00000000000020d0        0x4 c:/microchip/softconsole-v2021.1/arm-none-eabi-gcc/bin/../lib/gcc/arm-none-eabi/9.2.1/thumb/v7-m/nofp/crti.o
                0x00000000000020d0                _fini
 .fini          0x00000000000020d4        0x8 c:/microchip/softconsole-v2021.1/arm-none-eabi-gcc/bin/../lib/gcc/arm-none-eabi/9.2.1/thumb/v7-m/nofp/crtn.o
                0x00000000000020dc                PROVIDE (__preinit_array_start = .)
 *(.preinit_array)
                0x00000000000020dc                PROVIDE (__preinit_array_end = .)
                0x00000000000020dc                PROVIDE (__init_array_start = .)
 *(SORT_BY_NAME(.init_array.*))
 *(.init_array)
 .init_array    0x00000000000020dc        0x4 c:/microchip/softconsole-v2021.1/arm-none-eabi-gcc/bin/../lib/gcc/arm-none-eabi/9.2.1/thumb/v7-m/nofp/crtbegin.o
                0x00000000000020e0                PROVIDE (__init_array_end = .)
                [!provide]                        PROVIDE (__fini_array_start = .)
 *(.fini_array)
 .fini_array    0x00000000000020e0        0x4 c:/microchip/softconsole-v2021.1/arm-none-eabi-gcc/bin/../lib/gcc/arm-none-eabi/9.2.1/thumb/v7-m/nofp/crtbegin.o
 *(SORT_BY_NAME(.fini_array.*))
                [!provide]                        PROVIDE (__fini_array_end = .)
                0x00000000000020f0                . = ALIGN (0x10)
 *fill*         0x00000000000020e4        0xc 
                0x00000000000020f0                __exidx_start = .

.v4_bx          0x00000000000020f0        0x0
 .v4_bx         0x00000000000020f0        0x0 linker stubs

.iplt           0x00000000000020f0        0x0
 .iplt          0x00000000000020f0        0x0 c:/microchip/softconsole-v2021.1/arm-none-eabi-gcc/bin/../lib/gcc/arm-none-eabi/9.2.1/thumb/v7-m/nofp/crtbegin.o

.rel.dyn        0x00000000000020f0        0x0
 .rel.iplt      0x00000000000020f0        0x0 c:/microchip/softconsole-v2021.1/arm-none-eabi-gcc/bin/../lib/gcc/arm-none-eabi/9.2.1/thumb/v7-m/nofp/crtbegin.o

.ARM.exidx
 *(.ARM.exidx* .gnu.linkonce.armexidx.*)
                0x00000000000020f0                __exidx_end = .
                0x00000000000020f0                _etext = .

.data           0x00000000000020f0       0xa0
                0x00000000000020f0                __data_load = LOADADDR (.data)
                0x00000000000020f0                _sidata = LOADADDR (.data)
                0x00000000000020f0                __data_start = .
                0x00000000000020f0                _sdata = .
 *(.jcr)
 *(.got.plt)
 *(.got)
 *(.shdata)
 *(.data .data.* .gnu.linkonce.d.*)
 .data.div16_seq
                0x00000000000020f0        0x2 ./drivers/mss_sys_services/mss_sys_services.o
                0x00000000000020f0                div16_seq
 .data.div1_seq
                0x00000000000020f2        0x4 ./drivers/mss_sys_services/mss_sys_services.o
                0x00000000000020f2                div1_seq
 .data.div2_seq
                0x00000000000020f6        0x3 ./drivers/mss_sys_services/mss_sys_services.o
                0x00000000000020f6                div2_seq
 .data.div32_seq
                0x00000000000020f9        0x2 ./drivers/mss_sys_services/mss_sys_services.o
                0x00000000000020f9                div32_seq
 .data.div4_seq
                0x00000000000020fb        0x5 ./drivers/mss_sys_services/mss_sys_services.o
                0x00000000000020fb                div4_seq
 .data.div8_seq
                0x0000000000002100        0x3 ./drivers/mss_sys_services/mss_sys_services.o
                0x0000000000002100                div8_seq
 *fill*         0x0000000000002103        0x1 
 .data.g_initial_envm_cr
                0x0000000000002104        0x4 ./drivers/mss_sys_services/mss_sys_services.o
 .data.wait_for_clock_switch
                0x0000000000002108        0x1 ./drivers/mss_sys_services/mss_sys_services.o
 *fill*         0x0000000000002109        0x3 
 .data.SystemCoreClock
                0x000000000000210c        0x4 ./CMSIS/system_m2sxxx.o
                0x000000000000210c                SystemCoreClock
 .data.g_FrequencyFIC0
                0x0000000000002110        0x4 ./CMSIS/system_m2sxxx.o
                0x0000000000002110                g_FrequencyFIC0
 .data.g_FrequencyFIC1
                0x0000000000002114        0x4 ./CMSIS/system_m2sxxx.o
                0x0000000000002114                g_FrequencyFIC1
 .data.g_FrequencyFIC64
                0x0000000000002118        0x4 ./CMSIS/system_m2sxxx.o
                0x0000000000002118                g_FrequencyFIC64
 .data.g_FrequencyPCLK0
                0x000000000000211c        0x4 ./CMSIS/system_m2sxxx.o
                0x000000000000211c                g_FrequencyPCLK0
 .data.g_FrequencyPCLK1
                0x0000000000002120        0x4 ./CMSIS/system_m2sxxx.o
                0x0000000000002120                g_FrequencyPCLK1
 .data.g_FrequencyPCLK2
                0x0000000000002124        0x4 ./CMSIS/system_m2sxxx.o
                0x0000000000002124                g_FrequencyPCLK2
 .data._impure_ptr
                0x0000000000002128        0x4 c:/microchip/softconsole-v2021.1/arm-none-eabi-gcc/bin/../lib/gcc/arm-none-eabi/9.2.1/../../../../arm-none-eabi/lib/thumb/v7-m/nofp\libg_nano.a(lib_a-impure.o)
                0x0000000000002128                _impure_ptr
 .data.impure_data
                0x000000000000212c       0x60 c:/microchip/softconsole-v2021.1/arm-none-eabi-gcc/bin/../lib/gcc/arm-none-eabi/9.2.1/../../../../arm-none-eabi/lib/thumb/v7-m/nofp\libg_nano.a(lib_a-impure.o)
                0x0000000000002190                . = ALIGN (0x10)
 *fill*         0x000000000000218c        0x4 
                0x0000000000002190                _edata = .

.igot.plt       0x0000000000002190        0x0
 .igot.plt      0x0000000000002190        0x0 c:/microchip/softconsole-v2021.1/arm-none-eabi-gcc/bin/../lib/gcc/arm-none-eabi/9.2.1/thumb/v7-m/nofp/crtbegin.o

.isp_buffer     0x0000000000002190     0x1000
 .isp_buffer    0x0000000000002190     0x1000 ./main.o
                0x0000000000002190                g_page_buffer

.bss            0x0000000000003190      0x210
                0x0000000000003190                __bss_start__ = .
                0x0000000000003190                _sbss = .
 *(.shbss)
 *(.bss .bss.* .gnu.linkonce.b.*)
 .bss.completed.8911
                0x0000000000003190        0x1 c:/microchip/softconsole-v2021.1/arm-none-eabi-gcc/bin/../lib/gcc/arm-none-eabi/9.2.1/thumb/v7-m/nofp/crtbegin.o
 *fill*         0x0000000000003191        0x3 
 .bss.object.8916
                0x0000000000003194       0x18 c:/microchip/softconsole-v2021.1/arm-none-eabi-gcc/bin/../lib/gcc/arm-none-eabi/9.2.1/thumb/v7-m/nofp/crtbegin.o
 .bss.g_async_event_handler
                0x00000000000031ac        0x4 ./drivers/mss_sys_services/mss_comblk.o
 .bss.g_comblk_cmd_opcode
                0x00000000000031b0        0x1 ./drivers/mss_sys_services/mss_comblk.o
 *fill*         0x00000000000031b1        0x1 
 .bss.g_comblk_cmd_size
                0x00000000000031b2        0x2 ./drivers/mss_sys_services/mss_comblk.o
 .bss.g_comblk_completion_handler
                0x00000000000031b4        0x4 ./drivers/mss_sys_services/mss_comblk.o
 .bss.g_comblk_data_size
                0x00000000000031b8        0x4 ./drivers/mss_sys_services/mss_comblk.o
 .bss.g_comblk_p_cmd
                0x00000000000031bc        0x4 ./drivers/mss_sys_services/mss_comblk.o
 .bss.g_comblk_p_data
                0x00000000000031c0        0x4 ./drivers/mss_sys_services/mss_comblk.o
 .bss.g_comblk_p_response
                0x00000000000031c4        0x4 ./drivers/mss_sys_services/mss_comblk.o
 .bss.g_comblk_page_handler
                0x00000000000031c8        0x4 ./drivers/mss_sys_services/mss_comblk.o
 .bss.g_comblk_response_idx
                0x00000000000031cc        0x2 ./drivers/mss_sys_services/mss_comblk.o
 .bss.g_comblk_response_size
                0x00000000000031ce        0x2 ./drivers/mss_sys_services/mss_comblk.o
 .bss.g_comblk_state
                0x00000000000031d0        0x1 ./drivers/mss_sys_services/mss_comblk.o
 .bss.g_request_in_progress
                0x00000000000031d1        0x1 ./drivers/mss_sys_services/mss_comblk.o
 *fill*         0x00000000000031d2        0x2 
 .bss.divisor   0x00000000000031d4       0x10 ./drivers/mss_sys_services/mss_sys_services.o
                0x00000000000031d4                divisor
 .bss.g_event_handler
                0x00000000000031e4        0x4 ./drivers/mss_sys_services/mss_sys_services.o
 .bss.g_initial_mssddr_facc1_cr
                0x00000000000031e8        0x4 ./drivers/mss_sys_services/mss_sys_services.o
 .bss.g_initial_mssddr_facc2_cr
                0x00000000000031ec        0x4 ./drivers/mss_sys_services/mss_sys_services.o
 .bss.g_isp_completion_handler
                0x00000000000031f0        0x4 ./drivers/mss_sys_services/mss_sys_services.o
                0x00000000000031f0                g_isp_completion_handler
 .bss.g_isp_page_read_handler
                0x00000000000031f4        0x4 ./drivers/mss_sys_services/mss_sys_services.o
                0x00000000000031f4                g_isp_page_read_handler
 .bss.g_isp_response
                0x00000000000031f8        0x2 ./drivers/mss_sys_services/mss_sys_services.o
 .bss.g_last_response_length
                0x00000000000031fa        0x2 ./drivers/mss_sys_services/mss_sys_services.o
 .bss.g_mode    0x00000000000031fc        0x1 ./drivers/mss_sys_services/mss_sys_services.o
 .bss.g_request_in_progress
                0x00000000000031fd        0x1 ./drivers/mss_sys_services/mss_sys_services.o
 .bss.g_response
                0x00000000000031fe        0x2 ./drivers/mss_sys_services/mss_sys_services.o
 .bss.g_hpdma_current_desc
                0x0000000000003200        0x4 ./drivers/mss_hpdma/mss_hpdma.o
 .bss.g_hpdma_end_desc
                0x0000000000003204        0x4 ./drivers/mss_hpdma/mss_hpdma.o
 .bss.g_transfer
                0x0000000000003208       0x18 ./drivers/mss_hpdma/mss_hpdma.o
 .bss.g_bkup    0x0000000000003220        0x4 ./main.o
                0x0000000000003220                g_bkup
 .bss.g_file_size
                0x0000000000003224        0x4 ./main.o
 .bss.g_mode    0x0000000000003228        0x1 ./main.o
                0x0000000000003228                g_mode
 *fill*         0x0000000000003229        0x3 
 .bss.g_src_image_target_address
                0x000000000000322c        0x4 ./main.o
 *(COMMON)
 COMMON         0x0000000000003230       0x80 ./drivers/mss_uart/mss_uart.o
                0x0000000000003230                g_mss_uart1
                0x0000000000003270                g_mss_uart0
 COMMON         0x00000000000032b0       0xe8 ./drivers/mss_i2c/mss_i2c.o
                0x00000000000032b0                g_mss_i2c0
                0x0000000000003324                g_mss_i2c1
                0x00000000000033a0                . = ALIGN (0x10)
 *fill*         0x0000000000003398        0x8 
                0x00000000000033a0                __bss_end__ = .
                0x00000000000033a0                _end = .
                0x00000000000033a0                __end = _end
                0x00000000000033a0                _ebss = .
                [!provide]                        PROVIDE (end = .)

.heap           0x00000000000033a0     0x9c60
                0x00000000000033a0                __heap_start__ = .
                0x00000000000033a0                . = (. + MIN_SIZE_HEAP)
                0x000000000000d000                . = (. + (((ABSOLUTE (RAM_START_ADDRESS) + RAM_SIZE) - MAIN_STACK_SIZE) - .))
 *fill*         0x00000000000033a0     0x9c60 
                0x000000000000d000                _eheap = .

.stack          0x000000000000d000     0x2000
                0x000000000000d000                __stack_start__ = .
                0x000000000000f000                . = (. + MAIN_STACK_SIZE)
 *fill*         0x000000000000d000     0x2000 
                0x000000000000f000                _estack = .

.stab
 *(.stab)

.stabstr
 *(.stabstr)

.debug
 *(.debug)

.line
 *(.line)

.debug_srcinfo
 *(.debug_srcinfo)

.debug_sfnames
 *(.debug_sfnames)

.debug_aranges  0x0000000000000000      0x5f0
 *(.debug_aranges)
 .debug_aranges
                0x0000000000000000      0x1c0 ./drivers/mss_uart/mss_uart.o
 .debug_aranges
                0x00000000000001c0       0x68 ./drivers/mss_sys_services/mss_comblk.o
 .debug_aranges
                0x0000000000000228      0x1b8 ./drivers/mss_sys_services/mss_sys_services.o
 .debug_aranges
                0x00000000000003e0      0x108 ./drivers/mss_i2c/mss_i2c.o
 .debug_aranges
                0x00000000000004e8       0x68 ./drivers/mss_hpdma/mss_hpdma.o
 .debug_aranges
                0x0000000000000550       0x20 ./CMSIS/startup_gcc/startup_m2sxxx.o
 .debug_aranges
                0x0000000000000570       0x30 ./CMSIS/system_m2sxxx.o
 .debug_aranges
                0x00000000000005a0       0x50 ./main.o

.debug_pubnames
 *(.debug_pubnames)

.debug_info     0x0000000000000000     0xd48a
 *(.debug_info .gnu.linkonce.wi.*)
 .debug_info    0x0000000000000000     0x28f2 ./drivers/mss_uart/mss_uart.o
 .debug_info    0x00000000000028f2      0xf36 ./drivers/mss_sys_services/mss_comblk.o
 .debug_info    0x0000000000003828     0x3849 ./drivers/mss_sys_services/mss_sys_services.o
 .debug_info    0x0000000000007071     0x2c9f ./drivers/mss_i2c/mss_i2c.o
 .debug_info    0x0000000000009d10     0x136f ./drivers/mss_hpdma/mss_hpdma.o
 .debug_info    0x000000000000b07f       0x26 ./CMSIS/startup_gcc/startup_m2sxxx.o
 .debug_info    0x000000000000b0a5      0xc03 ./CMSIS/system_m2sxxx.o
 .debug_info    0x000000000000bca8     0x17e2 ./main.o

.debug_abbrev   0x0000000000000000     0x1b7c
 *(.debug_abbrev)
 .debug_abbrev  0x0000000000000000      0x42c ./drivers/mss_uart/mss_uart.o
 .debug_abbrev  0x000000000000042c      0x3a8 ./drivers/mss_sys_services/mss_comblk.o
 .debug_abbrev  0x00000000000007d4      0x4e1 ./drivers/mss_sys_services/mss_sys_services.o
 .debug_abbrev  0x0000000000000cb5      0x4d7 ./drivers/mss_i2c/mss_i2c.o
 .debug_abbrev  0x000000000000118c      0x306 ./drivers/mss_hpdma/mss_hpdma.o
 .debug_abbrev  0x0000000000001492       0x14 ./CMSIS/startup_gcc/startup_m2sxxx.o
 .debug_abbrev  0x00000000000014a6      0x224 ./CMSIS/system_m2sxxx.o
 .debug_abbrev  0x00000000000016ca      0x4b2 ./main.o

.debug_line     0x0000000000000000     0x7c4c
 *(.debug_line)
 .debug_line    0x0000000000000000     0x1d33 ./drivers/mss_uart/mss_uart.o
 .debug_line    0x0000000000001d33      0xd70 ./drivers/mss_sys_services/mss_comblk.o
 .debug_line    0x0000000000002aa3     0x2504 ./drivers/mss_sys_services/mss_sys_services.o
 .debug_line    0x0000000000004fa7     0x1aa0 ./drivers/mss_i2c/mss_i2c.o
 .debug_line    0x0000000000006a47      0x73b ./drivers/mss_hpdma/mss_hpdma.o
 .debug_line    0x0000000000007182      0x18e ./CMSIS/startup_gcc/startup_m2sxxx.o
 .debug_line    0x0000000000007310      0x2ac ./CMSIS/system_m2sxxx.o
 .debug_line    0x00000000000075bc      0x690 ./main.o

.debug_frame    0x0000000000000000     0x1178
 *(.debug_frame)
 .debug_frame   0x0000000000000000      0x4ec ./drivers/mss_uart/mss_uart.o
 .debug_frame   0x00000000000004ec      0x140 ./drivers/mss_sys_services/mss_comblk.o
 .debug_frame   0x000000000000062c      0x5d4 ./drivers/mss_sys_services/mss_sys_services.o
 .debug_frame   0x0000000000000c00      0x284 ./drivers/mss_i2c/mss_i2c.o
 .debug_frame   0x0000000000000e84      0x110 ./drivers/mss_hpdma/mss_hpdma.o
 .debug_frame   0x0000000000000f94       0x50 ./CMSIS/system_m2sxxx.o
 .debug_frame   0x0000000000000fe4       0xd4 ./main.o
 .debug_frame   0x00000000000010b8       0x30 c:/microchip/softconsole-v2021.1/arm-none-eabi-gcc/bin/../lib/gcc/arm-none-eabi/9.2.1/../../../../arm-none-eabi/lib/thumb/v7-m/nofp\libg_nano.a(lib_a-atoi.o)
 .debug_frame   0x00000000000010e8       0x2c c:/microchip/softconsole-v2021.1/arm-none-eabi-gcc/bin/../lib/gcc/arm-none-eabi/9.2.1/../../../../arm-none-eabi/lib/thumb/v7-m/nofp\libg_nano.a(lib_a-init.o)
 .debug_frame   0x0000000000001114       0x64 c:/microchip/softconsole-v2021.1/arm-none-eabi-gcc/bin/../lib/gcc/arm-none-eabi/9.2.1/../../../../arm-none-eabi/lib/thumb/v7-m/nofp\libg_nano.a(lib_a-strtol.o)

.debug_str      0x0000000000000000     0x3acf
 *(.debug_str)
 .debug_str     0x0000000000000000     0x19c7 ./drivers/mss_uart/mss_uart.o
                                       0x1b08 (size before relaxing)
 .debug_str     0x00000000000019c7      0x31b ./drivers/mss_sys_services/mss_comblk.o
                                        0xb58 (size before relaxing)
 .debug_str     0x0000000000001ce2      0xd99 ./drivers/mss_sys_services/mss_sys_services.o
                                       0x184d (size before relaxing)
 .debug_str     0x0000000000002a7b      0x84d ./drivers/mss_i2c/mss_i2c.o
                                       0x1c07 (size before relaxing)
 .debug_str     0x00000000000032c8      0x4ff ./drivers/mss_hpdma/mss_hpdma.o
                                       0x13b2 (size before relaxing)
 .debug_str     0x00000000000037c7       0x34 ./CMSIS/startup_gcc/startup_m2sxxx.o
                                         0x7c (size before relaxing)
 .debug_str     0x00000000000037fb      0x186 ./CMSIS/system_m2sxxx.o
                                        0xb0f (size before relaxing)
 .debug_str     0x0000000000003981      0x14e ./main.o
                                        0xede (size before relaxing)

.debug_loc      0x0000000000000000     0x4ce2
 *(.debug_loc)
 .debug_loc     0x0000000000000000     0x17a6 ./drivers/mss_uart/mss_uart.o
 .debug_loc     0x00000000000017a6      0x827 ./drivers/mss_sys_services/mss_comblk.o
 .debug_loc     0x0000000000001fcd     0x1976 ./drivers/mss_sys_services/mss_sys_services.o
 .debug_loc     0x0000000000003943      0xd76 ./drivers/mss_i2c/mss_i2c.o
 .debug_loc     0x00000000000046b9      0x37f ./drivers/mss_hpdma/mss_hpdma.o
 .debug_loc     0x0000000000004a38       0xc0 ./CMSIS/system_m2sxxx.o
 .debug_loc     0x0000000000004af8      0x1ea ./main.o

.debug_macinfo
 *(.debug_macinfo)

.debug_weaknames
 *(.debug_weaknames)

.debug_funcnames
 *(.debug_funcnames)

.debug_typenames
 *(.debug_typenames)

.debug_varnames
 *(.debug_varnames)

.note.gnu.arm.ident
 *(.note.gnu.arm.ident)

.ARM.attributes
                0x0000000000000000       0x29
 *(.ARM.attributes)
 .ARM.attributes
                0x0000000000000000       0x1d c:/microchip/softconsole-v2021.1/arm-none-eabi-gcc/bin/../lib/gcc/arm-none-eabi/9.2.1/thumb/v7-m/nofp/crti.o
 .ARM.attributes
                0x000000000000001d       0x2d c:/microchip/softconsole-v2021.1/arm-none-eabi-gcc/bin/../lib/gcc/arm-none-eabi/9.2.1/thumb/v7-m/nofp/crtbegin.o
 .ARM.attributes
                0x000000000000004a       0x1b c:/microchip/softconsole-v2021.1/arm-none-eabi-gcc/bin/../lib/gcc/arm-none-eabi/9.2.1/../../../../arm-none-eabi/lib/thumb/v7-m/nofp/crt0.o
 .ARM.attributes
                0x0000000000000065       0x1b ./hal/CortexM3/GNU/hal.o
 .ARM.attributes
                0x0000000000000080       0x1b ./hal/CortexM3/GNU/hw_reg_access.o
 .ARM.attributes
                0x000000000000009b       0x2d ./hal/CortexM3/cortex_nvic.o
 .ARM.attributes
                0x00000000000000c8       0x33 ./drivers_config/sys_config/sys_config.o
 .ARM.attributes
                0x00000000000000fb       0x2d ./drivers/mss_uart/mss_uart.o
 .ARM.attributes
                0x0000000000000128       0x2d ./drivers/mss_sys_services/mss_comblk.o
 .ARM.attributes
                0x0000000000000155       0x2d ./drivers/mss_sys_services/mss_sys_services.o
 .ARM.attributes
                0x0000000000000182       0x2d ./drivers/mss_nvm/mss_nvm.o
 .ARM.attributes
                0x00000000000001af       0x2d ./drivers/mss_i2c/mss_i2c.o
 .ARM.attributes
                0x00000000000001dc       0x2d ./drivers/mss_hpdma/mss_hpdma.o
 .ARM.attributes
                0x0000000000000209       0x2d ./drivers/mss_gpio/mss_gpio.o
 .ARM.attributes
                0x0000000000000236       0x2d ./CMSIS/startup_gcc/newlib_stubs.o
 .ARM.attributes
                0x0000000000000263       0x21 ./CMSIS/startup_gcc/startup_m2sxxx.o
 .ARM.attributes
                0x0000000000000284       0x2d ./CMSIS/system_m2sxxx.o
 .ARM.attributes
                0x00000000000002b1       0x2d ./main.o
 .ARM.attributes
                0x00000000000002de       0x2d c:/microchip/softconsole-v2021.1/arm-none-eabi-gcc/bin/../lib/gcc/arm-none-eabi/9.2.1/../../../../arm-none-eabi/lib/thumb/v7-m/nofp\libg_nano.a(lib_a-atoi.o)
 .ARM.attributes
                0x000000000000030b       0x2d c:/microchip/softconsole-v2021.1/arm-none-eabi-gcc/bin/../lib/gcc/arm-none-eabi/9.2.1/../../../../arm-none-eabi/lib/thumb/v7-m/nofp\libg_nano.a(lib_a-errno.o)
 .ARM.attributes
                0x0000000000000338       0x2d c:/microchip/softconsole-v2021.1/arm-none-eabi-gcc/bin/../lib/gcc/arm-none-eabi/9.2.1/../../../../arm-none-eabi/lib/thumb/v7-m/nofp\libg_nano.a(lib_a-exit.o)
 .ARM.attributes
                0x0000000000000365       0x2d c:/microchip/softconsole-v2021.1/arm-none-eabi-gcc/bin/../lib/gcc/arm-none-eabi/9.2.1/../../../../arm-none-eabi/lib/thumb/v7-m/nofp\libg_nano.a(lib_a-impure.o)
 .ARM.attributes
                0x0000000000000392       0x2d c:/microchip/softconsole-v2021.1/arm-none-eabi-gcc/bin/../lib/gcc/arm-none-eabi/9.2.1/../../../../arm-none-eabi/lib/thumb/v7-m/nofp\libg_nano.a(lib_a-init.o)
 .ARM.attributes
                0x00000000000003bf       0x2d c:/microchip/softconsole-v2021.1/arm-none-eabi-gcc/bin/../lib/gcc/arm-none-eabi/9.2.1/../../../../arm-none-eabi/lib/thumb/v7-m/nofp\libg_nano.a(lib_a-memcpy-stub.o)
 .ARM.attributes
                0x00000000000003ec       0x2d c:/microchip/softconsole-v2021.1/arm-none-eabi-gcc/bin/../lib/gcc/arm-none-eabi/9.2.1/../../../../arm-none-eabi/lib/thumb/v7-m/nofp\libg_nano.a(lib_a-memset.o)
 .ARM.attributes
                0x0000000000000419       0x2d c:/microchip/softconsole-v2021.1/arm-none-eabi-gcc/bin/../lib/gcc/arm-none-eabi/9.2.1/../../../../arm-none-eabi/lib/thumb/v7-m/nofp\libg_nano.a(lib_a-strtol.o)
 .ARM.attributes
                0x0000000000000446       0x2d c:/microchip/softconsole-v2021.1/arm-none-eabi-gcc/bin/../lib/gcc/arm-none-eabi/9.2.1/../../../../arm-none-eabi/lib/thumb/v7-m/nofp\libg_nano.a(lib_a-ctype_.o)
 .ARM.attributes
                0x0000000000000473       0x2d c:/microchip/softconsole-v2021.1/arm-none-eabi-gcc/bin/../lib/gcc/arm-none-eabi/9.2.1/thumb/v7-m/nofp/crtend.o
 .ARM.attributes
                0x00000000000004a0       0x1d c:/microchip/softconsole-v2021.1/arm-none-eabi-gcc/bin/../lib/gcc/arm-none-eabi/9.2.1/thumb/v7-m/nofp/crtn.o

/DISCARD/
 *(.note.GNU-stack)
OUTPUT(demo_MSS_CM3_app.elf elf32-littlearm)

.debug_ranges   0x0000000000000000      0xa68
 .debug_ranges  0x0000000000000000      0x290 ./drivers/mss_uart/mss_uart.o
 .debug_ranges  0x0000000000000290      0x158 ./drivers/mss_sys_services/mss_comblk.o
 .debug_ranges  0x00000000000003e8      0x1d8 ./drivers/mss_sys_services/mss_sys_services.o
 .debug_ranges  0x00000000000005c0      0x330 ./drivers/mss_i2c/mss_i2c.o
 .debug_ranges  0x00000000000008f0       0xa0 ./drivers/mss_hpdma/mss_hpdma.o
 .debug_ranges  0x0000000000000990       0x50 ./CMSIS/system_m2sxxx.o
 .debug_ranges  0x00000000000009e0       0x88 ./main.o

.comment        0x0000000000000000       0x66
 .comment       0x0000000000000000       0x66 ./drivers/mss_uart/mss_uart.o
                                         0x67 (size before relaxing)
 .comment       0x0000000000000066       0x67 ./drivers/mss_sys_services/mss_comblk.o
 .comment       0x0000000000000066       0x67 ./drivers/mss_sys_services/mss_sys_services.o
 .comment       0x0000000000000066       0x67 ./drivers/mss_i2c/mss_i2c.o
 .comment       0x0000000000000066       0x67 ./drivers/mss_hpdma/mss_hpdma.o
 .comment       0x0000000000000066       0x67 ./CMSIS/system_m2sxxx.o
 .comment       0x0000000000000066       0x67 ./main.o
