Archive member included to satisfy reference by file (symbol)

c:/microchip/softconsole-v2021.1/arm-none-eabi-gcc/bin/../lib/gcc/arm-none-eabi/9.2.1/../../../../arm-none-eabi/lib/thumb/v7-m/nofp\libg_nano.a(lib_a-atoi.o)
                              ./main.o (atoi)
c:/microchip/softconsole-v2021.1/arm-none-eabi-gcc/bin/../lib/gcc/arm-none-eabi/9.2.1/../../../../arm-none-eabi/lib/thumb/v7-m/nofp\libg_nano.a(lib_a-errno.o)
                              ./CMSIS/startup_gcc/newlib_stubs.o (__errno)
c:/microchip/softconsole-v2021.1/arm-none-eabi-gcc/bin/../lib/gcc/arm-none-eabi/9.2.1/../../../../arm-none-eabi/lib/thumb/v7-m/nofp\libg_nano.a(lib_a-exit.o)
                              c:/microchip/softconsole-v2021.1/arm-none-eabi-gcc/bin/../lib/gcc/arm-none-eabi/9.2.1/../../../../arm-none-eabi/lib/thumb/v7-m/nofp/crt0.o (exit)
c:/microchip/softconsole-v2021.1/arm-none-eabi-gcc/bin/../lib/gcc/arm-none-eabi/9.2.1/../../../../arm-none-eabi/lib/thumb/v7-m/nofp\libg_nano.a(lib_a-impure.o)
                              c:/microchip/softconsole-v2021.1/arm-none-eabi-gcc/bin/../lib/gcc/arm-none-eabi/9.2.1/../../../../arm-none-eabi/lib/thumb/v7-m/nofp\libg_nano.a(lib_a-exit.o) (_global_impure_ptr)
c:/microchip/softconsole-v2021.1/arm-none-eabi-gcc/bin/../lib/gcc/arm-none-eabi/9.2.1/../../../../arm-none-eabi/lib/thumb/v7-m/nofp\libg_nano.a(lib_a-init.o)
                              c:/microchip/softconsole-v2021.1/arm-none-eabi-gcc/bin/../lib/gcc/arm-none-eabi/9.2.1/../../../../arm-none-eabi/lib/thumb/v7-m/nofp/crt0.o (__libc_init_array)
c:/microchip/softconsole-v2021.1/arm-none-eabi-gcc/bin/../lib/gcc/arm-none-eabi/9.2.1/../../../../arm-none-eabi/lib/thumb/v7-m/nofp\libg_nano.a(lib_a-memcpy-stub.o)
                              ./drivers/mss_sys_services/mss_sys_services.o (memcpy)
c:/microchip/softconsole-v2021.1/arm-none-eabi-gcc/bin/../lib/gcc/arm-none-eabi/9.2.1/../../../../arm-none-eabi/lib/thumb/v7-m/nofp\libg_nano.a(lib_a-memset.o)
                              c:/microchip/softconsole-v2021.1/arm-none-eabi-gcc/bin/../lib/gcc/arm-none-eabi/9.2.1/../../../../arm-none-eabi/lib/thumb/v7-m/nofp/crt0.o (memset)
c:/microchip/softconsole-v2021.1/arm-none-eabi-gcc/bin/../lib/gcc/arm-none-eabi/9.2.1/../../../../arm-none-eabi/lib/thumb/v7-m/nofp\libg_nano.a(lib_a-snprintf.o)
                              ./main.o (snprintf)
c:/microchip/softconsole-v2021.1/arm-none-eabi-gcc/bin/../lib/gcc/arm-none-eabi/9.2.1/../../../../arm-none-eabi/lib/thumb/v7-m/nofp\libg_nano.a(lib_a-strtol.o)
                              c:/microchip/softconsole-v2021.1/arm-none-eabi-gcc/bin/../lib/gcc/arm-none-eabi/9.2.1/../../../../arm-none-eabi/lib/thumb/v7-m/nofp\libg_nano.a(lib_a-atoi.o) (_strtol_r)
c:/microchip/softconsole-v2021.1/arm-none-eabi-gcc/bin/../lib/gcc/arm-none-eabi/9.2.1/../../../../arm-none-eabi/lib/thumb/v7-m/nofp\libg_nano.a(lib_a-ctype_.o)
                              c:/microchip/softconsole-v2021.1/arm-none-eabi-gcc/bin/../lib/gcc/arm-none-eabi/9.2.1/../../../../arm-none-eabi/lib/thumb/v7-m/nofp\libg_nano.a(lib_a-strtol.o) (_ctype_)
c:/microchip/softconsole-v2021.1/arm-none-eabi-gcc/bin/../lib/gcc/arm-none-eabi/9.2.1/../../../../arm-none-eabi/lib/thumb/v7-m/nofp\libg_nano.a(lib_a-nano-svfprintf.o)
                              c:/microchip/softconsole-v2021.1/arm-none-eabi-gcc/bin/../lib/gcc/arm-none-eabi/9.2.1/../../../../arm-none-eabi/lib/thumb/v7-m/nofp\libg_nano.a(lib_a-snprintf.o) (_svfprintf_r)
c:/microchip/softconsole-v2021.1/arm-none-eabi-gcc/bin/../lib/gcc/arm-none-eabi/9.2.1/../../../../arm-none-eabi/lib/thumb/v7-m/nofp\libg_nano.a(lib_a-nano-vfprintf_i.o)
                              c:/microchip/softconsole-v2021.1/arm-none-eabi-gcc/bin/../lib/gcc/arm-none-eabi/9.2.1/../../../../arm-none-eabi/lib/thumb/v7-m/nofp\libg_nano.a(lib_a-nano-svfprintf.o) (_printf_i)
c:/microchip/softconsole-v2021.1/arm-none-eabi-gcc/bin/../lib/gcc/arm-none-eabi/9.2.1/../../../../arm-none-eabi/lib/thumb/v7-m/nofp\libg_nano.a(lib_a-memchr-stub.o)
                              c:/microchip/softconsole-v2021.1/arm-none-eabi-gcc/bin/../lib/gcc/arm-none-eabi/9.2.1/../../../../arm-none-eabi/lib/thumb/v7-m/nofp\libg_nano.a(lib_a-nano-svfprintf.o) (memchr)
c:/microchip/softconsole-v2021.1/arm-none-eabi-gcc/bin/../lib/gcc/arm-none-eabi/9.2.1/../../../../arm-none-eabi/lib/thumb/v7-m/nofp\libg_nano.a(lib_a-memmove.o)
                              c:/microchip/softconsole-v2021.1/arm-none-eabi-gcc/bin/../lib/gcc/arm-none-eabi/9.2.1/../../../../arm-none-eabi/lib/thumb/v7-m/nofp\libg_nano.a(lib_a-nano-svfprintf.o) (memmove)
c:/microchip/softconsole-v2021.1/arm-none-eabi-gcc/bin/../lib/gcc/arm-none-eabi/9.2.1/../../../../arm-none-eabi/lib/thumb/v7-m/nofp\libg_nano.a(lib_a-nano-freer.o)
                              c:/microchip/softconsole-v2021.1/arm-none-eabi-gcc/bin/../lib/gcc/arm-none-eabi/9.2.1/../../../../arm-none-eabi/lib/thumb/v7-m/nofp\libg_nano.a(lib_a-nano-svfprintf.o) (_free_r)
[...]
Memory Configuration

Name             Origin             Length             Attributes
ram              0x0000000000000000 0x000000000000f000 xrw
*default*        0x0000000000000000 0xffffffffffffffff

Linker script and memory map

LOAD c:/microchip/softconsole-v2021.1/arm-none-eabi-gcc/bin/../lib/gcc/arm-none-eabi/9.2.1/thumb/v7-m/nofp/crti.o
LOAD c:/microchip/softconsole-v2021.1/arm-none-eabi-gcc/bin/../lib/gcc/arm-none-eabi/9.2.1/thumb/v7-m/nofp/crtbegin.o
LOAD c:/microchip/softconsole-v2021.1/arm-none-eabi-gcc/bin/../lib/gcc/arm-none-eabi/9.2.1/../../../../arm-none-eabi/lib/thumb/v7-m/nofp/crt0.o
LOAD ./hal/CortexM3/GNU/hal.o
LOAD ./hal/CortexM3/GNU/hw_reg_access.o
LOAD ./hal/CortexM3/cortex_nvic.o
LOAD ./drivers_config/sys_config/sys_config.o
LOAD ./drivers/mss_uart/mss_uart.o
LOAD ./drivers/mss_sys_services/mss_comblk.o
LOAD ./drivers/mss_sys_services/mss_sys_services.o
LOAD ./drivers/mss_nvm/mss_nvm.o
LOAD ./drivers/mss_i2c/mss_i2c.o
LOAD ./drivers/mss_hpdma/mss_hpdma.o
LOAD ./drivers/mss_gpio/mss_gpio.o
LOAD ./CMSIS/startup_gcc/newlib_stubs.o
LOAD ./CMSIS/startup_gcc/startup_m2sxxx.o
LOAD ./CMSIS/system_m2sxxx.o
LOAD ./main.o
START GROUP
LOAD c:/microchip/softconsole-v2021.1/arm-none-eabi-gcc/bin/../lib/gcc/arm-none-eabi/9.2.1/thumb/v7-m/nofp\libgcc.a
LOAD c:/microchip/softconsole-v2021.1/arm-none-eabi-gcc/bin/../lib/gcc/arm-none-eabi/9.2.1/../../../../arm-none-eabi/lib/thumb/v7-m/nofp\libg_nano.a
LOAD c:/microchip/softconsole-v2021.1/arm-none-eabi-gcc/bin/../lib/gcc/arm-none-eabi/9.2.1/../../../../arm-none-eabi/lib/thumb/v7-m/nofp\libc_nano.a
END GROUP
START GROUP
LOAD c:/microchip/softconsole-v2021.1/arm-none-eabi-gcc/bin/../lib/gcc/arm-none-eabi/9.2.1/thumb/v7-m/nofp\libgcc.a
LOAD c:/microchip/softconsole-v2021.1/arm-none-eabi-gcc/bin/../lib/gcc/arm-none-eabi/9.2.1/../../../../arm-none-eabi/lib/thumb/v7-m/nofp\libc_nano.a
END GROUP
LOAD c:/microchip/softconsole-v2021.1/arm-none-eabi-gcc/bin/../lib/gcc/arm-none-eabi/9.2.1/thumb/v7-m/nofp/crtend.o
LOAD c:/microchip/softconsole-v2021.1/arm-none-eabi-gcc/bin/../lib/gcc/arm-none-eabi/9.2.1/thumb/v7-m/nofp/crtn.o
START GROUP
LOAD c:/microchip/softconsole-v2021.1/arm-none-eabi-gcc/bin/../lib/gcc/arm-none-eabi/9.2.1/../../../../arm-none-eabi/lib/thumb/v7-m/nofp\libc.a
LOAD c:/microchip/softconsole-v2021.1/arm-none-eabi-gcc/bin/../lib/gcc/arm-none-eabi/9.2.1/thumb/v7-m/nofp\libgcc.a
LOAD c:/microchip/softconsole-v2021.1/arm-none-eabi-gcc/bin/../lib/gcc/arm-none-eabi/9.2.1/../../../../arm-none-eabi/lib/thumb/v7-m/nofp\libm.a
END GROUP
                0x0000000000000000                __DYNAMIC = 0x0
                0x0000000000000000                RAM_START_ADDRESS = 0x0
                0x000000000000f000                RAM_SIZE = 0xf000
                0x0000000000002000                MAIN_STACK_SIZE = 0x2000
                0x0000000000000000                MIN_SIZE_HEAP = 0x0
                0x000000000000f000                PROVIDE (__main_stack_start = (RAM_START_ADDRESS + RAM_SIZE))
                [!provide]                        PROVIDE (__process_stack_start = (__main_stack_start - MAIN_STACK_SIZE))
                0x000000000000f000                PROVIDE (_estack = __main_stack_start)
                0x0000000000000000                PROVIDE (__mirrored_nvm = 0x0)
                0x0000000000000000                PROVIDE (__smartfusion2_memory_remap = 0x0)

.vector_table   0x0000000000000000      0x190
                0x0000000000000000                __vector_table_load = LOADADDR (.vector_table)
                0x0000000000000000                __vector_table_start = .
                0x0000000000000000                __vector_table_vma_base_address = .
 *(.isr_vector)
 .isr_vector    0x0000000000000000      0x190 ./CMSIS/startup_gcc/startup_m2sxxx.o
                0x0000000000000000                g_pfnVectors
                0x0000000000000190                . = ALIGN (0x10)
                0x0000000000000190                _evector_table = .

.boot_code      0x0000000000000190      0x320
 *(.boot_code)
 .boot_code     0x0000000000000190      0x31c ./CMSIS/startup_gcc/startup_m2sxxx.o
                0x0000000000000190                Reset_Handler
                0x000000000000037e                NMI_Handler
                0x0000000000000380                HardFault_Handler
                0x0000000000000382                MemManage_Handler
                0x0000000000000384                BusFault_Handler
                0x0000000000000386                UsageFault_Handler
                0x0000000000000388                SVC_Handler
                0x000000000000038a                DebugMon_Handler
                0x000000000000038c                PendSV_Handler
                0x000000000000038e                SysTick_Handler
                0x0000000000000390                WdogWakeup_IRQHandler
                0x0000000000000392                RTC_Wakeup_IRQHandler
                0x0000000000000394                SPI0_IRQHandler
                0x0000000000000396                SPI1_IRQHandler
                0x000000000000039a                I2C0_SMBAlert_IRQHandler
                0x000000000000039c                I2C0_SMBus_IRQHandler
                0x00000000000003a0                I2C1_SMBAlert_IRQHandler
                0x00000000000003a2                I2C1_SMBus_IRQHandler
                0x00000000000003a8                EthernetMAC_IRQHandler
                0x00000000000003aa                DMA_IRQHandler
                0x00000000000003ac                Timer1_IRQHandler
                0x00000000000003ae                Timer2_IRQHandler
                0x00000000000003b0                CAN_IRQHandler
                0x00000000000003b2                ENVM0_IRQHandler
                0x00000000000003b4                ENVM1_IRQHandler
                0x00000000000003b8                USB_IRQHandler
                0x00000000000003ba                USB_DMA_IRQHandler
                0x00000000000003bc                PLL_Lock_IRQHandler
                0x00000000000003be                PLL_LockLost_IRQHandler
                0x00000000000003c0                CommSwitchError_IRQHandler
                0x00000000000003c2                CacheError_IRQHandler
                0x00000000000003c4                DDR_IRQHandler
                0x00000000000003ca                ECC_Error_IRQHandler
                0x00000000000003cc                MDDR_IOCalib_IRQHandler
                0x00000000000003ce                FAB_PLL_Lock_IRQHandler
                0x00000000000003d0                FAB_PLL_LockLost_IRQHandler
                0x00000000000003d2                FIC64_IRQHandler
                0x00000000000003d4                FabricIrq0_IRQHandler
                0x00000000000003d6                FabricIrq1_IRQHandler
                0x00000000000003d8                FabricIrq2_IRQHandler
                0x00000000000003da                FabricIrq3_IRQHandler
                0x00000000000003dc                FabricIrq4_IRQHandler
                0x00000000000003de                FabricIrq5_IRQHandler
                0x00000000000003e0                FabricIrq6_IRQHandler
                0x00000000000003e2                FabricIrq7_IRQHandler
                0x00000000000003e4                FabricIrq8_IRQHandler
                0x00000000000003e6                FabricIrq9_IRQHandler
                0x00000000000003e8                FabricIrq10_IRQHandler
                0x00000000000003ea                FabricIrq11_IRQHandler
                0x00000000000003ec                FabricIrq12_IRQHandler
                0x00000000000003ee                FabricIrq13_IRQHandler
                0x00000000000003f0                FabricIrq14_IRQHandler
                0x00000000000003f2                FabricIrq15_IRQHandler
                0x00000000000003f4                GPIO0_IRQHandler
                0x00000000000003f6                GPIO1_IRQHandler
                0x00000000000003f8                GPIO2_IRQHandler
                0x00000000000003fa                GPIO3_IRQHandler
                0x00000000000003fc                GPIO4_IRQHandler
                0x00000000000003fe                GPIO5_IRQHandler
                0x0000000000000400                GPIO6_IRQHandler
                0x0000000000000402                GPIO7_IRQHandler
                0x0000000000000404                GPIO8_IRQHandler
                0x0000000000000406                GPIO9_IRQHandler
                0x0000000000000408                GPIO10_IRQHandler
                0x000000000000040a                GPIO11_IRQHandler
                0x000000000000040c                GPIO12_IRQHandler
                0x000000000000040e                GPIO13_IRQHandler
                0x0000000000000410                GPIO14_IRQHandler
                0x0000000000000412                GPIO15_IRQHandler
                0x0000000000000414                GPIO16_IRQHandler
                0x0000000000000416                GPIO17_IRQHandler
                0x0000000000000418                GPIO18_IRQHandler
                0x000000000000041a                GPIO19_IRQHandler
                0x000000000000041c                GPIO20_IRQHandler
                0x000000000000041e                GPIO21_IRQHandler
                0x0000000000000420                GPIO22_IRQHandler
                0x0000000000000422                GPIO23_IRQHandler
                0x0000000000000424                GPIO24_IRQHandler
                0x0000000000000426                GPIO25_IRQHandler
                0x0000000000000428                GPIO26_IRQHandler
                0x000000000000042a                GPIO27_IRQHandler
                0x000000000000042c                GPIO28_IRQHandler
                0x000000000000042e                GPIO29_IRQHandler
                0x0000000000000430                GPIO30_IRQHandler
                0x0000000000000432                GPIO31_IRQHandler
                0x0000000000000434                mscc_post_hw_cfg_init
                0x00000000000004b0                . = ALIGN (0x10)
 *fill*         0x00000000000004ac        0x4 

.text           0x00000000000004b0     0x2600
 CREATE_OBJECT_SYMBOLS
                0x00000000000004b0                __text_load = LOADADDR (.text)
                0x00000000000004b0                __text_start = .
 *(.text .text.* .gnu.linkonce.t.*)
 .text.__do_global_dtors_aux
                0x00000000000004b0       0x24 c:/microchip/softconsole-v2021.1/arm-none-eabi-gcc/bin/../lib/gcc/arm-none-eabi/9.2.1/thumb/v7-m/nofp/crtbegin.o
 .text.frame_dummy
                0x00000000000004d4       0x1c c:/microchip/softconsole-v2021.1/arm-none-eabi-gcc/bin/../lib/gcc/arm-none-eabi/9.2.1/thumb/v7-m/nofp/crtbegin.o
 .text.set_bit_reg8
                0x00000000000004f0       0x1c ./drivers/mss_uart/mss_uart.o
 .text.clear_bit_reg8
                0x000000000000050c       0x1c ./drivers/mss_uart/mss_uart.o
 .text.read_bit_reg8
                0x0000000000000528       0x1c ./drivers/mss_uart/mss_uart.o
 .text.global_init
                0x0000000000000544      0x1d4 ./drivers/mss_uart/mss_uart.o
 .text.MSS_UART_isr.part.0
                0x0000000000000718       0xd4 ./drivers/mss_uart/mss_uart.o
 .text.default_tx_handler
                0x00000000000007ec       0x7c ./drivers/mss_uart/mss_uart.o
 .text.MSS_UART_init
                0x0000000000000868       0x48 ./drivers/mss_uart/mss_uart.o
                0x0000000000000868                MSS_UART_init
 .text.MSS_UART_polled_tx
                0x00000000000008b0       0x60 ./drivers/mss_uart/mss_uart.o
                0x00000000000008b0                MSS_UART_polled_tx
 .text.UART0_IRQHandler
                0x0000000000000910       0x1c ./drivers/mss_uart/mss_uart.o
                0x0000000000000910                UART0_IRQHandler
 .text.UART1_IRQHandler
                0x000000000000092c       0x1c ./drivers/mss_uart/mss_uart.o
                0x000000000000092c                UART1_IRQHandler
 .text.complete_request
                0x0000000000000948       0x28 ./drivers/mss_sys_services/mss_comblk.o
 .text.send_cmd_opcode
                0x0000000000000970       0x18 ./drivers/mss_sys_services/mss_comblk.o
 .text.fill_tx_fifo
                0x0000000000000988       0x38 ./drivers/mss_sys_services/mss_comblk.o
 .text.process_sys_ctrl_command
                0x00000000000009c0       0x10 ./drivers/mss_sys_services/mss_comblk.o
 .text.abort_current_cmd
                0x00000000000009d0       0x30 ./drivers/mss_sys_services/mss_comblk.o
 .text.MSS_COMBLK_init
                0x0000000000000a00       0xa4 ./drivers/mss_sys_services/mss_comblk.o
                0x0000000000000a00                MSS_COMBLK_init
 .text.MSS_COMBLK_send_cmd
                0x0000000000000aa4      0x104 ./drivers/mss_sys_services/mss_comblk.o
                0x0000000000000aa4                MSS_COMBLK_send_cmd
 .text.MSS_COMBLK_send_paged_cmd
                0x0000000000000ba8       0xec ./drivers/mss_sys_services/mss_comblk.o
                0x0000000000000ba8                MSS_COMBLK_send_paged_cmd
 .text.ComBlk_IRQHandler
                0x0000000000000c94      0x21c ./drivers/mss_sys_services/mss_comblk.o
                0x0000000000000c94                ComBlk_IRQHandler
 .text.determine_seq
                0x0000000000000eb0       0x60 ./drivers/mss_sys_services/mss_sys_services.o
 .text.clk_switching_fix
                0x0000000000000f10      0x168 ./drivers/mss_sys_services/mss_sys_services.o
 .text.isp_page_read_handler
                0x0000000000001078       0x54 ./drivers/mss_sys_services/mss_sys_services.o
 .text.isp_sys_completion_handler
                0x00000000000010cc       0x38 ./drivers/mss_sys_services/mss_sys_services.o
 .text.request_completion_handler
                0x0000000000001104       0x14 ./drivers/mss_sys_services/mss_sys_services.o
 .text.signal_request_start
                0x0000000000001118       0x20 ./drivers/mss_sys_services/mss_sys_services.o
 .text.wait_for_request_completion
                0x0000000000001138       0x18 ./drivers/mss_sys_services/mss_sys_services.o
 .text.asynchronous_event_handler
                0x0000000000001150      0x188 ./drivers/mss_sys_services/mss_sys_services.o
 .text.MSS_SYS_init
                0x00000000000012d8       0x3c ./drivers/mss_sys_services/mss_sys_services.o
                0x00000000000012d8                MSS_SYS_init
 .text.MSS_SYS_check_digest
                0x0000000000001314       0xa0 ./drivers/mss_sys_services/mss_sys_services.o
                0x0000000000001314                MSS_SYS_check_digest
 .text.MSS_SYS_start_isp
                0x00000000000013b4       0xbc ./drivers/mss_sys_services/mss_sys_services.o
                0x00000000000013b4                MSS_SYS_start_isp
 .text.enable_slave_if_required
                0x0000000000001470        0xe ./drivers/mss_i2c/mss_i2c.o
 *fill*         0x000000000000147e        0x2 
 .text.mss_i2c_isr
                0x0000000000001480      0x37c ./drivers/mss_i2c/mss_i2c.o
 .text.I2C0_IRQHandler
                0x00000000000017fc       0x1c ./drivers/mss_i2c/mss_i2c.o
                0x00000000000017fc                I2C0_IRQHandler
 .text.I2C1_IRQHandler
                0x0000000000001818       0x1c ./drivers/mss_i2c/mss_i2c.o
                0x0000000000001818                I2C1_IRQHandler
 .text.start_transfer
                0x0000000000001834       0x98 ./drivers/mss_hpdma/mss_hpdma.o
 .text.HPDMA_Complete_IRQHandler
                0x00000000000018cc       0xa4 ./drivers/mss_hpdma/mss_hpdma.o
                0x00000000000018cc                HPDMA_Complete_IRQHandler
 .text.HPDMA_Error_IRQHandler
                0x0000000000001970       0xac ./drivers/mss_hpdma/mss_hpdma.o
                0x0000000000001970                HPDMA_Error_IRQHandler
 .text._sbrk    0x0000000000001a1c       0x38 ./CMSIS/startup_gcc/newlib_stubs.o
                0x0000000000001a1c                _sbrk
 .text.set_clock_frequency_globals
                0x0000000000001a54       0x40 ./CMSIS/system_m2sxxx.o
 .text.SystemInit
                0x0000000000001a94       0x3c ./CMSIS/system_m2sxxx.o
                0x0000000000001a94                SystemInit
 .text.SystemCoreClockUpdate
                0x0000000000001ad0       0xac ./CMSIS/system_m2sxxx.o
                0x0000000000001ad0                SystemCoreClockUpdate
 .text.isp_completion_handler
                0x0000000000001b7c       0x3c ./main.o
                0x0000000000001b7c                isp_completion_handler
 .text.UART_Polled_Rx
                0x0000000000001bb8       0x1c ./main.o
                0x0000000000001bb8                UART_Polled_Rx
 .text.page_read_handler
                0x0000000000001bd4      0x12c ./main.o
                0x0000000000001bd4                page_read_handler
 .text.startup.main
                0x0000000000001d00      0x240 ./main.o
                0x0000000000001d00                main
 .text.atoi     0x0000000000001f40        0x8 c:/microchip/softconsole-v2021.1/arm-none-eabi-gcc/bin/../lib/gcc/arm-none-eabi/9.2.1/../../../../arm-none-eabi/lib/thumb/v7-m/nofp\libg_nano.a(lib_a-atoi.o)
                0x0000000000001f40                atoi
 .text.__libc_init_array
                0x0000000000001f48       0x48 c:/microchip/softconsole-v2021.1/arm-none-eabi-gcc/bin/../lib/gcc/arm-none-eabi/9.2.1/../../../../arm-none-eabi/lib/thumb/v7-m/nofp\libg_nano.a(lib_a-init.o)
                0x0000000000001f48                __libc_init_array
 .text.memcpy   0x0000000000001f90       0x1c c:/microchip/softconsole-v2021.1/arm-none-eabi-gcc/bin/../lib/gcc/arm-none-eabi/9.2.1/../../../../arm-none-eabi/lib/thumb/v7-m/nofp\libg_nano.a(lib_a-memcpy-stub.o)
                0x0000000000001f90                memcpy
 .text.snprintf
                0x0000000000001fac       0x68 c:/microchip/softconsole-v2021.1/arm-none-eabi-gcc/bin/../lib/gcc/arm-none-eabi/9.2.1/../../../../arm-none-eabi/lib/thumb/v7-m/nofp\libg_nano.a(lib_a-snprintf.o)
                0x0000000000001fac                sniprintf
                0x0000000000001fac                snprintf
 .text._strtol_l.isra.0
                0x0000000000002014       0xf4 c:/microchip/softconsole-v2021.1/arm-none-eabi-gcc/bin/../lib/gcc/arm-none-eabi/9.2.1/../../../../arm-none-eabi/lib/thumb/v7-m/nofp\libg_nano.a(lib_a-strtol.o)
 .text.strtol   0x0000000000002108       0x14 c:/microchip/softconsole-v2021.1/arm-none-eabi-gcc/bin/../lib/gcc/arm-none-eabi/9.2.1/../../../../arm-none-eabi/lib/thumb/v7-m/nofp\libg_nano.a(lib_a-strtol.o)
                0x0000000000002108                strtol
 .text.__ssputs_r
                0x000000000000211c       0xb6 c:/microchip/softconsole-v2021.1/arm-none-eabi-gcc/bin/../lib/gcc/arm-none-eabi/9.2.1/../../../../arm-none-eabi/lib/thumb/v7-m/nofp\libg_nano.a(lib_a-nano-svfprintf.o)
                0x000000000000211c                __ssputs_r
 *fill*         0x00000000000021d2        0x2 
 .text._svfprintf_r
                0x00000000000021d4      0x200 c:/microchip/softconsole-v2021.1/arm-none-eabi-gcc/bin/../lib/gcc/arm-none-eabi/9.2.1/../../../../arm-none-eabi/lib/thumb/v7-m/nofp\libg_nano.a(lib_a-nano-svfprintf.o)
                0x00000000000021d4                _svfiprintf_r
                0x00000000000021d4                _svfprintf_r
 .text._printf_common
                0x00000000000023d4       0xde c:/microchip/softconsole-v2021.1/arm-none-eabi-gcc/bin/../lib/gcc/arm-none-eabi/9.2.1/../../../../arm-none-eabi/lib/thumb/v7-m/nofp\libg_nano.a(lib_a-nano-vfprintf_i.o)
                0x00000000000023d4                _printf_common
 *fill*         0x00000000000024b2        0x2 
 .text._printf_i
                0x00000000000024b4      0x24c c:/microchip/softconsole-v2021.1/arm-none-eabi-gcc/bin/../lib/gcc/arm-none-eabi/9.2.1/../../../../arm-none-eabi/lib/thumb/v7-m/nofp\libg_nano.a(lib_a-nano-vfprintf_i.o)
                0x00000000000024b4                _printf_i
 .text.memchr   0x0000000000002700       0x1c c:/microchip/softconsole-v2021.1/arm-none-eabi-gcc/bin/../lib/gcc/arm-none-eabi/9.2.1/../../../../arm-none-eabi/lib/thumb/v7-m/nofp\libg_nano.a(lib_a-memchr-stub.o)
                0x0000000000002700                memchr
 .text.memmove  0x000000000000271c       0x34 c:/microchip/softconsole-v2021.1/arm-none-eabi-gcc/bin/../lib/gcc/arm-none-eabi/9.2.1/../../../../arm-none-eabi/lib/thumb/v7-m/nofp\libg_nano.a(lib_a-memmove.o)
                0x000000000000271c                memmove
 .text._free_r  0x0000000000002750       0x98 c:/microchip/softconsole-v2021.1/arm-none-eabi-gcc/bin/../lib/gcc/arm-none-eabi/9.2.1/../../../../arm-none-eabi/lib/thumb/v7-m/nofp\libg_nano.a(lib_a-nano-freer.o)
                0x0000000000002750                _free_r
 .text._malloc_r
                0x00000000000027e8       0xb4 c:/microchip/softconsole-v2021.1/arm-none-eabi-gcc/bin/../lib/gcc/arm-none-eabi/9.2.1/../../../../arm-none-eabi/lib/thumb/v7-m/nofp\libg_nano.a(lib_a-nano-mallocr.o)
                0x00000000000027e8                _malloc_r
 .text._realloc_r
                0x000000000000289c       0x4c c:/microchip/softconsole-v2021.1/arm-none-eabi-gcc/bin/../lib/gcc/arm-none-eabi/9.2.1/../../../../arm-none-eabi/lib/thumb/v7-m/nofp\libg_nano.a(lib_a-nano-reallocr.o)
                0x000000000000289c                _realloc_r
 .text._sbrk_r  0x00000000000028e8       0x20 c:/microchip/softconsole-v2021.1/arm-none-eabi-gcc/bin/../lib/gcc/arm-none-eabi/9.2.1/../../../../arm-none-eabi/lib/thumb/v7-m/nofp\libg_nano.a(lib_a-sbrkr.o)
                0x00000000000028e8                _sbrk_r
 .text.__malloc_lock
                0x0000000000002908        0xc c:/microchip/softconsole-v2021.1/arm-none-eabi-gcc/bin/../lib/gcc/arm-none-eabi/9.2.1/../../../../arm-none-eabi/lib/thumb/v7-m/nofp\libg_nano.a(lib_a-mlock.o)
                0x0000000000002908                __malloc_lock
 .text.__malloc_unlock
                0x0000000000002914        0xc c:/microchip/softconsole-v2021.1/arm-none-eabi-gcc/bin/../lib/gcc/arm-none-eabi/9.2.1/../../../../arm-none-eabi/lib/thumb/v7-m/nofp\libg_nano.a(lib_a-mlock.o)
                0x0000000000002914                __malloc_unlock
 .text._malloc_usable_size_r
                0x0000000000002920       0x10 c:/microchip/softconsole-v2021.1/arm-none-eabi-gcc/bin/../lib/gcc/arm-none-eabi/9.2.1/../../../../arm-none-eabi/lib/thumb/v7-m/nofp\libg_nano.a(lib_a-nano-msizer.o)
                0x0000000000002920                _malloc_usable_size_r
 .text.__retarget_lock_acquire_recursive
                0x0000000000002930        0x2 c:/microchip/softconsole-v2021.1/arm-none-eabi-gcc/bin/../lib/gcc/arm-none-eabi/9.2.1/../../../../arm-none-eabi/lib/thumb/v7-m/nofp\libg_nano.a(lib_a-lock.o)
                0x0000000000002930                __retarget_lock_acquire_recursive
 .text.__retarget_lock_release_recursive
                0x0000000000002932        0x2 c:/microchip/softconsole-v2021.1/arm-none-eabi-gcc/bin/../lib/gcc/arm-none-eabi/9.2.1/../../../../arm-none-eabi/lib/thumb/v7-m/nofp\libg_nano.a(lib_a-lock.o)
                0x0000000000002932                __retarget_lock_release_recursive
 *(.plt)
 *(.gnu.warning)
 *(.glue_7t)
 .glue_7t       0x0000000000002934        0x0 linker stubs
 *(.glue_7)
 .glue_7        0x0000000000002934        0x0 linker stubs
 *(.vfp11_veneer)
 .vfp11_veneer  0x0000000000002934        0x0 linker stubs
                0x0000000000002934                . = ALIGN (0x4)
 *crtbegin.o(.ctors)
 *(EXCLUDE_FILE(*crtend.o) .ctors)
 *(SORT_BY_NAME(.ctors.*))
 *crtend.o(.ctors)
 *crtbegin.o(.dtors)
 *(EXCLUDE_FILE(*crtend.o) .dtors)
 *(SORT_BY_NAME(.dtors.*))
 *crtend.o(.dtors)
 *(.rodata .rodata.* .gnu.linkonce.r.*)
 .rodata        0x0000000000002934        0x8 ./CMSIS/system_m2sxxx.o
 .rodata.isp_completion_handler.str1.1
                0x000000000000293c        0x4 ./main.o
 .rodata.page_read_handler.str1.1
                0x0000000000002940        0x6 ./main.o
 .rodata.main.str1.1
                0x0000000000002946       0x10 ./main.o
 .rodata._ctype_
                0x0000000000002956      0x101 c:/microchip/softconsole-v2021.1/arm-none-eabi-gcc/bin/../lib/gcc/arm-none-eabi/9.2.1/../../../../arm-none-eabi/lib/thumb/v7-m/nofp\libg_nano.a(lib_a-ctype_.o)
                0x0000000000002956                _ctype_
 .rodata._svfprintf_r.str1.1
                0x0000000000002a57       0x11 c:/microchip/softconsole-v2021.1/arm-none-eabi-gcc/bin/../lib/gcc/arm-none-eabi/9.2.1/../../../../arm-none-eabi/lib/thumb/v7-m/nofp\libg_nano.a(lib_a-nano-svfprintf.o)
 .rodata._printf_i.str1.1
                0x0000000000002a68       0x22 c:/microchip/softconsole-v2021.1/arm-none-eabi-gcc/bin/../lib/gcc/arm-none-eabi/9.2.1/../../../../arm-none-eabi/lib/thumb/v7-m/nofp\libg_nano.a(lib_a-nano-vfprintf_i.o)
 *(.ARM.extab* .gnu.linkonce.armextab.*)
 *(.gcc_except_table)
 *(.eh_frame_hdr)
 *(.eh_frame)
 *fill*         0x0000000000002a8a        0x2 
 .eh_frame      0x0000000000002a8c        0x0 c:/microchip/softconsole-v2021.1/arm-none-eabi-gcc/bin/../lib/gcc/arm-none-eabi/9.2.1/thumb/v7-m/nofp/crtbegin.o
 *(.vector_table)
 *(.init)
 .init          0x0000000000002a8c        0x4 c:/microchip/softconsole-v2021.1/arm-none-eabi-gcc/bin/../lib/gcc/arm-none-eabi/9.2.1/thumb/v7-m/nofp/crti.o
                0x0000000000002a8c                _init
 .init          0x0000000000002a90        0x8 c:/microchip/softconsole-v2021.1/arm-none-eabi-gcc/bin/../lib/gcc/arm-none-eabi/9.2.1/thumb/v7-m/nofp/crtn.o
 *(.fini)
 .fini          0x0000000000002a98        0x4 c:/microchip/softconsole-v2021.1/arm-none-eabi-gcc/bin/../lib/gcc/arm-none-eabi/9.2.1/thumb/v7-m/nofp/crti.o
                0x0000000000002a98                _fini
 .fini          0x0000000000002a9c        0x8 c:/microchip/softconsole-v2021.1/arm-none-eabi-gcc/bin/../lib/gcc/arm-none-eabi/9.2.1/thumb/v7-m/nofp/crtn.o
                0x0000000000002aa4                PROVIDE (__preinit_array_start = .)
 *(.preinit_array)
                0x0000000000002aa4                PROVIDE (__preinit_array_end = .)
                0x0000000000002aa4                PROVIDE (__init_array_start = .)
 *(SORT_BY_NAME(.init_array.*))
 *(.init_array)
 .init_array    0x0000000000002aa4        0x4 c:/microchip/softconsole-v2021.1/arm-none-eabi-gcc/bin/../lib/gcc/arm-none-eabi/9.2.1/thumb/v7-m/nofp/crtbegin.o
                0x0000000000002aa8                PROVIDE (__init_array_end = .)
                [!provide]                        PROVIDE (__fini_array_start = .)
 *(.fini_array)
 .fini_array    0x0000000000002aa8        0x4 c:/microchip/softconsole-v2021.1/arm-none-eabi-gcc/bin/../lib/gcc/arm-none-eabi/9.2.1/thumb/v7-m/nofp/crtbegin.o
 *(SORT_BY_NAME(.fini_array.*))
                [!provide]                        PROVIDE (__fini_array_end = .)
                0x0000000000002ab0                . = ALIGN (0x10)
 *fill*         0x0000000000002aac        0x4 
                0x0000000000002ab0                __exidx_start = .

.v4_bx          0x0000000000002ab0        0x0
 .v4_bx         0x0000000000002ab0        0x0 linker stubs

.iplt           0x0000000000002ab0        0x0
 .iplt          0x0000000000002ab0        0x0 c:/microchip/softconsole-v2021.1/arm-none-eabi-gcc/bin/../lib/gcc/arm-none-eabi/9.2.1/thumb/v7-m/nofp/crtbegin.o

.rel.dyn        0x0000000000002ab0        0x0
 .rel.iplt      0x0000000000002ab0        0x0 c:/microchip/softconsole-v2021.1/arm-none-eabi-gcc/bin/../lib/gcc/arm-none-eabi/9.2.1/thumb/v7-m/nofp/crtbegin.o

.ARM.exidx
 *(.ARM.exidx* .gnu.linkonce.armexidx.*)
                0x0000000000002ab0                __exidx_end = .
                0x0000000000002ab0                _etext = .

.data           0x0000000000002ab0       0xa0
                0x0000000000002ab0                __data_load = LOADADDR (.data)
                0x0000000000002ab0                _sidata = LOADADDR (.data)
                0x0000000000002ab0                __data_start = .
                0x0000000000002ab0                _sdata = .
 *(.jcr)
 *(.got.plt)
 *(.got)
 *(.shdata)
 *(.data .data.* .gnu.linkonce.d.*)
 .data.div16_seq
                0x0000000000002ab0        0x2 ./drivers/mss_sys_services/mss_sys_services.o
                0x0000000000002ab0                div16_seq
 .data.div1_seq
                0x0000000000002ab2        0x4 ./drivers/mss_sys_services/mss_sys_services.o
                0x0000000000002ab2                div1_seq
 .data.div2_seq
                0x0000000000002ab6        0x3 ./drivers/mss_sys_services/mss_sys_services.o
                0x0000000000002ab6                div2_seq
 .data.div32_seq
                0x0000000000002ab9        0x2 ./drivers/mss_sys_services/mss_sys_services.o
                0x0000000000002ab9                div32_seq
 .data.div4_seq
                0x0000000000002abb        0x5 ./drivers/mss_sys_services/mss_sys_services.o
                0x0000000000002abb                div4_seq
 .data.div8_seq
                0x0000000000002ac0        0x3 ./drivers/mss_sys_services/mss_sys_services.o
                0x0000000000002ac0                div8_seq
 *fill*         0x0000000000002ac3        0x1 
 .data.g_initial_envm_cr
                0x0000000000002ac4        0x4 ./drivers/mss_sys_services/mss_sys_services.o
 .data.wait_for_clock_switch
                0x0000000000002ac8        0x1 ./drivers/mss_sys_services/mss_sys_services.o
 *fill*         0x0000000000002ac9        0x3 
 .data.SystemCoreClock
                0x0000000000002acc        0x4 ./CMSIS/system_m2sxxx.o
                0x0000000000002acc                SystemCoreClock
 .data.g_FrequencyFIC0
                0x0000000000002ad0        0x4 ./CMSIS/system_m2sxxx.o
                0x0000000000002ad0                g_FrequencyFIC0
 .data.g_FrequencyFIC1
                0x0000000000002ad4        0x4 ./CMSIS/system_m2sxxx.o
                0x0000000000002ad4                g_FrequencyFIC1
 .data.g_FrequencyFIC64
                0x0000000000002ad8        0x4 ./CMSIS/system_m2sxxx.o
                0x0000000000002ad8                g_FrequencyFIC64
 .data.g_FrequencyPCLK0
                0x0000000000002adc        0x4 ./CMSIS/system_m2sxxx.o
                0x0000000000002adc                g_FrequencyPCLK0
 .data.g_FrequencyPCLK1
                0x0000000000002ae0        0x4 ./CMSIS/system_m2sxxx.o
                0x0000000000002ae0                g_FrequencyPCLK1
 .data.g_FrequencyPCLK2
                0x0000000000002ae4        0x4 ./CMSIS/system_m2sxxx.o
                0x0000000000002ae4                g_FrequencyPCLK2
 .data.g_isp_operation_busy
                0x0000000000002ae8        0x1 ./main.o
                0x0000000000002ae8                g_isp_operation_busy
 *fill*         0x0000000000002ae9        0x3 
 .data._impure_ptr
                0x0000000000002aec        0x4 c:/microchip/softconsole-v2021.1/arm-none-eabi-gcc/bin/../lib/gcc/arm-none-eabi/9.2.1/../../../../arm-none-eabi/lib/thumb/v7-m/nofp\libg_nano.a(lib_a-impure.o)
                0x0000000000002aec                _impure_ptr
 .data.impure_data
                0x0000000000002af0       0x60 c:/microchip/softconsole-v2021.1/arm-none-eabi-gcc/bin/../lib/gcc/arm-none-eabi/9.2.1/../../../../arm-none-eabi/lib/thumb/v7-m/nofp\libg_nano.a(lib_a-impure.o)
                0x0000000000002b50                . = ALIGN (0x10)
                0x0000000000002b50                _edata = .

.igot.plt       0x0000000000002b50        0x0
 .igot.plt      0x0000000000002b50        0x0 c:/microchip/softconsole-v2021.1/arm-none-eabi-gcc/bin/../lib/gcc/arm-none-eabi/9.2.1/thumb/v7-m/nofp/crtbegin.o

.bss            0x0000000000002b50     0x1240
                0x0000000000002b50                __bss_start__ = .
                0x0000000000002b50                _sbss = .
 *(.shbss)
 *(.bss .bss.* .gnu.linkonce.b.*)
 .bss.completed.8911
                0x0000000000002b50        0x1 c:/microchip/softconsole-v2021.1/arm-none-eabi-gcc/bin/../lib/gcc/arm-none-eabi/9.2.1/thumb/v7-m/nofp/crtbegin.o
 *fill*         0x0000000000002b51        0x3 
 .bss.object.8916
                0x0000000000002b54       0x18 c:/microchip/softconsole-v2021.1/arm-none-eabi-gcc/bin/../lib/gcc/arm-none-eabi/9.2.1/thumb/v7-m/nofp/crtbegin.o
 .bss.g_async_event_handler
                0x0000000000002b6c        0x4 ./drivers/mss_sys_services/mss_comblk.o
 .bss.g_comblk_cmd_opcode
                0x0000000000002b70        0x1 ./drivers/mss_sys_services/mss_comblk.o
 *fill*         0x0000000000002b71        0x1 
 .bss.g_comblk_cmd_size
                0x0000000000002b72        0x2 ./drivers/mss_sys_services/mss_comblk.o
 .bss.g_comblk_completion_handler
                0x0000000000002b74        0x4 ./drivers/mss_sys_services/mss_comblk.o
 .bss.g_comblk_data_size
                0x0000000000002b78        0x4 ./drivers/mss_sys_services/mss_comblk.o
 .bss.g_comblk_p_cmd
                0x0000000000002b7c        0x4 ./drivers/mss_sys_services/mss_comblk.o
 .bss.g_comblk_p_data
                0x0000000000002b80        0x4 ./drivers/mss_sys_services/mss_comblk.o
 .bss.g_comblk_p_response
                0x0000000000002b84        0x4 ./drivers/mss_sys_services/mss_comblk.o
 .bss.g_comblk_page_handler
                0x0000000000002b88        0x4 ./drivers/mss_sys_services/mss_comblk.o
 .bss.g_comblk_response_idx
                0x0000000000002b8c        0x2 ./drivers/mss_sys_services/mss_comblk.o
 .bss.g_comblk_response_size
                0x0000000000002b8e        0x2 ./drivers/mss_sys_services/mss_comblk.o
 .bss.g_comblk_state
                0x0000000000002b90        0x1 ./drivers/mss_sys_services/mss_comblk.o
 .bss.g_request_in_progress
                0x0000000000002b91        0x1 ./drivers/mss_sys_services/mss_comblk.o
 *fill*         0x0000000000002b92        0x2 
 .bss.divisor   0x0000000000002b94       0x10 ./drivers/mss_sys_services/mss_sys_services.o
                0x0000000000002b94                divisor
 .bss.g_event_handler
                0x0000000000002ba4        0x4 ./drivers/mss_sys_services/mss_sys_services.o
 .bss.g_initial_mssddr_facc1_cr
                0x0000000000002ba8        0x4 ./drivers/mss_sys_services/mss_sys_services.o
 .bss.g_initial_mssddr_facc2_cr
                0x0000000000002bac        0x4 ./drivers/mss_sys_services/mss_sys_services.o
 .bss.g_isp_completion_handler
                0x0000000000002bb0        0x4 ./drivers/mss_sys_services/mss_sys_services.o
                0x0000000000002bb0                g_isp_completion_handler
 .bss.g_isp_page_read_handler
                0x0000000000002bb4        0x4 ./drivers/mss_sys_services/mss_sys_services.o
                0x0000000000002bb4                g_isp_page_read_handler
 .bss.g_isp_response
                0x0000000000002bb8        0x2 ./drivers/mss_sys_services/mss_sys_services.o
 .bss.g_last_response_length
                0x0000000000002bba        0x2 ./drivers/mss_sys_services/mss_sys_services.o
 .bss.g_mode    0x0000000000002bbc        0x1 ./drivers/mss_sys_services/mss_sys_services.o
 .bss.g_request_in_progress
                0x0000000000002bbd        0x1 ./drivers/mss_sys_services/mss_sys_services.o
 .bss.g_response
                0x0000000000002bbe        0x2 ./drivers/mss_sys_services/mss_sys_services.o
 .bss.g_hpdma_current_desc
                0x0000000000002bc0        0x4 ./drivers/mss_hpdma/mss_hpdma.o
 .bss.g_hpdma_end_desc
                0x0000000000002bc4        0x4 ./drivers/mss_hpdma/mss_hpdma.o
 .bss.g_transfer
                0x0000000000002bc8       0x18 ./drivers/mss_hpdma/mss_hpdma.o
 .bss.heap_end.5417
                0x0000000000002be0        0x4 ./CMSIS/startup_gcc/newlib_stubs.o
 .bss.g_bkup    0x0000000000002be4        0x4 ./main.o
                0x0000000000002be4                g_bkup
 .bss.g_file_size
                0x0000000000002be8        0x4 ./main.o
 .bss.g_mode    0x0000000000002bec        0x1 ./main.o
                0x0000000000002bec                g_mode
 *fill*         0x0000000000002bed        0x3 
 .bss.g_src_image_target_address
                0x0000000000002bf0        0x4 ./main.o
 .bss.__malloc_free_list
                0x0000000000002bf4        0x4 c:/microchip/softconsole-v2021.1/arm-none-eabi-gcc/bin/../lib/gcc/arm-none-eabi/9.2.1/../../../../arm-none-eabi/lib/thumb/v7-m/nofp\libg_nano.a(lib_a-nano-mallocr.o)
                0x0000000000002bf4                __malloc_free_list
 .bss.__malloc_sbrk_start
                0x0000000000002bf8        0x4 c:/microchip/softconsole-v2021.1/arm-none-eabi-gcc/bin/../lib/gcc/arm-none-eabi/9.2.1/../../../../arm-none-eabi/lib/thumb/v7-m/nofp\libg_nano.a(lib_a-nano-mallocr.o)
                0x0000000000002bf8                __malloc_sbrk_start
 *(COMMON)
 COMMON         0x0000000000002bfc       0x80 ./drivers/mss_uart/mss_uart.o
                0x0000000000002bfc                g_mss_uart1
                0x0000000000002c3c                g_mss_uart0
 COMMON         0x0000000000002c7c       0xe8 ./drivers/mss_i2c/mss_i2c.o
                0x0000000000002c7c                g_mss_i2c0
                0x0000000000002cf0                g_mss_i2c1
 COMMON         0x0000000000002d64     0x1014 ./main.o
                0x0000000000002d64                g_page_buffer
                0x0000000000003d64                dummy_g_page_buffer
 COMMON         0x0000000000003d78        0x4 c:/microchip/softconsole-v2021.1/arm-none-eabi-gcc/bin/../lib/gcc/arm-none-eabi/9.2.1/../../../../arm-none-eabi/lib/thumb/v7-m/nofp\libg_nano.a(lib_a-reent.o)
                0x0000000000003d78                errno
 COMMON         0x0000000000003d7c        0x9 c:/microchip/softconsole-v2021.1/arm-none-eabi-gcc/bin/../lib/gcc/arm-none-eabi/9.2.1/../../../../arm-none-eabi/lib/thumb/v7-m/nofp\libg_nano.a(lib_a-lock.o)
                0x0000000000003d7c                __lock___atexit_recursive_mutex
                0x0000000000003d7d                __lock___arc4random_mutex
                0x0000000000003d7e                __lock___env_recursive_mutex
                0x0000000000003d7f                __lock___sinit_recursive_mutex
                0x0000000000003d80                __lock___malloc_recursive_mutex
                0x0000000000003d81                __lock___at_quick_exit_mutex
                0x0000000000003d82                __lock___dd_hash_mutex
                0x0000000000003d83                __lock___tz_mutex
                0x0000000000003d84                __lock___sfp_recursive_mutex
                0x0000000000003d90                . = ALIGN (0x10)
 *fill*         0x0000000000003d85        0xb 
                0x0000000000003d90                __bss_end__ = .
                0x0000000000003d90                _end = .
                0x0000000000003d90                __end = _end
                0x0000000000003d90                _ebss = .
                [!provide]                        PROVIDE (end = .)

.heap           0x0000000000003d90     0x9270
                0x0000000000003d90                __heap_start__ = .
                0x0000000000003d90                . = (. + MIN_SIZE_HEAP)
                0x000000000000d000                . = (. + (((ABSOLUTE (RAM_START_ADDRESS) + RAM_SIZE) - MAIN_STACK_SIZE) - .))
 *fill*         0x0000000000003d90     0x9270 
                0x000000000000d000                _eheap = .

.stack          0x000000000000d000     0x2000
                0x000000000000d000                __stack_start__ = .
                0x000000000000f000                . = (. + MAIN_STACK_SIZE)
 *fill*         0x000000000000d000     0x2000 
                0x000000000000f000                _estack = .

.stab
 *(.stab)

.stabstr
 *(.stabstr)

.debug
 *(.debug)

.line
 *(.line)

.debug_srcinfo
 *(.debug_srcinfo)

.debug_sfnames
 *(.debug_sfnames)

.debug_aranges  0x0000000000000000      0x698
 *(.debug_aranges)
 .debug_aranges
                0x0000000000000000      0x1c0 ./drivers/mss_uart/mss_uart.o
 .debug_aranges
                0x00000000000001c0       0x68 ./drivers/mss_sys_services/mss_comblk.o
 .debug_aranges
                0x0000000000000228      0x1b8 ./drivers/mss_sys_services/mss_sys_services.o
 .debug_aranges
                0x00000000000003e0      0x108 ./drivers/mss_i2c/mss_i2c.o
 .debug_aranges
                0x00000000000004e8       0x68 ./drivers/mss_hpdma/mss_hpdma.o
 .debug_aranges
                0x0000000000000550       0xa8 ./CMSIS/startup_gcc/newlib_stubs.o
 .debug_aranges
                0x00000000000005f8       0x20 ./CMSIS/startup_gcc/startup_m2sxxx.o
 .debug_aranges
                0x0000000000000618       0x30 ./CMSIS/system_m2sxxx.o
 .debug_aranges
                0x0000000000000648       0x50 ./main.o

.debug_pubnames
 *(.debug_pubnames)

.debug_info     0x0000000000000000     0xe725
 *(.debug_info .gnu.linkonce.wi.*)
 .debug_info    0x0000000000000000     0x28f2 ./drivers/mss_uart/mss_uart.o
 .debug_info    0x00000000000028f2      0xf36 ./drivers/mss_sys_services/mss_comblk.o
 .debug_info    0x0000000000003828     0x3849 ./drivers/mss_sys_services/mss_sys_services.o
 .debug_info    0x0000000000007071     0x2c9f ./drivers/mss_i2c/mss_i2c.o
 .debug_info    0x0000000000009d10     0x136f ./drivers/mss_hpdma/mss_hpdma.o
 .debug_info    0x000000000000b07f     0x1147 ./CMSIS/startup_gcc/newlib_stubs.o
 .debug_info    0x000000000000c1c6       0x26 ./CMSIS/startup_gcc/startup_m2sxxx.o
 .debug_info    0x000000000000c1ec      0xc03 ./CMSIS/system_m2sxxx.o
 .debug_info    0x000000000000cdef     0x1936 ./main.o

.debug_abbrev   0x0000000000000000     0x1ede
 *(.debug_abbrev)
 .debug_abbrev  0x0000000000000000      0x42c ./drivers/mss_uart/mss_uart.o
 .debug_abbrev  0x000000000000042c      0x3a8 ./drivers/mss_sys_services/mss_comblk.o
 .debug_abbrev  0x00000000000007d4      0x4e1 ./drivers/mss_sys_services/mss_sys_services.o
 .debug_abbrev  0x0000000000000cb5      0x4d7 ./drivers/mss_i2c/mss_i2c.o
 .debug_abbrev  0x000000000000118c      0x306 ./drivers/mss_hpdma/mss_hpdma.o
 .debug_abbrev  0x0000000000001492      0x391 ./CMSIS/startup_gcc/newlib_stubs.o
 .debug_abbrev  0x0000000000001823       0x14 ./CMSIS/startup_gcc/startup_m2sxxx.o
 .debug_abbrev  0x0000000000001837      0x224 ./CMSIS/system_m2sxxx.o
 .debug_abbrev  0x0000000000001a5b      0x483 ./main.o

.debug_line     0x0000000000000000     0x817c
 *(.debug_line)
 .debug_line    0x0000000000000000     0x1d33 ./drivers/mss_uart/mss_uart.o
 .debug_line    0x0000000000001d33      0xd70 ./drivers/mss_sys_services/mss_comblk.o
 .debug_line    0x0000000000002aa3     0x2504 ./drivers/mss_sys_services/mss_sys_services.o
 .debug_line    0x0000000000004fa7     0x1aa0 ./drivers/mss_i2c/mss_i2c.o
 .debug_line    0x0000000000006a47      0x73b ./drivers/mss_hpdma/mss_hpdma.o
 .debug_line    0x0000000000007182      0x4cf ./CMSIS/startup_gcc/newlib_stubs.o
 .debug_line    0x0000000000007651      0x18e ./CMSIS/startup_gcc/startup_m2sxxx.o
 .debug_line    0x00000000000077df      0x2ac ./CMSIS/system_m2sxxx.o
 .debug_line    0x0000000000007a8b      0x6f1 ./main.o

.debug_frame    0x0000000000000000     0x16f0
 *(.debug_frame)
 .debug_frame   0x0000000000000000      0x4ec ./drivers/mss_uart/mss_uart.o
 .debug_frame   0x00000000000004ec      0x140 ./drivers/mss_sys_services/mss_comblk.o
 .debug_frame   0x000000000000062c      0x5d4 ./drivers/mss_sys_services/mss_sys_services.o
 .debug_frame   0x0000000000000c00      0x284 ./drivers/mss_i2c/mss_i2c.o
 .debug_frame   0x0000000000000e84      0x110 ./drivers/mss_hpdma/mss_hpdma.o
 .debug_frame   0x0000000000000f94      0x160 ./CMSIS/startup_gcc/newlib_stubs.o
 .debug_frame   0x00000000000010f4       0x50 ./CMSIS/system_m2sxxx.o
 .debug_frame   0x0000000000001144       0xdc ./main.o
 .debug_frame   0x0000000000001220       0x30 c:/microchip/softconsole-v2021.1/arm-none-eabi-gcc/bin/../lib/gcc/arm-none-eabi/9.2.1/../../../../arm-none-eabi/lib/thumb/v7-m/nofp\libg_nano.a(lib_a-atoi.o)
 .debug_frame   0x0000000000001250       0x2c c:/microchip/softconsole-v2021.1/arm-none-eabi-gcc/bin/../lib/gcc/arm-none-eabi/9.2.1/../../../../arm-none-eabi/lib/thumb/v7-m/nofp\libg_nano.a(lib_a-init.o)
 .debug_frame   0x000000000000127c       0x28 c:/microchip/softconsole-v2021.1/arm-none-eabi-gcc/bin/../lib/gcc/arm-none-eabi/9.2.1/../../../../arm-none-eabi/lib/thumb/v7-m/nofp\libg_nano.a(lib_a-memcpy-stub.o)
 .debug_frame   0x00000000000012a4       0x7c c:/microchip/softconsole-v2021.1/arm-none-eabi-gcc/bin/../lib/gcc/arm-none-eabi/9.2.1/../../../../arm-none-eabi/lib/thumb/v7-m/nofp\libg_nano.a(lib_a-snprintf.o)
 .debug_frame   0x0000000000001320       0x64 c:/microchip/softconsole-v2021.1/arm-none-eabi-gcc/bin/../lib/gcc/arm-none-eabi/9.2.1/../../../../arm-none-eabi/lib/thumb/v7-m/nofp\libg_nano.a(lib_a-strtol.o)
 .debug_frame   0x0000000000001384       0x90 c:/microchip/softconsole-v2021.1/arm-none-eabi-gcc/bin/../lib/gcc/arm-none-eabi/9.2.1/../../../../arm-none-eabi/lib/thumb/v7-m/nofp\libg_nano.a(lib_a-nano-svfprintf.o)
 .debug_frame   0x0000000000001414       0x60 c:/microchip/softconsole-v2021.1/arm-none-eabi-gcc/bin/../lib/gcc/arm-none-eabi/9.2.1/../../../../arm-none-eabi/lib/thumb/v7-m/nofp\libg_nano.a(lib_a-nano-vfprintf_i.o)
 .debug_frame   0x0000000000001474       0x28 c:/microchip/softconsole-v2021.1/arm-none-eabi-gcc/bin/../lib/gcc/arm-none-eabi/9.2.1/../../../../arm-none-eabi/lib/thumb/v7-m/nofp\libg_nano.a(lib_a-memchr-stub.o)
 .debug_frame   0x000000000000149c       0x28 c:/microchip/softconsole-v2021.1/arm-none-eabi-gcc/bin/../lib/gcc/arm-none-eabi/9.2.1/../../../../arm-none-eabi/lib/thumb/v7-m/nofp\libg_nano.a(lib_a-memmove.o)
 .debug_frame   0x00000000000014c4       0x38 c:/microchip/softconsole-v2021.1/arm-none-eabi-gcc/bin/../lib/gcc/arm-none-eabi/9.2.1/../../../../arm-none-eabi/lib/thumb/v7-m/nofp\libg_nano.a(lib_a-nano-freer.o)
 .debug_frame   0x00000000000014fc       0x30 c:/microchip/softconsole-v2021.1/arm-none-eabi-gcc/bin/../lib/gcc/arm-none-eabi/9.2.1/../../../../arm-none-eabi/lib/thumb/v7-m/nofp\libg_nano.a(lib_a-nano-mallocr.o)
 .debug_frame   0x000000000000152c       0x3c c:/microchip/softconsole-v2021.1/arm-none-eabi-gcc/bin/../lib/gcc/arm-none-eabi/9.2.1/../../../../arm-none-eabi/lib/thumb/v7-m/nofp\libg_nano.a(lib_a-nano-reallocr.o)
 .debug_frame   0x0000000000001568       0x2c c:/microchip/softconsole-v2021.1/arm-none-eabi-gcc/bin/../lib/gcc/arm-none-eabi/9.2.1/../../../../arm-none-eabi/lib/thumb/v7-m/nofp\libg_nano.a(lib_a-sbrkr.o)
 .debug_frame   0x0000000000001594       0x30 c:/microchip/softconsole-v2021.1/arm-none-eabi-gcc/bin/../lib/gcc/arm-none-eabi/9.2.1/../../../../arm-none-eabi/lib/thumb/v7-m/nofp\libg_nano.a(lib_a-mlock.o)
 .debug_frame   0x00000000000015c4       0x20 c:/microchip/softconsole-v2021.1/arm-none-eabi-gcc/bin/../lib/gcc/arm-none-eabi/9.2.1/../../../../arm-none-eabi/lib/thumb/v7-m/nofp\libg_nano.a(lib_a-nano-msizer.o)
 .debug_frame   0x00000000000015e4       0x5c c:/microchip/softconsole-v2021.1/arm-none-eabi-gcc/bin/../lib/gcc/arm-none-eabi/9.2.1/../../../../arm-none-eabi/lib/thumb/v7-m/nofp\libg_nano.a(lib_a-reent.o)
 .debug_frame   0x0000000000001640       0xb0 c:/microchip/softconsole-v2021.1/arm-none-eabi-gcc/bin/../lib/gcc/arm-none-eabi/9.2.1/../../../../arm-none-eabi/lib/thumb/v7-m/nofp\libg_nano.a(lib_a-lock.o)

.debug_str      0x0000000000000000     0x3d20
 *(.debug_str)
 .debug_str     0x0000000000000000     0x19c0 ./drivers/mss_uart/mss_uart.o
                                       0x1b08 (size before relaxing)
 .debug_str     0x00000000000019c0      0x31b ./drivers/mss_sys_services/mss_comblk.o
                                        0xb58 (size before relaxing)
 .debug_str     0x0000000000001cdb      0xd7a ./drivers/mss_sys_services/mss_sys_services.o
                                       0x184d (size before relaxing)
 .debug_str     0x0000000000002a55      0x84d ./drivers/mss_i2c/mss_i2c.o
                                       0x1c07 (size before relaxing)
 .debug_str     0x00000000000032a2      0x4ff ./drivers/mss_hpdma/mss_hpdma.o
                                       0x13b2 (size before relaxing)
 .debug_str     0x00000000000037a1      0x270 ./CMSIS/startup_gcc/newlib_stubs.o
                                        0x888 (size before relaxing)
 .debug_str     0x0000000000003a11       0x34 ./CMSIS/startup_gcc/startup_m2sxxx.o
                                         0x7c (size before relaxing)
 .debug_str     0x0000000000003a45      0x186 ./CMSIS/system_m2sxxx.o
                                        0xb0f (size before relaxing)
 .debug_str     0x0000000000003bcb      0x155 ./main.o
                                        0xf12 (size before relaxing)

.debug_loc      0x0000000000000000     0x4f71
 *(.debug_loc)
 .debug_loc     0x0000000000000000     0x17a6 ./drivers/mss_uart/mss_uart.o
 .debug_loc     0x00000000000017a6      0x827 ./drivers/mss_sys_services/mss_comblk.o
 .debug_loc     0x0000000000001fcd     0x1976 ./drivers/mss_sys_services/mss_sys_services.o
 .debug_loc     0x0000000000003943      0xd76 ./drivers/mss_i2c/mss_i2c.o
 .debug_loc     0x00000000000046b9      0x37f ./drivers/mss_hpdma/mss_hpdma.o
 .debug_loc     0x0000000000004a38      0x30b ./CMSIS/startup_gcc/newlib_stubs.o
 .debug_loc     0x0000000000004d43       0xc0 ./CMSIS/system_m2sxxx.o
 .debug_loc     0x0000000000004e03      0x16e ./main.o

.debug_macinfo
 *(.debug_macinfo)

.debug_weaknames
 *(.debug_weaknames)

.debug_funcnames
 *(.debug_funcnames)

.debug_typenames
 *(.debug_typenames)

.debug_varnames
 *(.debug_varnames)

.note.gnu.arm.ident
 *(.note.gnu.arm.ident)

.ARM.attributes
                0x0000000000000000       0x29
 *(.ARM.attributes)
 .ARM.attributes
                0x0000000000000000       0x1d c:/microchip/softconsole-v2021.1/arm-none-eabi-gcc/bin/../lib/gcc/arm-none-eabi/9.2.1/thumb/v7-m/nofp/crti.o
 .ARM.attributes
                0x000000000000001d       0x2d c:/microchip/softconsole-v2021.1/arm-none-eabi-gcc/bin/../lib/gcc/arm-none-eabi/9.2.1/thumb/v7-m/nofp/crtbegin.o
 .ARM.attributes
                0x000000000000004a       0x1b c:/microchip/softconsole-v2021.1/arm-none-eabi-gcc/bin/../lib/gcc/arm-none-eabi/9.2.1/../../../../arm-none-eabi/lib/thumb/v7-m/nofp/crt0.o
 .ARM.attributes
                0x0000000000000065       0x1b ./hal/CortexM3/GNU/hal.o
 .ARM.attributes
                0x0000000000000080       0x1b ./hal/CortexM3/GNU/hw_reg_access.o
 .ARM.attributes
                0x000000000000009b       0x2d ./hal/CortexM3/cortex_nvic.o
 .ARM.attributes
                0x00000000000000c8       0x33 ./drivers_config/sys_config/sys_config.o
 .ARM.attributes
                0x00000000000000fb       0x2d ./drivers/mss_uart/mss_uart.o
 .ARM.attributes
                0x0000000000000128       0x2d ./drivers/mss_sys_services/mss_comblk.o
 .ARM.attributes
                0x0000000000000155       0x2d ./drivers/mss_sys_services/mss_sys_services.o
 .ARM.attributes
                0x0000000000000182       0x2d ./drivers/mss_nvm/mss_nvm.o
 .ARM.attributes
                0x00000000000001af       0x2d ./drivers/mss_i2c/mss_i2c.o
 .ARM.attributes
                0x00000000000001dc       0x2d ./drivers/mss_hpdma/mss_hpdma.o
 .ARM.attributes
                0x0000000000000209       0x2d ./drivers/mss_gpio/mss_gpio.o
 .ARM.attributes
                0x0000000000000236       0x2d ./CMSIS/startup_gcc/newlib_stubs.o
 .ARM.attributes
                0x0000000000000263       0x21 ./CMSIS/startup_gcc/startup_m2sxxx.o
 .ARM.attributes
                0x0000000000000284       0x2d ./CMSIS/system_m2sxxx.o
 .ARM.attributes
                0x00000000000002b1       0x2d ./main.o
 .ARM.attributes
                0x00000000000002de       0x2d c:/microchip/softconsole-v2021.1/arm-none-eabi-gcc/bin/../lib/gcc/arm-none-eabi/9.2.1/../../../../arm-none-eabi/lib/thumb/v7-m/nofp\libg_nano.a(lib_a-atoi.o)
 .ARM.attributes
                0x000000000000030b       0x2d c:/microchip/softconsole-v2021.1/arm-none-eabi-gcc/bin/../lib/gcc/arm-none-eabi/9.2.1/../../../../arm-none-eabi/lib/thumb/v7-m/nofp\libg_nano.a(lib_a-errno.o)
 .ARM.attributes
                0x0000000000000338       0x2d c:/microchip/softconsole-v2021.1/arm-none-eabi-gcc/bin/../lib/gcc/arm-none-eabi/9.2.1/../../../../arm-none-eabi/lib/thumb/v7-m/nofp\libg_nano.a(lib_a-exit.o)
 .ARM.attributes
                0x0000000000000365       0x2d c:/microchip/softconsole-v2021.1/arm-none-eabi-gcc/bin/../lib/gcc/arm-none-eabi/9.2.1/../../../../arm-none-eabi/lib/thumb/v7-m/nofp\libg_nano.a(lib_a-impure.o)
 .ARM.attributes
                0x0000000000000392       0x2d c:/microchip/softconsole-v2021.1/arm-none-eabi-gcc/bin/../lib/gcc/arm-none-eabi/9.2.1/../../../../arm-none-eabi/lib/thumb/v7-m/nofp\libg_nano.a(lib_a-init.o)
 .ARM.attributes
                0x00000000000003bf       0x2d c:/microchip/softconsole-v2021.1/arm-none-eabi-gcc/bin/../lib/gcc/arm-none-eabi/9.2.1/../../../../arm-none-eabi/lib/thumb/v7-m/nofp\libg_nano.a(lib_a-memcpy-stub.o)
 .ARM.attributes
                0x00000000000003ec       0x2d c:/microchip/softconsole-v2021.1/arm-none-eabi-gcc/bin/../lib/gcc/arm-none-eabi/9.2.1/../../../../arm-none-eabi/lib/thumb/v7-m/nofp\libg_nano.a(lib_a-memset.o)
 .ARM.attributes
                0x0000000000000419       0x2d c:/microchip/softconsole-v2021.1/arm-none-eabi-gcc/bin/../lib/gcc/arm-none-eabi/9.2.1/../../../../arm-none-eabi/lib/thumb/v7-m/nofp\libg_nano.a(lib_a-snprintf.o)
 .ARM.attributes
                0x0000000000000446       0x2d c:/microchip/softconsole-v2021.1/arm-none-eabi-gcc/bin/../lib/gcc/arm-none-eabi/9.2.1/../../../../arm-none-eabi/lib/thumb/v7-m/nofp\libg_nano.a(lib_a-strtol.o)
 .ARM.attributes
                0x0000000000000473       0x2d c:/microchip/softconsole-v2021.1/arm-none-eabi-gcc/bin/../lib/gcc/arm-none-eabi/9.2.1/../../../../arm-none-eabi/lib/thumb/v7-m/nofp\libg_nano.a(lib_a-ctype_.o)
 .ARM.attributes
                0x00000000000004a0       0x2d c:/microchip/softconsole-v2021.1/arm-none-eabi-gcc/bin/../lib/gcc/arm-none-eabi/9.2.1/../../../../arm-none-eabi/lib/thumb/v7-m/nofp\libg_nano.a(lib_a-nano-svfprintf.o)
 .ARM.attributes
                0x00000000000004cd       0x2d c:/microchip/softconsole-v2021.1/arm-none-eabi-gcc/bin/../lib/gcc/arm-none-eabi/9.2.1/../../../../arm-none-eabi/lib/thumb/v7-m/nofp\libg_nano.a(lib_a-nano-vfprintf_i.o)
 .ARM.attributes
                0x00000000000004fa       0x2d c:/microchip/softconsole-v2021.1/arm-none-eabi-gcc/bin/../lib/gcc/arm-none-eabi/9.2.1/../../../../arm-none-eabi/lib/thumb/v7-m/nofp\libg_nano.a(lib_a-memchr-stub.o)
 .ARM.attributes
                0x0000000000000527       0x2d c:/microchip/softconsole-v2021.1/arm-none-eabi-gcc/bin/../lib/gcc/arm-none-eabi/9.2.1/../../../../arm-none-eabi/lib/thumb/v7-m/nofp\libg_nano.a(lib_a-memmove.o)
 .ARM.attributes
                0x0000000000000554       0x2d c:/microchip/softconsole-v2021.1/arm-none-eabi-gcc/bin/../lib/gcc/arm-none-eabi/9.2.1/../../../../arm-none-eabi/lib/thumb/v7-m/nofp\libg_nano.a(lib_a-nano-freer.o)
 .ARM.attributes
                0x0000000000000581       0x2d c:/microchip/softconsole-v2021.1/arm-none-eabi-gcc/bin/../lib/gcc/arm-none-eabi/9.2.1/../../../../arm-none-eabi/lib/thumb/v7-m/nofp\libg_nano.a(lib_a-nano-mallocr.o)
 .ARM.attributes
                0x00000000000005ae       0x2d c:/microchip/softconsole-v2021.1/arm-none-eabi-gcc/bin/../lib/gcc/arm-none-eabi/9.2.1/../../../../arm-none-eabi/lib/thumb/v7-m/nofp\libg_nano.a(lib_a-nano-reallocr.o)
 .ARM.attributes
                0x00000000000005db       0x2d c:/microchip/softconsole-v2021.1/arm-none-eabi-gcc/bin/../lib/gcc/arm-none-eabi/9.2.1/../../../../arm-none-eabi/lib/thumb/v7-m/nofp\libg_nano.a(lib_a-sbrkr.o)
 .ARM.attributes
                0x0000000000000608       0x2d c:/microchip/softconsole-v2021.1/arm-none-eabi-gcc/bin/../lib/gcc/arm-none-eabi/9.2.1/../../../../arm-none-eabi/lib/thumb/v7-m/nofp\libg_nano.a(lib_a-mlock.o)
 .ARM.attributes
                0x0000000000000635       0x2d c:/microchip/softconsole-v2021.1/arm-none-eabi-gcc/bin/../lib/gcc/arm-none-eabi/9.2.1/../../../../arm-none-eabi/lib/thumb/v7-m/nofp\libg_nano.a(lib_a-nano-msizer.o)
 .ARM.attributes
                0x0000000000000662       0x2d c:/microchip/softconsole-v2021.1/arm-none-eabi-gcc/bin/../lib/gcc/arm-none-eabi/9.2.1/../../../../arm-none-eabi/lib/thumb/v7-m/nofp\libg_nano.a(lib_a-reent.o)
 .ARM.attributes
                0x000000000000068f       0x2d c:/microchip/softconsole-v2021.1/arm-none-eabi-gcc/bin/../lib/gcc/arm-none-eabi/9.2.1/../../../../arm-none-eabi/lib/thumb/v7-m/nofp\libg_nano.a(lib_a-lock.o)
 .ARM.attributes
                0x00000000000006bc       0x2d c:/microchip/softconsole-v2021.1/arm-none-eabi-gcc/bin/../lib/gcc/arm-none-eabi/9.2.1/thumb/v7-m/nofp/crtend.o
 .ARM.attributes
                0x00000000000006e9       0x1d c:/microchip/softconsole-v2021.1/arm-none-eabi-gcc/bin/../lib/gcc/arm-none-eabi/9.2.1/thumb/v7-m/nofp/crtn.o

/DISCARD/
 *(.note.GNU-stack)
OUTPUT(demo_MSS_CM3_app.elf elf32-littlearm)

.debug_ranges   0x0000000000000000      0xaf0
 .debug_ranges  0x0000000000000000      0x290 ./drivers/mss_uart/mss_uart.o
 .debug_ranges  0x0000000000000290      0x158 ./drivers/mss_sys_services/mss_comblk.o
 .debug_ranges  0x00000000000003e8      0x1d8 ./drivers/mss_sys_services/mss_sys_services.o
 .debug_ranges  0x00000000000005c0      0x330 ./drivers/mss_i2c/mss_i2c.o
 .debug_ranges  0x00000000000008f0       0xa0 ./drivers/mss_hpdma/mss_hpdma.o
 .debug_ranges  0x0000000000000990       0x98 ./CMSIS/startup_gcc/newlib_stubs.o
 .debug_ranges  0x0000000000000a28       0x50 ./CMSIS/system_m2sxxx.o
 .debug_ranges  0x0000000000000a78       0x78 ./main.o

.comment        0x0000000000000000       0x66
 .comment       0x0000000000000000       0x66 ./drivers/mss_uart/mss_uart.o
                                         0x67 (size before relaxing)
 .comment       0x0000000000000066       0x67 ./drivers/mss_sys_services/mss_comblk.o
 .comment       0x0000000000000066       0x67 ./drivers/mss_sys_services/mss_sys_services.o
 .comment       0x0000000000000066       0x67 ./drivers/mss_i2c/mss_i2c.o
 .comment       0x0000000000000066       0x67 ./drivers/mss_hpdma/mss_hpdma.o
 .comment       0x0000000000000066       0x67 ./CMSIS/startup_gcc/newlib_stubs.o
 .comment       0x0000000000000066       0x67 ./CMSIS/system_m2sxxx.o
 .comment       0x0000000000000066       0x67 ./main.o
